Component: ARM Compiler 5.06 update 6 (build 750) Tool: armlink [4d35ed]

==============================================================================

Section Cross References

    main.o(i.main) refers to misc.o(i.NVIC_PriorityGroupConfig) for NVIC_PriorityGroupConfig
    main.o(i.main) refers to stm32f10x_rcc.o(i.RCC_APB2PeriphClockCmd) for RCC_APB2PeriphClockCmd
    main.o(i.main) refers to stm32f10x_gpio.o(i.GPIO_PinRemapConfig) for GPIO_PinRemapConfig
    main.o(i.main) refers to delay.o(i.delay_init) for delay_init
    main.o(i.main) refers to queue.o(i.queue_Init) for queue_Init
    main.o(i.main) refers to tm_que.o(i.TM_que_AllRegistInit) for TM_que_AllRegistInit
    main.o(i.main) refers to key.o(i.Key_defaults) for Key_defaults
    main.o(i.main) refers to cm_backtrace.o(i.cm_backtrace_init) for cm_backtrace_init
    main.o(i.main) refers to usart.o(i.Usart_Init) for Usart_Init
    main.o(i.main) refers to tm_stm32_gpio.o(i.TM_GPIO_Init) for TM_GPIO_Init
    main.o(i.main) refers to myhid_driver.o(i.USB_HID_Init) for USB_HID_Init
    main.o(i.main) refers to spi_dri.o(i.fm25CL64_gpio_Init) for fm25CL64_gpio_Init
    main.o(i.main) refers to spi_dri.o(i.FM25CL64B_Text) for FM25CL64B_Text
    main.o(i.main) refers to usart.o(i.Usart_SendString) for Usart_SendString
    main.o(i.main) refers to hid_data.o(i.checkFirstFlag) for checkFirstFlag
    main.o(i.main) refers to notecat.o(i.StartOpenGSM_Init) for StartOpenGSM_Init
    main.o(i.main) refers to stm32f10x_rcc.o(i.RCC_GetClocksFreq) for RCC_GetClocksFreq
    main.o(i.main) refers to timer.o(i.Timer2_Init) for Timer2_Init
    main.o(i.main) refers to multi_timer.o(i.tm_timer_init) for tm_timer_init
    main.o(i.main) refers to multi_timer.o(i.tm_timer_start) for tm_timer_start
    main.o(i.main) refers to ch375_app.o(i.CH375_APP) for CH375_APP
    main.o(i.main) refers to main.o(.bss) for .bss
    main.o(.data) refers to main.o(.conststring) for .conststring
    main.o(.data) refers to main.o(.conststring) for .conststring
    system_stm32f10x.o(i.SystemCoreClockUpdate) refers to system_stm32f10x.o(.data) for .data
    system_stm32f10x.o(i.SystemInit) refers to system_stm32f10x.o(i.SetSysClockTo72) for SetSysClockTo72
    startup_stm32f10x_md.o(RESET) refers to startup_stm32f10x_md.o(STACK) for __initial_sp
    startup_stm32f10x_md.o(RESET) refers to startup_stm32f10x_md.o(.text) for Reset_Handler
    startup_stm32f10x_md.o(RESET) refers to stm32f10x_it.o(i.NMI_Handler) for NMI_Handler
    startup_stm32f10x_md.o(RESET) refers to cmb_fault.o(.text) for HardFault_Handler
    startup_stm32f10x_md.o(RESET) refers to stm32f10x_it.o(i.MemManage_Handler) for MemManage_Handler
    startup_stm32f10x_md.o(RESET) refers to stm32f10x_it.o(i.BusFault_Handler) for BusFault_Handler
    startup_stm32f10x_md.o(RESET) refers to stm32f10x_it.o(i.UsageFault_Handler) for UsageFault_Handler
    startup_stm32f10x_md.o(RESET) refers to stm32f10x_it.o(i.SVC_Handler) for SVC_Handler
    startup_stm32f10x_md.o(RESET) refers to stm32f10x_it.o(i.DebugMon_Handler) for DebugMon_Handler
    startup_stm32f10x_md.o(RESET) refers to stm32f10x_it.o(i.PendSV_Handler) for PendSV_Handler
    startup_stm32f10x_md.o(RESET) refers to stm32f10x_it.o(i.SysTick_Handler) for SysTick_Handler
    startup_stm32f10x_md.o(RESET) refers to stm32_it.o(i.DMA1_Channel1_IRQHandler) for DMA1_Channel1_IRQHandler
    startup_stm32f10x_md.o(RESET) refers to tm_dev_spi.o(i.DMA1_Channel2_IRQHandler) for DMA1_Channel2_IRQHandler
    startup_stm32f10x_md.o(RESET) refers to tm_dev_spi.o(i.DMA1_Channel3_IRQHandler) for DMA1_Channel3_IRQHandler
    startup_stm32f10x_md.o(RESET) refers to tm_dev_spi.o(i.DMA1_Channel4_IRQHandler) for DMA1_Channel4_IRQHandler
    startup_stm32f10x_md.o(RESET) refers to tm_dev_spi.o(i.DMA1_Channel5_IRQHandler) for DMA1_Channel5_IRQHandler
    startup_stm32f10x_md.o(RESET) refers to stm32_it.o(i.USB_LP_CAN1_RX0_IRQHandler) for USB_LP_CAN1_RX0_IRQHandler
    startup_stm32f10x_md.o(RESET) refers to stm32_it.o(i.EXTI9_5_IRQHandler) for EXTI9_5_IRQHandler
    startup_stm32f10x_md.o(RESET) refers to timer.o(i.TIM2_IRQHandler) for TIM2_IRQHandler
    startup_stm32f10x_md.o(RESET) refers to timer.o(i.TIM3_IRQHandler) for TIM3_IRQHandler
    startup_stm32f10x_md.o(RESET) refers to usart.o(i.USART1_IRQHandler) for USART1_IRQHandler
    startup_stm32f10x_md.o(RESET) refers to printer.o(i.USART2_IRQHandler) for USART2_IRQHandler
    startup_stm32f10x_md.o(RESET) refers to notecat.o(i.USART3_IRQHandler) for USART3_IRQHandler
    startup_stm32f10x_md.o(RESET) refers to stm32_it.o(i.USBWakeUp_IRQHandler) for USBWakeUp_IRQHandler
    startup_stm32f10x_md.o(.text) refers to system_stm32f10x.o(i.SystemInit) for SystemInit
    startup_stm32f10x_md.o(.text) refers to entry.o(.ARM.Collect$$$$00000000) for __main
    stm32f10x_gpio.o(i.GPIO_AFIODeInit) refers to stm32f10x_rcc.o(i.RCC_APB2PeriphResetCmd) for RCC_APB2PeriphResetCmd
[...]
    CH375StartTrans                          0x0800142b   Thumb Code    44  host_sys.o(i.CH375StartTrans)
    CH375WaitInterrupt                       0x08001459   Thumb Code    30  host_sys.o(i.CH375WaitInterrupt)
    CH375WriteBlock                          0x0800147d   Thumb Code    32  host_sys.o(i.CH375WriteBlock)
    CH375_APP                                0x0800149d   Thumb Code  3074  ch375_app.o(i.CH375_APP)
    CH375_PORT_INIT                          0x08002149   Thumb Code   134  para.o(i.CH375_PORT_INIT)
    CTR_LP                                   0x080021e1   Thumb Code   314  usb_int.o(i.CTR_LP)
    CalculateTheDifference                   0x08002339   Thumb Code    40  ch375_app.o(i.CalculateTheDifference)
    CalculateTheMagnificationScore           0x08002361   Thumb Code   120  ch375_app.o(i.CalculateTheMagnificationScore)
    Calculate_EatBig_LoseSmall               0x080023dd   Thumb Code   312  ch375_app.o(i.Calculate_EatBig_LoseSmall)
    Calculate_ZeroCnt                        0x08002531   Thumb Code    30  ch375_app.o(i.Calculate_ZeroCnt)
    CheckAllowChangeResult                   0x0800254f   Thumb Code    30  ch375_app.o(i.CheckAllowChangeResult)
    ClearDTOG_RX                             0x08002759   Thumb Code    36  usb_regs.o(i.ClearDTOG_RX)
    ClearDTOG_TX                             0x08002781   Thumb Code    36  usb_regs.o(i.ClearDTOG_TX)
    Clear_Status_Out                         0x080027a9   Thumb Code    28  usb_regs.o(i.Clear_Status_Out)
    ComputeCRC16                             0x080027c9   Thumb Code    56  hid_data.o(i.ComputeCRC16)
    CustomHID_Data_Setup                     0x08002801   Thumb Code    96  usb_prop.o(i.CustomHID_Data_Setup)
    CustomHID_GetConfigDescriptor            0x08002879   Thumb Code     6  usb_prop.o(i.CustomHID_GetConfigDescriptor)
    CustomHID_GetDeviceDescriptor            0x08002885   Thumb Code     6  usb_prop.o(i.CustomHID_GetDeviceDescriptor)
    CustomHID_GetHIDDescriptor               0x08002891   Thumb Code     6  usb_prop.o(i.CustomHID_GetHIDDescriptor)
    CustomHID_GetProtocolValue               0x0800289d   Thumb Code    18  usb_prop.o(i.CustomHID_GetProtocolValue)
    CustomHID_GetReportDescriptor            0x080028b9   Thumb Code     6  usb_prop.o(i.CustomHID_GetReportDescriptor)
    CustomHID_GetStringDescriptor            0x080028c5   Thumb Code    24  usb_prop.o(i.CustomHID_GetStringDescriptor)
    CustomHID_Get_Interface_Setting          0x080028e5   Thumb Code    10  usb_prop.o(i.CustomHID_Get_Interface_Setting)
    CustomHID_NoData_Setup                   0x080028f1   Thumb Code    26  usb_prop.o(i.CustomHID_NoData_Setup)
    CustomHID_Reset                          0x08002911   Thumb Code   160  usb_prop.o(i.CustomHID_Reset)
    CustomHID_SetConfiguration               0x080029c1   Thumb Code    26  usb_prop.o(i.CustomHID_SetConfiguration)
    CustomHID_SetDeviceAddress               0x080029e9   Thumb Code     8  usb_prop.o(i.CustomHID_SetDeviceAddress)
    CustomHID_SetProtocol                    0x080029f5   Thumb Code    14  usb_prop.o(i.CustomHID_SetProtocol)
    CustomHID_SetReport_Feature              0x08002a0d   Thumb Code    18  usb_prop.o(i.CustomHID_SetReport_Feature)
    CustomHID_Status_In                      0x08002a29   Thumb Code     2  usb_prop.o(i.CustomHID_Status_In)
    CustomHID_Status_Out                     0x08002a2b   Thumb Code     2  usb_prop.o(i.CustomHID_Status_Out)
    CustomHID_init                           0x08002a2d   Thumb Code    30  usb_prop.o(i.CustomHID_init)
    DMA1_Channel1_IRQHandler                 0x08002a55   Thumb Code     2  stm32_it.o(i.DMA1_Channel1_IRQHandler)
    DMA1_Channel2_IRQHandler                 0x08002a59   Thumb Code    32  tm_dev_spi.o(i.DMA1_Channel2_IRQHandler)
    DMA1_Channel3_IRQHandler                 0x08002a7d   Thumb Code    36  tm_dev_spi.o(i.DMA1_Channel3_IRQHandler)
    DMA1_Channel4_IRQHandler                 0x08002aa5   Thumb Code    36  tm_dev_spi.o(i.DMA1_Channel4_IRQHandler)
    DMA1_Channel5_IRQHandler                 0x08002acd   Thumb Code    36  tm_dev_spi.o(i.DMA1_Channel5_IRQHandler)
    DMA_ClearITPendingBit                    0x08002af5   Thumb Code    16  stm32f10x_dma.o(i.DMA_ClearITPendingBit)
    DMA_Cmd                                  0x08002b0d   Thumb Code    22  stm32f10x_dma.o(i.DMA_Cmd)
    DMA_GetITStatus                          0x08002b25   Thumb Code    24  stm32f10x_dma.o(i.DMA_GetITStatus)
    DealWithResultOrder_A3                   0x08002e39   Thumb Code   332  ch375_app.o(i.DealWithResultOrder_A3)
    DealWithRoadOrderResult_A0               0x08002fc5   Thumb Code   404  ch375_app.o(i.DealWithRoadOrderResult_A0)
    DealWithStakeOrder_11                    0x0800319d   Thumb Code   168  ch375_app.o(i.DealWithStakeOrder_11)
    DealWithStakeOrder_19                    0x0800324d   Thumb Code   206  ch375_app.o(i.DealWithStakeOrder_19)
    DealWithStartOrder_A2                    0x08003341   Thumb Code    78  ch375_app.o(i.DealWithStartOrder_A2)
    DebugMon_Handler                         0x0800339d   Thumb Code     2  stm32f10x_it.o(i.DebugMon_Handler)
    DockingNoteCat_Control                   0x080033a1   Thumb Code    98  hid_data.o(i.DockingNoteCat_Control)
    EP1_IN_Callback                          0x08003411   Thumb Code     8  usb_endp.o(i.EP1_IN_Callback)
    EP1_OUT_Callback                         0x0800341d   Thumb Code    74  myhid_driver.o(i.EP1_OUT_Callback)
    EXTI9_5_IRQHandler                       0x08003471   Thumb Code     2  stm32_it.o(i.EXTI9_5_IRQHandler)
    EXTI_ClearITPendingBit                   0x08003475   Thumb Code     6  stm32f10x_exti.o(i.EXTI_ClearITPendingBit)
    FM25CL64B_ReadByte                       0x08003481   Thumb Code    54  spi_dri.o(i.FM25CL64B_ReadByte)
    FM25CL64B_Text                           0x080034bd   Thumb Code    16  spi_dri.o(i.FM25CL64B_Text)
    FM25CL64B_WriteByte                      0x080034cd   Thumb Code    68  spi_dri.o(i.FM25CL64B_WriteByte)
    FM25CL64B_Write_Enable                   0x08003515   Thumb Code    30  spi_dri.o(i.FM25CL64B_Write_Enable)
    FM25ReadString                           0x08003539   Thumb Code    34  spi_dri.o(i.FM25ReadString)
    FM25WriteString                          0x0800355b   Thumb Code    34  spi_dri.o(i.FM25WriteString)
    GAM_SmsRecCms                            0x0800357d   Thumb Code   262  notecat.o(i.GAM_SmsRecCms)
    GPIO_Configuration                       0x08003809   Thumb Code    40  hw_config.o(i.GPIO_Configuration)
    GPIO_Init                                0x08003835   Thumb Code   156  stm32f10x_gpio.o(i.GPIO_Init)
    GPIO_PinRemapConfig                      0x080038d1   Thumb Code    82  stm32f10x_gpio.o(i.GPIO_PinRemapConfig)
    GPIO_ResetBits                           0x08003929   Thumb Code     4  stm32f10x_gpio.o(i.GPIO_ResetBits)
    GPIO_SetBits                             0x0800392d   Thumb Code     4  stm32f10x_gpio.o(i.GPIO_SetBits)
    GSM_BasicCommands                        0x08003931   Thumb Code    80  notecat.o(i.GSM_BasicCommands)
    GSM_CMRG                                 0x0800398d   Thumb Code    96  notecat.o(i.GSM_CMRG)
    GSM_ControlStateMachine                  0x08003a11   Thumb Code   524  notecat.o(i.GSM_ControlStateMachine)
    GSM_DeleteSMS                            0x08003c69   Thumb Code   112  notecat.o(i.GSM_DeleteSMS)
    GSM_SendCmd                              0x08003d19   Thumb Code    50  notecat.o(i.GSM_SendCmd)
    GSM_SendSMS_Pack                         0x08003d4d   Thumb Code   352  notecat.o(i.GSM_SendSMS_Pack)
    GSM_SmsOneDeal                           0x08003f4d   Thumb Code   390  notecat.o(i.GSM_SmsOneDeal)
    GSM_SmsOneDeal_2                         0x08004139   Thumb Code   398  notecat.o(i.GSM_SmsOneDeal_2)
    GenerateWillResults                      0x08004349   Thumb Code   138  ch375_app.o(i.GenerateWillResults)
    GetEPRxAddr                              0x08004405   Thumb Code    22  usb_regs.o(i.GetEPRxAddr)
    GetEPRxCount                             0x08004425   Thumb Code    24  usb_regs.o(i.GetEPRxCount)
    GetEPTxAddr                              0x08004445   Thumb Code    20  usb_regs.o(i.GetEPTxAddr)
    GetEPTxStatus                            0x08004461   Thumb Code    18  usb_regs.o(i.GetEPTxStatus)
    GetGSM_CSQ                               0x08004479   Thumb Code    92  notecat.o(i.GetGSM_CSQ)
    GetSmsContentPackStartAddr               0x08004505   Thumb Code    44  notecat.o(i.GetSmsContentPackStartAddr)
    Get_SerialNum                            0x08004539   Thumb Code    44  hw_config.o(i.Get_SerialNum)
    HID_GetPack                              0x0800456d   Thumb Code   232  hid_data.o(i.HID_GetPack)
    HID_Send_Report                          0x08004655   Thumb Code    80  myhid_driver.o(i.HID_Send_Report)
    HostHID_SendReport                       0x080046a9   Thumb Code   110  ch375_app.o(i.HostHID_SendReport)
    In0_Process                              0x08004741   Thumb Code    80  usb_core.o(i.In0_Process)
    Key_FilterScan                           0x080047d5   Thumb Code   380  key.o(i.Key_FilterScan)
    Key_defaults                             0x080049f5   Thumb Code    22  key.o(i.Key_defaults)
    Leave_LowPowerMode                       0x08004a11   Thumb Code    30  hw_config.o(i.Leave_LowPowerMode)
    MemManage_Handler                        0x08004a3d   Thumb Code     2  stm32f10x_it.o(i.MemManage_Handler)
    NMI_Handler                              0x08004a3f   Thumb Code     2  stm32f10x_it.o(i.NMI_Handler)
    NOP_Process                              0x08004a41   Thumb Code     2  usb_core.o(i.NOP_Process)
    NVIC_Init                                0x08004a45   Thumb Code    94  misc.o(i.NVIC_Init)
    NVIC_PriorityGroupConfig                 0x08004aa9   Thumb Code    10  misc.o(i.NVIC_PriorityGroupConfig)
    NoteCat_OutTimeTiming                    0x08004b91   Thumb Code    40  notecat.o(i.NoteCat_OutTimeTiming)
    NoteCat_ReadyUnRegistered                0x08004bbd   Thumb Code    18  notecat.o(i.NoteCat_ReadyUnRegistered)
    NoteCat_RecDatUser                       0x08004bd5   Thumb Code    52  notecat.o(i.NoteCat_RecDatUser)
    NoteCat_SendByte                         0x08004c0d   Thumb Code     8  notecat.o(i.NoteCat_SendByte)
    NoteCat_SendString                       0x08004c15   Thumb Code    26  notecat.o(i.NoteCat_SendString)
    NoteCat_strstr                           0x08004c2f   Thumb Code    66  notecat.o(i.NoteCat_strstr)
    Out0_Process                             0x08004c71   Thumb Code    62  usb_core.o(i.Out0_Process)
    PMAToUserBufferCopy                      0x08004cb9   Thumb Code    26  usb_mem.o(i.PMAToUserBufferCopy)
    PendSV_Handler                           0x08004cd9   Thumb Code     2  stm32f10x_it.o(i.PendSV_Handler)
    PinterSendByte                           0x08004cdb   Thumb Code     8  printer.o(i.PinterSendByte)
    PinterSendCmd                            0x08004ce3   Thumb Code    58  printer.o(i.PinterSendCmd)
    Post0_Process                            0x08004d1d   Thumb Code    52  usb_core.o(i.Post0_Process)
    PowerOn                                  0x08004d61   Thumb Code    36  usb_pwr.o(i.PowerOn)
    PrintStrOut                              0x08004d8d   Thumb Code   164  printer.o(i.PrintStrOut)
    PrintWordEncoding                        0x08004e35   Thumb Code    38  printer.o(i.PrintWordEncoding)
    Print_OutTimeTiming                      0x08004e61   Thumb Code    40  printer.o(i.Print_OutTimeTiming)
    Printer_RecDatUser                       0x08004e8d   Thumb Code    66  printer.o(i.Printer_RecDatUser)
    PrintfPlaySingle                         0x08004ed5   Thumb Code   878  printer.o(i.PrintfPlaySingle)
    Printf_AsciiToGb                         0x080053ad   Thumb Code    60  printer.o(i.Printf_AsciiToGb)
    Query375Interrupt                        0x080053ed   Thumb Code    16  para.o(i.Query375Interrupt)
    RCC_ADCCLKConfig                         0x08005401   Thumb Code    14  stm32f10x_rcc.o(i.RCC_ADCCLKConfig)
    RCC_APB1PeriphClockCmd                   0x08005415   Thumb Code    18  stm32f10x_rcc.o(i.RCC_APB1PeriphClockCmd)
    RCC_APB2PeriphClockCmd                   0x0800542d   Thumb Code    18  stm32f10x_rcc.o(i.RCC_APB2PeriphClockCmd)
    RCC_GetClocksFreq                        0x08005445   Thumb Code   132  stm32f10x_rcc.o(i.RCC_GetClocksFreq)
    RCC_USBCLKConfig                         0x080054d9   Thumb Code     8  stm32f10x_rcc.o(i.RCC_USBCLKConfig)
    ReadAdministratorPhone                   0x080054e5   Thumb Code    18  notecat.o(i.ReadAdministratorPhone)
    ReadBoutCout                             0x080054f7   Thumb Code     6  hid_data.o(i.ReadBoutCout)
    ReadBoutResult                           0x080054fd   Thumb Code    14  hid_data.o(i.ReadBoutResult)
    ReadInningNum                            0x0800550b   Thumb Code     6  hid_data.o(i.ReadInningNum)
    ReadPlaySingle                           0x08005511   Thumb Code     6  hid_data.o(i.ReadPlaySingle)
    ReadTotalPoints                          0x08005517   Thumb Code    40  hid_data.o(i.ReadTotalPoints)
    ReportPack_encrypt                       0x08005541   Thumb Code    98  ch375_app.o(i.ReportPack_encrypt)
    Resume                                   0x080055a9   Thumb Code   154  usb_pwr.o(i.Resume)
    Resume_Init                              0x0800564d   Thumb Code    26  usb_pwr.o(i.Resume_Init)
    SPI1_Init                                0x0800566d   Thumb Code   182  spi_dri.o(i.SPI1_Init)
    SPI_Cmd                                  0x0800572d   Thumb Code    20  stm32f10x_spi.o(i.SPI_Cmd)
    SPI_I2S_GetFlagStatus                    0x08005741   Thumb Code    14  stm32f10x_spi.o(i.SPI_I2S_GetFlagStatus)
    SPI_I2S_ReceiveData                      0x0800574f   Thumb Code     4  stm32f10x_spi.o(i.SPI_I2S_ReceiveData)
    SPI_I2S_SendData                         0x08005753   Thumb Code     4  stm32f10x_spi.o(i.SPI_I2S_SendData)
    SPI_Init                                 0x08005757   Thumb Code    56  stm32f10x_spi.o(i.SPI_Init)
    SPI_Send_Byte                            0x08005791   Thumb Code    48  spi_dri.o(i.SPI_Send_Byte)
    SVC_Handler                              0x080057c5   Thumb Code     2  stm32f10x_it.o(i.SVC_Handler)
    SaveAdministratorPhone                   0x080057c7   Thumb Code    28  notecat.o(i.SaveAdministratorPhone)
    SaveBoutCout                             0x080057e3   Thumb Code     8  hid_data.o(i.SaveBoutCout)
    SaveBoutResult                           0x080057eb   Thumb Code    12  hid_data.o(i.SaveBoutResult)
    SaveInningNum                            0x080057f7   Thumb Code     8  hid_data.o(i.SaveInningNum)
    SavePlaySingle                           0x080057ff   Thumb Code     8  hid_data.o(i.SavePlaySingle)
    SaveTotalPoints                          0x08005807   Thumb Code    36  hid_data.o(i.SaveTotalPoints)
    SetBTABLE                                0x0800582d   Thumb Code    10  usb_regs.o(i.SetBTABLE)
    SetDeviceAddress                         0x0800583d   Thumb Code    58  usb_core.o(i.SetDeviceAddress)
    SetEPRxAddr                              0x08005885   Thumb Code    24  usb_regs.o(i.SetEPRxAddr)
    SetEPRxCount                             0x080058a5   Thumb Code    54  usb_regs.o(i.SetEPRxCount)
    SetEPRxStatus                            0x080058e5   Thumb Code    44  usb_regs.o(i.SetEPRxStatus)
    SetEPRxValid                             0x08005915   Thumb Code    32  usb_regs.o(i.SetEPRxValid)
    SetEPTxAddr                              0x08005939   Thumb Code    22  usb_regs.o(i.SetEPTxAddr)
    SetEPTxCount                             0x08005959   Thumb Code    20  usb_regs.o(i.SetEPTxCount)
    SetEPTxStatus                            0x08005975   Thumb Code    44  usb_regs.o(i.SetEPTxStatus)
    SetEPTxValid                             0x080059a5   Thumb Code    32  usb_regs.o(i.SetEPTxValid)
    SetEPType                                0x080059c9   Thumb Code    24  usb_regs.o(i.SetEPType)
    Set_System                               0x08005a8d   Thumb Code    18  hw_config.o(i.Set_System)
    Set_USBClock                             0x08005a9f   Thumb Code    20  hw_config.o(i.Set_USBClock)
    Setup0_Process                           0x08005ab5   Thumb Code    92  usb_core.o(i.Setup0_Process)
    Standard_ClearFeature                    0x08005b1d   Thumb Code   232  usb_core.o(i.Standard_ClearFeature)
    Standard_GetConfiguration                0x08005c19   Thumb Code    30  usb_core.o(i.Standard_GetConfiguration)
    Standard_GetDescriptorData               0x08005c41   Thumb Code    24  usb_core.o(i.Standard_GetDescriptorData)
    Standard_GetInterface                    0x08005c5d   Thumb Code    30  usb_core.o(i.Standard_GetInterface)
    Standard_GetStatus                       0x08005c85   Thumb Code   130  usb_core.o(i.Standard_GetStatus)
    Standard_SetConfiguration                0x08005d19   Thumb Code    42  usb_core.o(i.Standard_SetConfiguration)
    Standard_SetDeviceFeature                0x08005d51   Thumb Code    26  usb_core.o(i.Standard_SetDeviceFeature)
    Standard_SetEndPointFeature              0x08005d75   Thumb Code   118  usb_core.o(i.Standard_SetEndPointFeature)
    Standard_SetInterface                    0x08005dfd   Thumb Code    60  usb_core.o(i.Standard_SetInterface)
    StartOpenGSM_Init                        0x08005e45   Thumb Code    14  notecat.o(i.StartOpenGSM_Init)
    StrToNumber                              0x08005e59   Thumb Code    82  notecat.o(i.StrToNumber)
    Suspend                                  0x08005ead   Thumb Code   172  usb_pwr.o(i.Suspend)
    SysTick_CLKSourceConfig                  0x08005f6d   Thumb Code    24  misc.o(i.SysTick_CLKSourceConfig)
    SysTick_Handler                          0x08005f85   Thumb Code     2  stm32f10x_it.o(i.SysTick_Handler)
    SystemInit                               0x08005f89   Thumb Code    64  system_stm32f10x.o(i.SystemInit)
    TIM2_IRQHandler                          0x08005fd9   Thumb Code    96  timer.o(i.TIM2_IRQHandler)
    TIM3_IRQHandler                          0x08006049   Thumb Code    30  timer.o(i.TIM3_IRQHandler)
    TIM_ClearITPendingBit                    0x0800606d   Thumb Code     6  stm32f10x_tim.o(i.TIM_ClearITPendingBit)
    TIM_Cmd                                  0x08006073   Thumb Code    20  stm32f10x_tim.o(i.TIM_Cmd)
    TIM_GetITStatus                          0x08006087   Thumb Code    24  stm32f10x_tim.o(i.TIM_GetITStatus)
    TIM_ITConfig                             0x0800609f   Thumb Code    16  stm32f10x_tim.o(i.TIM_ITConfig)
    TIM_TimeBaseInit                         0x080060b1   Thumb Code   114  stm32f10x_tim.o(i.TIM_TimeBaseInit)
    TM_GPIO_GetPortSource                    0x0800614d   Thumb Code    10  tm_stm32_gpio.o(i.TM_GPIO_GetPortSource)
    TM_GPIO_INT_EnableClock                  0x0800615d   Thumb Code    20  tm_stm32_gpio.o(i.TM_GPIO_INT_EnableClock)
    TM_GPIO_INT_Init                         0x08006175   Thumb Code    78  tm_stm32_gpio.o(i.TM_GPIO_INT_Init)
    TM_GPIO_Init                             0x080061c9   Thumb Code    30  tm_stm32_gpio.o(i.TM_GPIO_Init)
    TM_que_AllRegistInit                     0x080061e9   Thumb Code    52  tm_que.o(i.TM_que_AllRegistInit)
    TM_que_Read                              0x08006229   Thumb Code    72  tm_que.o(i.TM_que_Read)
    TM_que_Regist                            0x08006271   Thumb Code    20  tm_que.o(i.TM_que_Regist)
    TM_que_Write                             0x08006285   Thumb Code   156  tm_que.o(i.TM_que_Write)
    TM_que_size                              0x08006321   Thumb Code    36  tm_que.o(i.TM_que_size)
    Timer2_Init                              0x08006345   Thumb Code    94  timer.o(i.Timer2_Init)
    TotalScoreAfterGettingTheDifference      0x080063a3   Thumb Code    16  ch375_app.o(i.TotalScoreAfterGettingTheDifference)
    USART1_IRQHandler                        0x080063b5   Thumb Code    24  usart.o(i.USART1_IRQHandler)
    USART2_IRQHandler                        0x080063d5   Thumb Code    86  printer.o(i.USART2_IRQHandler)
    USART3_IRQHandler                        0x08006439   Thumb Code   100  notecat.o(i.USART3_IRQHandler)
    USART_ClearFlag                          0x080064a5   Thumb Code     6  stm32f10x_usart.o(i.USART_ClearFlag)
    USART_Cmd                                0x080064ab   Thumb Code    20  stm32f10x_usart.o(i.USART_Cmd)
    USART_GetFlagStatus                      0x080064bf   Thumb Code    14  stm32f10x_usart.o(i.USART_GetFlagStatus)
    USART_ITConfig                           0x080064cd   Thumb Code    48  stm32f10x_usart.o(i.USART_ITConfig)
    USART_Init                               0x080064fd   Thumb Code   166  stm32f10x_usart.o(i.USART_Init)
    USART_SendData                           0x080065a9   Thumb Code     8  stm32f10x_usart.o(i.USART_SendData)
    USBH_ParseDevDesc                        0x080065b1   Thumb Code   160  ch375_app.o(i.USBH_ParseDevDesc)
    USBWakeUp_IRQHandler                     0x080066b5   Thumb Code     8  stm32_it.o(i.USBWakeUp_IRQHandler)
    USB_Cable_Config                         0x080066bd   Thumb Code    16  hw_config.o(i.USB_Cable_Config)
    USB_HID_Init                             0x080066d1   Thumb Code    26  myhid_driver.o(i.USB_HID_Init)
    USB_Init                                 0x080066ed   Thumb Code    22  usb_init.o(i.USB_Init)
    USB_Interrupts_Config                    0x08006715   Thumb Code    52  hw_config.o(i.USB_Interrupts_Config)
    USB_Istr                                 0x08006749   Thumb Code   302  usb_istr.o(i.USB_Istr)
    USB_LP_CAN1_RX0_IRQHandler               0x08006891   Thumb Code     4  stm32_it.o(i.USB_LP_CAN1_RX0_IRQHandler)
    USB_SIL_Init                             0x08006895   Thumb Code    24  usb_sil.o(i.USB_SIL_Init)
    UsageFault_Handler                       0x080068b5   Thumb Code     2  stm32f10x_it.o(i.UsageFault_Handler)
    Usart_Init                               0x080068b9   Thumb Code   270  usart.o(i.Usart_Init)
    Usart_SendByte                           0x080069d1   Thumb Code    40  usart.o(i.Usart_SendByte)
    Usart_SendString                         0x080069fd   Thumb Code    36  usart.o(i.Usart_SendString)
    UserToPMABufferCopy                      0x08006a25   Thumb Code    36  usb_mem.o(i.UserToPMABufferCopy)
    __0sprintf                               0x08006a4d   Thumb Code    34  printfa.o(i.__0sprintf)
    __1sprintf                               0x08006a4d   Thumb Code     0  printfa.o(i.__0sprintf)
    __2sprintf                               0x08006a4d   Thumb Code     0  printfa.o(i.__0sprintf)
    __c89sprintf                             0x08006a4d   Thumb Code     0  printfa.o(i.__0sprintf)
    sprintf                                  0x08006a4d   Thumb Code     0  printfa.o(i.__0sprintf)
    __0vsnprintf                             0x08006a75   Thumb Code    40  printfa.o(i.__0vsnprintf)
    __1vsnprintf                             0x08006a75   Thumb Code     0  printfa.o(i.__0vsnprintf)
    __2vsnprintf                             0x08006a75   Thumb Code     0  printfa.o(i.__0vsnprintf)
    __c89vsnprintf                           0x08006a75   Thumb Code     0  printfa.o(i.__0vsnprintf)
    vsnprintf                                0x08006a75   Thumb Code     0  printfa.o(i.__0vsnprintf)
    __scatterload_copy                       0x08006aa1   Thumb Code    14  handlers.o(i.__scatterload_copy)
    __scatterload_null                       0x08006aaf   Thumb Code     2  handlers.o(i.__scatterload_null)
    __scatterload_zeroinit                   0x08006ab1   Thumb Code    14  handlers.o(i.__scatterload_zeroinit)
    arrayCompositeData                       0x08007393   Thumb Code    88  ch375_app.o(i.arrayCompositeData)
    bigendDataFormDecomposition              0x080073eb   Thumb Code    28  ch375_app.o(i.bigendDataFormDecomposition)
    bigendianSyntheticData                   0x08007407   Thumb Code    32  ch375_app.o(i.bigendianSyntheticData)
    checkFirstFlag                           0x08007429   Thumb Code   162  hid_data.o(i.checkFirstFlag)
    checkGSM_Connect                         0x08007515   Thumb Code     8  notecat.o(i.checkGSM_Connect)
    clearResult_100bout                      0x08007529   Thumb Code    24  hid_data.o(i.clearResult_100bout)
    cm_backtrace_call_stack                  0x08007541   Thumb Code   188  cm_backtrace.o(i.cm_backtrace_call_stack)
    cm_backtrace_fault                       0x08007605   Thumb Code   390  cm_backtrace.o(i.cm_backtrace_fault)
    cm_backtrace_firmware_info               0x0800785d   Thumb Code    30  cm_backtrace.o(i.cm_backtrace_firmware_info)
    cm_backtrace_init                        0x08007889   Thumb Code    90  cm_backtrace.o(i.cm_backtrace_init)
    commandDataReCRC                         0x08007905   Thumb Code    26  ch375_app.o(i.commandDataReCRC)
    controlTheForwardingProcess              0x08007999   Thumb Code   166  ch375_app.o(i.controlTheForwardingProcess)
    dataSynthesisArray                       0x08007a49   Thumb Code    98  ch375_app.o(i.dataSynthesisArray)
    delay_init                               0x08007aad   Thumb Code    46  delay.o(i.delay_init)
    delay_ms                                 0x08007ae9   Thumb Code    20  delay.o(i.delay_ms)
    delay_ms1                                0x08007afd   Thumb Code    46  delay.o(i.delay_ms1)
    delay_us                                 0x08007b31   Thumb Code    46  delay.o(i.delay_us)
    des                                      0x08007b65   Thumb Code   308  des.o(i.des)
    fm25CL64_gpio_Init                       0x08007f9d   Thumb Code     4  spi_dri.o(i.fm25CL64_gpio_Init)
    free                                     0x08007fa1   Thumb Code    76  malloc.o(i.free)
    mInitCH375Host                           0x08007ff1   Thumb Code    80  para.o(i.mInitCH375Host)
    main                                     0x08008055   Thumb Code   292  main.o(i.main)
    malloc                                   0x080081d5   Thumb Code    92  malloc.o(i.malloc)
    que_Read                                 0x0800832d   Thumb Code    50  queue.o(i.que_Read)
    que_Regist                               0x0800835f   Thumb Code    24  queue.o(i.que_Regist)
    que_Write                                0x08008377   Thumb Code    96  queue.o(i.que_Write)
    que_size                                 0x080083d7   Thumb Code    34  queue.o(i.que_size)
    queue_Init                               0x080083f9   Thumb Code    72  queue.o(i.queue_Init)
    sort_u32                                 0x080084b9   Thumb Code    56  tm_string.o(i.sort_u32)
    sprint                                   0x080084f1   Thumb Code    48  debug.o(i.sprint)
    tm_Timer_MultiScan                       0x08008521   Thumb Code    50  multi_timer.o(i.tm_Timer_MultiScan)
    tm_strstr                                0x08008559   Thumb Code    66  tm_string.o(i.tm_strstr)
    tm_timer_CheckFlag                       0x0800859b   Thumb Code    14  multi_timer.o(i.tm_timer_CheckFlag)
    tm_timer_ClearFlag                       0x080085a9   Thumb Code     6  multi_timer.o(i.tm_timer_ClearFlag)
    tm_timer_init                            0x080085b1   Thumb Code    16  multi_timer.o(i.tm_timer_init)
    tm_timer_start                           0x080085c5   Thumb Code    50  multi_timer.o(i.tm_timer_start)
    tm_timer_stop                            0x080085fd   Thumb Code    26  multi_timer.o(i.tm_timer_stop)
    xReadCH375Data                           0x08008665   Thumb Code    86  para.o(i.xReadCH375Data)
    xWriteCH375Cmd                           0x080086c5   Thumb Code    60  para.o(i.xWriteCH375Cmd)
    xWriteCH375Data                          0x08008709   Thumb Code    68  para.o(i.xWriteCH375Data)
    enumA                                    0x08008834   Data           2  usart.o(.constdata)
    COMn_IRQn                                0x08008836   Data           6  usart.o(.constdata)
    COMn_TX_PIN                              0x0800883c   Data           6  usart.o(.constdata)
    COMn_RX_PIN                              0x08008842   Data           6  usart.o(.constdata)
    COMn_USART_CLK                           0x08008848   Data          12  usart.o(.constdata)
    COMn_TX_PORT_CLK                         0x08008854   Data          12  usart.o(.constdata)
    COMn_RX_PORT_CLK                         0x08008860   Data          12  usart.o(.constdata)
    bit_msk                                  0x0800886c   Data           8  des.o(.constdata)
    initial_tr                               0x08008874   Data          64  des.o(.constdata)
    final_tr                                 0x080088b4   Data          64  des.o(.constdata)
    key_tr1                                  0x080088f4   Data          56  des.o(.constdata)
    key_tr2                                  0x0800892c   Data          64  des.o(.constdata)
    etr                                      0x0800896c   Data          64  des.o(.constdata)
    ptr                                      0x080089ac   Data          32  des.o(.constdata)
    s                                        0x080089cc   Data         512  des.o(.constdata)
    rots                                     0x08008bcc   Data          16  des.o(.constdata)
    AsciiToGB                                0x08008bdc   Data           3  printer.o(.constdata)
    FontList                                 0x08008be0   Data          10  printer.o(.constdata)
    CustomHID_DeviceDescriptor               0x08008bea   Data          18  usb_desc.o(.constdata)
    CustomHID_ConfigDescriptor               0x08008bfc   Data          41  usb_desc.o(.constdata)
    CustomHID_ReportDescriptor               0x08008c25   Data          33  usb_desc.o(.constdata)
    CustomHID_StringLangID                   0x08008c46   Data           4  usb_desc.o(.constdata)
    CustomHID_StringVendor                   0x08008c4a   Data          38  usb_desc.o(.constdata)
    CustomHID_StringProduct                  0x08008c70   Data          32  usb_desc.o(.constdata)
    PlayerNull                               0x08008c90   Data          20  ch375_app.o(.constdata)
    CmdPackStart                             0x08008ca4   Data          40  ch375_app.o(.constdata)
    __ctype_categories                       0x08008ccc   Data          64  ctype_c.o(.constdata)
    Region$$Table$$Base                      0x08009390   Number         0  anon$$obj.o(Region$$Table)
    Image$$ER_IROM1$$Limit                   0x080093b0   Number         0  anon$$obj.o ABSOLUTE
    Region$$Table$$Limit                     0x080093b0   Number         0  anon$$obj.o(Region$$Table)
    PrevXferComplete                         0x20000000   Data           1  main.o(.data)
    ms_flag                                  0x20000001   Data           1  main.o(.data)
    delay_msA                                0x20000002   Data           2  main.o(.data)
    SystemCoreClock                          0x20000004   Data           4  system_stm32f10x.o(.data)
    AHBPrescTable                            0x20000008   Data          16  system_stm32f10x.o(.data)
    srandCnt                                 0x2000004c   Data           2  timer.o(.data)
    COMn_USART                               0x20000058   Data          12  usart.o(.data)
    COMn_TX_PORT                             0x20000064   Data          12  usart.o(.data)
    COMn_RX_PORT                             0x20000070   Data          12  usart.o(.data)
    main_key                                 0x2000007c   Data           8  des.o(.data)
    GSM_Port                                 0x20000089   Data           1  notecat.o(.data)
    AdministratorPhone                       0x20000090   Data           8  notecat.o(.data)
    SendSms                                  0x20000098   Data           8  notecat.o(.data)
    CmdStr                                   0x200000a0   Data          44  notecat.o(.data)
    WillResult                               0x200000cc   Data           1  key.o(.data)
    PrintPort                                0x200000d3   Data           1  printer.o(.data)
    Data_Mul_MaxPacketSize                   0x200000d6   Data           1  usb_core.o(.data)
    StatusInfo                               0x200000d8   Data           2  usb_core.o(.data)
    EPindex                                  0x200000da   Data           1  usb_init.o(.data)
    pInformation                             0x200000dc   Data           4  usb_init.o(.data)
    pProperty                                0x200000e0   Data           4  usb_init.o(.data)
    pUser_Standard_Requests                  0x200000e4   Data           4  usb_init.o(.data)
    wInterrupt_Mask                          0x200000e8   Data           2  usb_init.o(.data)
    SaveRState                               0x200000ea   Data           2  usb_int.o(.data)
    SaveTState                               0x200000ec   Data           2  usb_int.o(.data)
    CustomHID_StringSerial                   0x200000ee   Data          26  usb_desc.o(.data)
    bIntPackSOF                              0x20000108   Data           1  usb_istr.o(.data)
    wIstr                                    0x2000010a   Data           2  usb_istr.o(.data)
    esof_counter                             0x2000010c   Data           4  usb_istr.o(.data)
    wCNTR                                    0x20000110   Data           4  usb_istr.o(.data)
    pEpInt_IN                                0x20000114   Data          28  usb_istr.o(.data)
    pEpInt_OUT                               0x20000130   Data          28  usb_istr.o(.data)
    Request                                  0x2000014c   Data           1  usb_prop.o(.data)
    ProtocolValue                            0x20000150   Data           4  usb_prop.o(.data)
    Device_Descriptor                        0x20000154   Data           8  usb_prop.o(.data)
    Config_Descriptor                        0x2000015c   Data           8  usb_prop.o(.data)
    CustomHID_Report_Descriptor              0x20000164   Data           8  usb_prop.o(.data)
    CustomHID_Hid_Descriptor                 0x2000016c   Data           8  usb_prop.o(.data)
    Device_Property                          0x20000174   Data          48  usb_prop.o(.data)
    String_Descriptor                        0x200001a4   Data          32  usb_prop.o(.data)
    Device_Table                             0x200001c4   Data           2  usb_prop.o(.data)
    User_Standard_Requests                   0x200001c8   Data          36  usb_prop.o(.data)
    bDeviceState                             0x200001ec   Data           4  usb_pwr.o(.data)
    fSuspendEnabled                          0x200001f0   Data           1  usb_pwr.o(.data)
    ResumeSeState                            0x200001f4   Data           1  usb_pwr.o(.data)
    ResumeS                                  0x200001f6   Data           2  usb_pwr.o(.data)
    remotewakeupon                           0x200001f8   Data           4  usb_pwr.o(.data)
    GetPackPort                              0x200001fc   Data           1  ch375_app.o(.data)
    WillResultFlag                           0x200001fd   Data           1  ch375_app.o(.data)
    CalculationResultFlag                    0x200001fe   Data           1  ch375_app.o(.data)
    ResultFlag                               0x200001ff   Data           1  ch375_app.o(.data)
    changeCommandFlag                        0x20000200   Data           1  ch375_app.o(.data)
    PrintfFlag                               0x20000201   Data           1  ch375_app.o(.data)
    TempBuffLen                              0x20000204   Data           1  ch375_app.o(.data)
    CmdBuffLen                               0x20000205   Data           1  ch375_app.o(.data)
    StartMsg                                 0x20000206   Data           2  ch375_app.o(.data)
    ResultMsg                                0x20000208   Data           2  ch375_app.o(.data)
    GetPackMsg_A0                            0x2000020a   Data           5  ch375_app.o(.data)
    GetPackMsg_11                            0x2000020f   Data           5  ch375_app.o(.data)
    GetPackMsg_19                            0x20000214   Data           5  ch375_app.o(.data)
    GetPackMsg_A2                            0x20000219   Data           5  ch375_app.o(.data)
    GetPackMsg_A3                            0x2000021e   Data           5  ch375_app.o(.data)
    GetPackMsg_state                         0x20000223   Data           5  ch375_app.o(.data)
    desPassWord                              0x20000228   Data           8  ch375_app.o(.data)
    CmdPack_A0                               0x20000230   Data           8  ch375_app.o(.data)
    pPackMsg                                 0x20000238   Data          20  ch375_app.o(.data)
    ResultStrGB                              0x2000024c   Data          20  ch375_app.o(.data)
    __microlib_freelist                      0x20000264   Data           4  mvars.o(.data)
    __microlib_freelist_initialised          0x20000268   Data           4  mvars.o(.data)
    debug_ms                                 0x2000026c   Data          16  main.o(.bss)
    HID_RxQue                                0x200018d0   Data          16  tm_que.o(.bss)
    HID_TxQue                                0x200018e0   Data          16  tm_que.o(.bss)
    TMQue_WayBill                            0x200018f0   Data          16  tm_que.o(.bss)
    Rx1_que                                  0x20002198   Data          12  queue.o(.bss)
    Rx2_que                                  0x200021a4   Data          12  queue.o(.bss)
    Rx3_que                                  0x200021b0   Data          12  queue.o(.bss)
    Tx1_que                                  0x200021bc   Data          12  queue.o(.bss)
    HID_Tque                                 0x200021c8   Data          12  queue.o(.bss)
    sub_keys                                 0x200021d4   Data         128  des.o(.bss)
    SmsSendPack                              0x20002258   Data         300  notecat.o(.bss)
    SmsMsg                                   0x20002388   Data          24  notecat.o(.bss)
    NoteCat                                  0x200023a0   Data          20  notecat.o(.bss)
    GSM_Buf                                  0x200023b4   Data         200  notecat.o(.bss)
    PrintBuf                                 0x2000248c   Data          64  printer.o(.bss)
    Printfer                                 0x200024cc   Data          20  printer.o(.bss)
    Print_ms                                 0x200024e0   Data          16  printer.o(.bss)
    CheckKey_ms                              0x200024f0   Data          16  printer.o(.bss)
    Device_Info                              0x20002500   Data          28  usb_init.o(.bss)
    Receive_Buffer                           0x2000251c   Data          64  myhid_driver.o(.bss)
    Report_Buf                               0x2000255c   Data          64  usb_prop.o(.bss)
    EP                                       0x2000259c   Data          32  usb_pwr.o(.bss)
    USBD                                     0x200025bc   Data          38  host_sys.o(.bss)
    Player                                   0x200025e4   Data         800  ch375_app.o(.bss)
    PlayerDifferenceValue                    0x20002904   Data         160  ch375_app.o(.bss)
    Pack_11                                  0x200029a4   Data         101  ch375_app.o(.bss)
    Pack_19                                  0x20002a09   Data         101  ch375_app.o(.bss)
    Pack_A3                                  0x20002a6e   Data         101  ch375_app.o(.bss)
    debug_CHms                               0x20002ad4   Data          16  ch375_app.o(.bss)
    ache_Buff                                0x20002ae4   Data         128  ch375_app.o(.bss)
    HostDevDesc                              0x20002b64   Data          18  ch375_app.o(.bss)
    UserBuff                                 0x20002b76   Data         100  ch375_app.o(.bss)
    TempBuff                                 0x20002bda   Data          64  ch375_app.o(.bss)
    DesBuff                                  0x20002c1a   Data          64  ch375_app.o(.bss)
    CmdBuff                                  0x20002c5a   Data          64  ch375_app.o(.bss)
    __heap_base                              0x20002ca0   Data           0  startup_stm32f10x_md.o(HEAP)
    STACK$$Base                              0x200032a0   Number         0  startup_stm32f10x_md.o(STACK)
    __heap_limit                             0x200032a0   Data           0  startup_stm32f10x_md.o(HEAP)
    STACK$$Limit                             0x200036a0   Number         0  startup_stm32f10x_md.o(STACK)
    __initial_sp                             0x200036a0   Data           0  startup_stm32f10x_md.o(STACK)



==============================================================================

Memory Map of the image

  Image Entry point : 0x080000ed

  Load Region LR_IROM1 (Base: 0x08000000, Size: 0x0000961c, Max: 0x00020000, ABSOLUTE, COMPRESSED[0x000094a8])

    Execution Region ER_IROM1 (Exec base: 0x08000000, Load base: 0x08000000, Size: 0x000093b0, Max: 0x00020000, ABSOLUTE)

    Exec Addr    Load Addr    Size         Type   Attr      Idx    E Section Name        Object

    0x08000000   0x08000000   0x000000ec   Data   RO          398    RESET               startup_stm32f10x_md.o
    0x080000ec   0x080000ec   0x00000000   Code   RO         4945  * .ARM.Collect$$$$00000000  mc_w.l(entry.o)
    0x080000ec   0x080000ec   0x00000004   Code   RO         5264    .ARM.Collect$$$$00000001  mc_w.l(entry2.o)
    0x080000f0   0x080000f0   0x00000004   Code   RO         5267    .ARM.Collect$$$$00000004  mc_w.l(entry5.o)
    0x080000f4   0x080000f4   0x00000000   Code   RO         5269    .ARM.Collect$$$$00000008  mc_w.l(entry7b.o)
    0x080000f4   0x080000f4   0x00000000   Code   RO         5271    .ARM.Collect$$$$0000000A  mc_w.l(entry8b.o)
    0x080000f4   0x080000f4   0x00000008   Code   RO         5272    .ARM.Collect$$$$0000000B  mc_w.l(entry9a.o)
    0x080000fc   0x080000fc   0x00000000   Code   RO         5274    .ARM.Collect$$$$0000000D  mc_w.l(entry10a.o)
    0x080000fc   0x080000fc   0x00000000   Code   RO         5276    .ARM.Collect$$$$0000000F  mc_w.l(entry11a.o)
    0x080000fc   0x080000fc   0x00000004   Code   RO         5265    .ARM.Collect$$$$00002712  mc_w.l(entry2.o)
    0x08000100   0x08000100   0x00000024   Code   RO          399    .text               startup_stm32f10x_md.o
    0x08000124   0x08000124   0x0000000c   Code   RO         1958    .text               cmb_fault.o
    0x08000130   0x08000130   0x00000024   Code   RO         4948    .text               mc_w.l(rand.o)
    0x08000154   0x08000154   0x00000024   Code   RO         4951    .text               mc_w.l(memcpya.o)
    0x08000178   0x08000178   0x00000024   Code   RO         4953    .text               mc_w.l(memseta.o)
    0x0800019c   0x0800019c   0x00000018   Code   RO         4955    .text               mc_w.l(strncpy.o)
    0x080001b4   0x080001b4   0x0000000e   Code   RO         4959    .text               mc_w.l(strlen.o)
    0x080001c2   0x080001c2   0x00000002   PAD
    0x080001c4   0x080001c4   0x00000038   Code   RO         5252    .text               mc_w.l(__0sscanf.o)
    0x080001fc   0x080001fc   0x0000014c   Code   RO         5254    .text               mc_w.l(_scanf_int.o)
    0x08000348   0x08000348   0x000000e0   Code   RO         5256    .text               mc_w.l(_scanf_str.o)
    0x08000428   0x08000428   0x000000e4   Code   RO         5258    .text               mf_w.l(dmul.o)
    0x0800050c   0x0800050c   0x0000001a   Code   RO         5260    .text               mf_w.l(dfltui.o)
    0x08000526   0x08000526   0x00000032   Code   RO         5262    .text               mf_w.l(dfixui.o)
    0x08000558   0x08000558   0x0000002c   Code   RO         5279    .text               mc_w.l(uidiv.o)
    0x08000584   0x08000584   0x00000062   Code   RO         5281    .text               mc_w.l(uldiv.o)
    0x080005e6   0x080005e6   0x00000020   Code   RO         5283    .text               mc_w.l(llushr.o)
    0x08000606   0x08000606   0x0000001c   Code   RO         5287    .text               mc_w.l(_chval.o)
    0x08000622   0x08000622   0x00000002   PAD
    0x08000624   0x08000624   0x00000028   Code   RO         5289    .text               mc_w.l(scanf_char.o)
    0x0800064c   0x0800064c   0x00000040   Code   RO         5291    .text               mc_w.l(_sgetc.o)
    0x0800068c   0x0800068c   0x00000000   Code   RO         5293    .text               mc_w.l(iusefp.o)
    0x0800068c   0x0800068c   0x000000ba   Code   RO         5294    .text               mf_w.l(depilogue.o)
    0x08000746   0x08000746   0x0000014e   Code   RO         5296    .text               mf_w.l(dadd.o)
    0x08000894   0x08000894   0x000000de   Code   RO         5298    .text               mf_w.l(ddiv.o)
    0x08000972   0x08000972   0x00000030   Code   RO         5300    .text               mf_w.l(dfixul.o)
    0x080009a2   0x080009a2   0x00000002   PAD
    0x080009a4   0x080009a4   0x00000030   Code   RO         5302    .text               mf_w.l(cdrcmple.o)
    0x080009d4   0x080009d4   0x00000024   Code   RO         5304    .text               mc_w.l(init.o)
    0x080009f8   0x080009f8   0x0000001e   Code   RO         5306    .text               mc_w.l(llshl.o)
    0x08000a16   0x08000a16   0x00000024   Code   RO         5308    .text               mc_w.l(llsshr.o)
    0x08000a3a   0x08000a3a   0x0000000a   Code   RO         5310    .text               mc_w.l(isspace_c.o)
    0x08000a44   0x08000a44   0x0000032c   Code   RO         5312    .text               mc_w.l(_scanf.o)
    0x08000d70   0x08000d70   0x00000028   Code   RO         5314    .text               mc_w.l(ctype_c.o)
    0x08000d98   0x08000d98   0x00000056   Code   RO         5325    .text               mc_w.l(__dczerorl2.o)
    0x08000dee   0x08000dee   0x00000002   Code   RO          300    i.BusFault_Handler  stm32f10x_it.o
    0x08000df0   0x08000df0   0x0000000a   Code   RO         3742    i.ByteSwap          usb_regs.o
    0x08000dfa   0x08000dfa   0x00000002   PAD
    0x08000dfc   0x08000dfc   0x000000b0   Code   RO         4567    i.CH375AnalyDevInfo  host_sys.o
    0x08000eac   0x08000eac   0x00000048   Code   RO         4568    i.CH375BusReset     host_sys.o
    0x08000ef4   0x08000ef4   0x00000030   Code   RO         4569    i.CH375CheckConnect  host_sys.o
    0x08000f24   0x08000f24   0x00000058   Code   RO         4570    i.CH375ClearEdpFeature  host_sys.o
    0x08000f7c   0x08000f7c   0x000000d8   Code   RO         4571    i.CH375CtlTrans     host_sys.o
    0x08001054   0x08001054   0x0000002c   Code   RO         4572    i.CH375DeviceConnect  host_sys.o
    0x08001080   0x08001080   0x00000048   Code   RO         4573    i.CH375FindEndp     host_sys.o
    0x080010c8   0x080010c8   0x00000050   Code   RO         4574    i.CH375GetConfDesc  host_sys.o
    0x08001118   0x08001118   0x00000048   Code   RO         4575    i.CH375GetDeviceDesc  host_sys.o
    0x08001160   0x08001160   0x00000034   Code   RO         4576    i.CH375GetFreq      host_sys.o
    0x08001194   0x08001194   0x00000010   Code   RO         4577    i.CH375GetIntStatus  host_sys.o
    0x080011a4   0x080011a4   0x000000a4   Code   RO         4578    i.CH375InTrans      host_sys.o
    0x08001248   0x08001248   0x00000018   Code   RO         4579    i.CH375InitSysVar   host_sys.o
    0x08001260   0x08001260   0x00000098   Code   RO         4580    i.CH375OutTrans     host_sys.o
    0x080012f8   0x080012f8   0x00000028   Code   RO         4581    i.CH375ReadBlock    host_sys.o
    0x08001320   0x08001320   0x00000034   Code   RO         4582    i.CH375SetDeviceAddr  host_sys.o
    0x08001354   0x08001354   0x00000064   Code   RO         4583    i.CH375SetDeviceConf  host_sys.o
    0x080013b8   0x080013b8   0x00000024   Code   RO         4584    i.CH375SetFreq      host_sys.o
    0x080013dc   0x080013dc   0x00000026   Code   RO         4585    i.CH375SetMode      host_sys.o
    0x08001402   0x08001402   0x00000028   Code   RO         4586    i.CH375SetRetry     host_sys.o
    0x0800142a   0x0800142a   0x0000002c   Code   RO         4587    i.CH375StartTrans   host_sys.o
    0x08001456   0x08001456   0x00000002   PAD
    0x08001458   0x08001458   0x00000024   Code   RO         4588    i.CH375WaitInterrupt  host_sys.o
    0x0800147c   0x0800147c   0x00000020   Code   RO         4589    i.CH375WriteBlock   host_sys.o
    0x0800149c   0x0800149c   0x00000cac   Code   RO         4766    i.CH375_APP         ch375_app.o
    0x08002148   0x08002148   0x00000098   Code   RO         4711    i.CH375_PORT_INIT   para.o
    0x080021e0   0x080021e0   0x00000158   Code   RO         3687    i.CTR_LP            usb_int.o
    0x08002338   0x08002338   0x00000028   Code   RO         4767    i.CalculateTheDifference  ch375_app.o
    0x08002360   0x08002360   0x0000007c   Code   RO         4768    i.CalculateTheMagnificationScore  ch375_app.o
    0x080023dc   0x080023dc   0x00000154   Code   RO         4769    i.Calculate_EatBig_LoseSmall  ch375_app.o
    0x08002530   0x08002530   0x0000001e   Code   RO         4770    i.Calculate_ZeroCnt  ch375_app.o
    0x0800254e   0x0800254e   0x0000001e   Code   RO         4771    i.CheckAllowChangeResult  ch375_app.o
    0x0800256c   0x0800256c   0x000001ec   Code   RO         3440    i.CheckProntPaper   printer.o
    0x08002758   0x08002758   0x00000028   Code   RO         3743    i.ClearDTOG_RX      usb_regs.o
    0x08002780   0x08002780   0x00000028   Code   RO         3744    i.ClearDTOG_TX      usb_regs.o
    0x080027a8   0x080027a8   0x00000020   Code   RO         3749    i.Clear_Status_Out  usb_regs.o
    0x080027c8   0x080027c8   0x00000038   Code   RO         3248    i.ComputeCRC16      hid_data.o
    0x08002800   0x08002800   0x00000078   Code   RO         4391    i.CustomHID_Data_Setup  usb_prop.o
    0x08002878   0x08002878   0x0000000c   Code   RO         4392    i.CustomHID_GetConfigDescriptor  usb_prop.o
    0x08002884   0x08002884   0x0000000c   Code   RO         4393    i.CustomHID_GetDeviceDescriptor  usb_prop.o
    0x08002890   0x08002890   0x0000000c   Code   RO         4394    i.CustomHID_GetHIDDescriptor  usb_prop.o
    0x0800289c   0x0800289c   0x0000001c   Code   RO         4395    i.CustomHID_GetProtocolValue  usb_prop.o
    0x080028b8   0x080028b8   0x0000000c   Code   RO         4396    i.CustomHID_GetReportDescriptor  usb_prop.o
    0x080028c4   0x080028c4   0x00000020   Code   RO         4397    i.CustomHID_GetStringDescriptor  usb_prop.o
    0x080028e4   0x080028e4   0x0000000a   Code   RO         4398    i.CustomHID_Get_Interface_Setting  usb_prop.o
    0x080028ee   0x080028ee   0x00000002   PAD
    0x080028f0   0x080028f0   0x00000020   Code   RO         4399    i.CustomHID_NoData_Setup  usb_prop.o
    0x08002910   0x08002910   0x000000b0   Code   RO         4400    i.CustomHID_Reset   usb_prop.o
    0x080029c0   0x080029c0   0x00000028   Code   RO         4401    i.CustomHID_SetConfiguration  usb_prop.o
    0x080029e8   0x080029e8   0x0000000c   Code   RO         4402    i.CustomHID_SetDeviceAddress  usb_prop.o
    0x080029f4   0x080029f4   0x00000018   Code   RO         4403    i.CustomHID_SetProtocol  usb_prop.o
    0x08002a0c   0x08002a0c   0x0000001c   Code   RO         4404    i.CustomHID_SetReport_Feature  usb_prop.o
    0x08002a28   0x08002a28   0x00000002   Code   RO         4405    i.CustomHID_Status_In  usb_prop.o
    0x08002a2a   0x08002a2a   0x00000002   Code   RO         4406    i.CustomHID_Status_Out  usb_prop.o
    0x08002a2c   0x08002a2c   0x00000028   Code   RO         4407    i.CustomHID_init    usb_prop.o
    0x08002a54   0x08002a54   0x00000002   Code   RO         4284    i.DMA1_Channel1_IRQHandler  stm32_it.o
    0x08002a56   0x08002a56   0x00000002   PAD
    0x08002a58   0x08002a58   0x00000024   Code   RO         2285    i.DMA1_Channel2_IRQHandler  tm_dev_spi.o
    0x08002a7c   0x08002a7c   0x00000028   Code   RO         2286    i.DMA1_Channel3_IRQHandler  tm_dev_spi.o
    0x08002aa4   0x08002aa4   0x00000028   Code   RO         2287    i.DMA1_Channel4_IRQHandler  tm_dev_spi.o
    0x08002acc   0x08002acc   0x00000028   Code   RO         2288    i.DMA1_Channel5_IRQHandler  tm_dev_spi.o
    0x08002af4   0x08002af4   0x00000018   Code   RO         1887    i.DMA_ClearITPendingBit  stm32f10x_dma.o
    0x08002b0c   0x08002b0c   0x00000016   Code   RO         1888    i.DMA_Cmd           stm32f10x_dma.o
    0x08002b22   0x08002b22   0x00000002   PAD
    0x08002b24   0x08002b24   0x00000020   Code   RO         1892    i.DMA_GetITStatus   stm32f10x_dma.o
    0x08002b44   0x08002b44   0x000000b4   Code   RO         3530    i.DataStageIn       usb_core.o
    0x08002bf8   0x08002bf8   0x000000a4   Code   RO         3531    i.DataStageOut      usb_core.o
    0x08002c9c   0x08002c9c   0x0000019c   Code   RO         3532    i.Data_Setup0       usb_core.o
    0x08002e38   0x08002e38   0x0000018c   Code   RO         4773    i.DealWithResultOrder_A3  ch375_app.o
    0x08002fc4   0x08002fc4   0x000001d8   Code   RO         4774    i.DealWithRoadOrderResult_A0  ch375_app.o
    0x0800319c   0x0800319c   0x000000b0   Code   RO         4775    i.DealWithStakeOrder_11  ch375_app.o
    0x0800324c   0x0800324c   0x000000f4   Code   RO         4776    i.DealWithStakeOrder_19  ch375_app.o
    0x08003340   0x08003340   0x0000005c   Code   RO         4777    i.DealWithStartOrder_A2  ch375_app.o
    0x0800339c   0x0800339c   0x00000002   Code   RO          301    i.DebugMon_Handler  stm32f10x_it.o
    0x0800339e   0x0800339e   0x00000002   PAD
    0x080033a0   0x080033a0   0x00000070   Code   RO         3249    i.DockingNoteCat_Control  hid_data.o
    0x08003410   0x08003410   0x0000000c   Code   RO         4347    i.EP1_IN_Callback   usb_endp.o
    0x0800341c   0x0800341c   0x00000054   Code   RO         4253    i.EP1_OUT_Callback  myhid_driver.o
    0x08003470   0x08003470   0x00000002   Code   RO         4285    i.EXTI9_5_IRQHandler  stm32_it.o
    0x08003472   0x08003472   0x00000002   PAD
    0x08003474   0x08003474   0x0000000c   Code   RO         1611    i.EXTI_ClearITPendingBit  stm32f10x_exti.o
    0x08003480   0x08003480   0x0000003c   Code   RO         2811    i.FM25CL64B_ReadByte  spi_dri.o
    0x080034bc   0x080034bc   0x00000010   Code   RO         2743    i.FM25CL64B_Text    spi_dri.o
    0x080034cc   0x080034cc   0x00000048   Code   RO         2817    i.FM25CL64B_WriteByte  spi_dri.o
    0x08003514   0x08003514   0x00000024   Code   RO         2788    i.FM25CL64B_Write_Enable  spi_dri.o
    0x08003538   0x08003538   0x00000022   Code   RO         2744    i.FM25ReadString    spi_dri.o
    0x0800355a   0x0800355a   0x00000022   Code   RO         2745    i.FM25WriteString   spi_dri.o
    0x0800357c   0x0800357c   0x0000028c   Code   RO         3064    i.GAM_SmsRecCms     notecat.o
    0x08003808   0x08003808   0x0000002c   Code   RO         4139    i.GPIO_Configuration  hw_config.o
    0x08003834   0x08003834   0x0000009c   Code   RO          445    i.GPIO_Init         stm32f10x_gpio.o
    0x080038d0   0x080038d0   0x00000058   Code   RO          447    i.GPIO_PinRemapConfig  stm32f10x_gpio.o
    0x08003928   0x08003928   0x00000004   Code   RO          452    i.GPIO_ResetBits    stm32f10x_gpio.o
    0x0800392c   0x0800392c   0x00000004   Code   RO          453    i.GPIO_SetBits      stm32f10x_gpio.o
    0x08003930   0x08003930   0x0000005c   Code   RO         3065    i.GSM_BasicCommands  notecat.o
    0x0800398c   0x0800398c   0x00000084   Code   RO         3066    i.GSM_CMRG          notecat.o
    0x08003a10   0x08003a10   0x00000258   Code   RO         3067    i.GSM_ControlStateMachine  notecat.o
    0x08003c68   0x08003c68   0x000000b0   Code   RO         3068    i.GSM_DeleteSMS     notecat.o
    0x08003d18   0x08003d18   0x00000032   Code   RO         3069    i.GSM_SendCmd       notecat.o
    0x08003d4a   0x08003d4a   0x00000002   PAD
    0x08003d4c   0x08003d4c   0x00000200   Code   RO         3070    i.GSM_SendSMS_Pack  notecat.o
    0x08003f4c   0x08003f4c   0x000001ec   Code   RO         3071    i.GSM_SmsOneDeal    notecat.o
    0x08004138   0x08004138   0x00000210   Code   RO         3072    i.GSM_SmsOneDeal_2  notecat.o
    0x08004348   0x08004348   0x000000bc   Code   RO         4778    i.GenerateWillResults  ch375_app.o
    0x08004404   0x08004404   0x00000020   Code   RO         3761    i.GetEPRxAddr       usb_regs.o
    0x08004424   0x08004424   0x00000020   Code   RO         3762    i.GetEPRxCount      usb_regs.o
    0x08004444   0x08004444   0x0000001c   Code   RO         3764    i.GetEPTxAddr       usb_regs.o
    0x08004460   0x08004460   0x00000018   Code   RO         3766    i.GetEPTxStatus     usb_regs.o
    0x08004478   0x08004478   0x0000008c   Code   RO         3073    i.GetGSM_CSQ        notecat.o
    0x08004504   0x08004504   0x00000034   Code   RO         3075    i.GetSmsContentPackStartAddr  notecat.o
    0x08004538   0x08004538   0x00000034   Code   RO         4140    i.Get_SerialNum     hw_config.o
    0x0800456c   0x0800456c   0x000000e8   Code   RO         3253    i.HID_GetPack       hid_data.o
    0x08004654   0x08004654   0x00000054   Code   RO         4254    i.HID_Send_Report   myhid_driver.o
    0x080046a8   0x080046a8   0x00000098   Code   RO         4779    i.HostHID_SendReport  ch375_app.o
    0x08004740   0x08004740   0x0000005c   Code   RO         3533    i.In0_Process       usb_core.o
    0x0800479c   0x0800479c   0x00000036   Code   RO         4141    i.IntToUnicode      hw_config.o
    0x080047d2   0x080047d2   0x00000002   PAD
    0x080047d4   0x080047d4   0x00000220   Code   RO         3409    i.Key_FilterScan    key.o
    0x080049f4   0x080049f4   0x0000001c   Code   RO         3410    i.Key_defaults      key.o
    0x08004a10   0x08004a10   0x0000002c   Code   RO         4142    i.Leave_LowPowerMode  hw_config.o
    0x08004a3c   0x08004a3c   0x00000002   Code   RO          302    i.MemManage_Handler  stm32f10x_it.o
    0x08004a3e   0x08004a3e   0x00000002   Code   RO          303    i.NMI_Handler       stm32f10x_it.o
    0x08004a40   0x08004a40   0x00000002   Code   RO         3534    i.NOP_Process       usb_core.o
    0x08004a42   0x08004a42   0x00000002   PAD
    0x08004a44   0x08004a44   0x00000064   Code   RO          403    i.NVIC_Init         misc.o
    0x08004aa8   0x08004aa8   0x00000014   Code   RO          404    i.NVIC_PriorityGroupConfig  misc.o
    0x08004abc   0x08004abc   0x000000d4   Code   RO         3535    i.NoData_Setup0     usb_core.o
    0x08004b90   0x08004b90   0x0000002c   Code   RO         3076    i.NoteCat_OutTimeTiming  notecat.o
    0x08004bbc   0x08004bbc   0x00000018   Code   RO         3079    i.NoteCat_ReadyUnRegistered  notecat.o
    0x08004bd4   0x08004bd4   0x00000038   Code   RO         3080    i.NoteCat_RecDatUser  notecat.o
    0x08004c0c   0x08004c0c   0x00000008   Code   RO         3081    i.NoteCat_SendByte  notecat.o
    0x08004c14   0x08004c14   0x0000001a   Code   RO         3082    i.NoteCat_SendString  notecat.o
    0x08004c2e   0x08004c2e   0x00000042   Code   RO         3083    i.NoteCat_strstr    notecat.o
    0x08004c70   0x08004c70   0x00000048   Code   RO         3536    i.Out0_Process      usb_core.o
    0x08004cb8   0x08004cb8   0x00000020   Code   RO         3720    i.PMAToUserBufferCopy  usb_mem.o
    0x08004cd8   0x08004cd8   0x00000002   Code   RO          304    i.PendSV_Handler    stm32f10x_it.o
    0x08004cda   0x08004cda   0x00000008   Code   RO         3443    i.PinterSendByte    printer.o
    0x08004ce2   0x08004ce2   0x0000003a   Code   RO         3444    i.PinterSendCmd     printer.o
    0x08004d1c   0x08004d1c   0x00000044   Code   RO         3537    i.Post0_Process     usb_core.o
    0x08004d60   0x08004d60   0x0000002c   Code   RO         4519    i.PowerOn           usb_pwr.o
    0x08004d8c   0x08004d8c   0x000000a8   Code   RO         3446    i.PrintStrOut       printer.o
    0x08004e34   0x08004e34   0x0000002c   Code   RO         3447    i.PrintWordEncoding  printer.o
    0x08004e60   0x08004e60   0x0000002c   Code   RO         3448    i.Print_OutTimeTiming  printer.o
    0x08004e8c   0x08004e8c   0x00000048   Code   RO         3450    i.Printer_RecDatUser  printer.o
    0x08004ed4   0x08004ed4   0x000004d8   Code   RO         3451    i.PrintfPlaySingle  printer.o
    0x080053ac   0x080053ac   0x00000040   Code   RO         3452    i.Printf_AsciiToGb  printer.o
    0x080053ec   0x080053ec   0x00000014   Code   RO         4712    i.Query375Interrupt  para.o
    0x08005400   0x08005400   0x00000014   Code   RO          553    i.RCC_ADCCLKConfig  stm32f10x_rcc.o
    0x08005414   0x08005414   0x00000018   Code   RO          555    i.RCC_APB1PeriphClockCmd  stm32f10x_rcc.o
    0x0800542c   0x0800542c   0x00000018   Code   RO          557    i.RCC_APB2PeriphClockCmd  stm32f10x_rcc.o
    0x08005444   0x08005444   0x00000094   Code   RO          565    i.RCC_GetClocksFreq  stm32f10x_rcc.o
    0x080054d8   0x080054d8   0x0000000c   Code   RO          583    i.RCC_USBCLKConfig  stm32f10x_rcc.o
    0x080054e4   0x080054e4   0x00000012   Code   RO         3084    i.ReadAdministratorPhone  notecat.o
    0x080054f6   0x080054f6   0x00000006   Code   RO         3258    i.ReadBoutCout      hid_data.o
    0x080054fc   0x080054fc   0x0000000e   Code   RO         3259    i.ReadBoutResult    hid_data.o
    0x0800550a   0x0800550a   0x00000006   Code   RO         3260    i.ReadInningNum     hid_data.o
    0x08005510   0x08005510   0x00000006   Code   RO         3261    i.ReadPlaySingle    hid_data.o
    0x08005516   0x08005516   0x00000028   Code   RO         3262    i.ReadTotalPoints   hid_data.o
    0x0800553e   0x0800553e   0x00000002   PAD
    0x08005540   0x08005540   0x00000068   Code   RO         4782    i.ReportPack_encrypt  ch375_app.o
    0x080055a8   0x080055a8   0x000000a4   Code   RO         4520    i.Resume            usb_pwr.o
    0x0800564c   0x0800564c   0x00000020   Code   RO         4521    i.Resume_Init       usb_pwr.o
    0x0800566c   0x0800566c   0x000000c0   Code   RO         2746    i.SPI1_Init         spi_dri.o
    0x0800572c   0x0800572c   0x00000014   Code   RO          758    i.SPI_Cmd           stm32f10x_spi.o
    0x08005740   0x08005740   0x0000000e   Code   RO          766    i.SPI_I2S_GetFlagStatus  stm32f10x_spi.o
    0x0800574e   0x0800574e   0x00000004   Code   RO          769    i.SPI_I2S_ReceiveData  stm32f10x_spi.o
    0x08005752   0x08005752   0x00000004   Code   RO          770    i.SPI_I2S_SendData  stm32f10x_spi.o
    0x08005756   0x08005756   0x00000038   Code   RO          771    i.SPI_Init          stm32f10x_spi.o
    0x0800578e   0x0800578e   0x00000002   PAD
    0x08005790   0x08005790   0x00000034   Code   RO         2782    i.SPI_Send_Byte     spi_dri.o
    0x080057c4   0x080057c4   0x00000002   Code   RO          305    i.SVC_Handler       stm32f10x_it.o
    0x080057c6   0x080057c6   0x0000001c   Code   RO         3085    i.SaveAdministratorPhone  notecat.o
    0x080057e2   0x080057e2   0x00000008   Code   RO         3263    i.SaveBoutCout      hid_data.o
    0x080057ea   0x080057ea   0x0000000c   Code   RO         3264    i.SaveBoutResult    hid_data.o
    0x080057f6   0x080057f6   0x00000008   Code   RO         3265    i.SaveInningNum     hid_data.o
    0x080057fe   0x080057fe   0x00000008   Code   RO         3266    i.SavePlaySingle    hid_data.o
    0x08005806   0x08005806   0x00000024   Code   RO         3267    i.SaveTotalPoints   hid_data.o
    0x0800582a   0x0800582a   0x00000002   PAD
    0x0800582c   0x0800582c   0x00000010   Code   RO         3772    i.SetBTABLE         usb_regs.o
    0x0800583c   0x0800583c   0x00000048   Code   RO         3538    i.SetDeviceAddress  usb_core.o
    0x08005884   0x08005884   0x00000020   Code   RO         3786    i.SetEPRxAddr       usb_regs.o
    0x080058a4   0x080058a4   0x00000040   Code   RO         3787    i.SetEPRxCount      usb_regs.o
    0x080058e4   0x080058e4   0x00000030   Code   RO         3788    i.SetEPRxStatus     usb_regs.o
    0x08005914   0x08005914   0x00000024   Code   RO         3789    i.SetEPRxValid      usb_regs.o
    0x08005938   0x08005938   0x00000020   Code   RO         3790    i.SetEPTxAddr       usb_regs.o
    0x08005958   0x08005958   0x0000001c   Code   RO         3791    i.SetEPTxCount      usb_regs.o
    0x08005974   0x08005974   0x00000030   Code   RO         3792    i.SetEPTxStatus     usb_regs.o
    0x080059a4   0x080059a4   0x00000024   Code   RO         3793    i.SetEPTxValid      usb_regs.o
    0x080059c8   0x080059c8   0x0000001c   Code   RO         3794    i.SetEPType         usb_regs.o
    0x080059e4   0x080059e4   0x000000a8   Code   RO          357    i.SetSysClockTo72   system_stm32f10x.o
    0x08005a8c   0x08005a8c   0x00000012   Code   RO         4146    i.Set_System        hw_config.o
    0x08005a9e   0x08005a9e   0x00000014   Code   RO         4147    i.Set_USBClock      hw_config.o
    0x08005ab2   0x08005ab2   0x00000002   PAD
    0x08005ab4   0x08005ab4   0x00000068   Code   RO         3539    i.Setup0_Process    usb_core.o
    0x08005b1c   0x08005b1c   0x000000fc   Code   RO         3540    i.Standard_ClearFeature  usb_core.o
    0x08005c18   0x08005c18   0x00000028   Code   RO         3541    i.Standard_GetConfiguration  usb_core.o
    0x08005c40   0x08005c40   0x0000001c   Code   RO         3542    i.Standard_GetDescriptorData  usb_core.o
    0x08005c5c   0x08005c5c   0x00000028   Code   RO         3543    i.Standard_GetInterface  usb_core.o
    0x08005c84   0x08005c84   0x00000094   Code   RO         3544    i.Standard_GetStatus  usb_core.o
    0x08005d18   0x08005d18   0x00000038   Code   RO         3545    i.Standard_SetConfiguration  usb_core.o
    0x08005d50   0x08005d50   0x00000024   Code   RO         3546    i.Standard_SetDeviceFeature  usb_core.o
    0x08005d74   0x08005d74   0x00000088   Code   RO         3547    i.Standard_SetEndPointFeature  usb_core.o
    0x08005dfc   0x08005dfc   0x00000048   Code   RO         3548    i.Standard_SetInterface  usb_core.o
    0x08005e44   0x08005e44   0x00000014   Code   RO         3086    i.StartOpenGSM_Init  notecat.o
    0x08005e58   0x08005e58   0x00000052   Code   RO         3087    i.StrToNumber       notecat.o
    0x08005eaa   0x08005eaa   0x00000002   PAD
    0x08005eac   0x08005eac   0x000000c0   Code   RO         4522    i.Suspend           usb_pwr.o
    0x08005f6c   0x08005f6c   0x00000018   Code   RO          407    i.SysTick_CLKSourceConfig  misc.o
    0x08005f84   0x08005f84   0x00000002   Code   RO          306    i.SysTick_Handler   stm32f10x_it.o
    0x08005f86   0x08005f86   0x00000002   PAD
    0x08005f88   0x08005f88   0x00000050   Code   RO          359    i.SystemInit        system_stm32f10x.o
    0x08005fd8   0x08005fd8   0x00000070   Code   RO         2860    i.TIM2_IRQHandler   timer.o
    0x08006048   0x08006048   0x00000024   Code   RO         2861    i.TIM3_IRQHandler   timer.o
    0x0800606c   0x0800606c   0x00000006   Code   RO          906    i.TIM_ClearITPendingBit  stm32f10x_tim.o
    0x08006072   0x08006072   0x00000014   Code   RO          911    i.TIM_Cmd           stm32f10x_tim.o
    0x08006086   0x08006086   0x00000018   Code   RO          932    i.TIM_GetITStatus   stm32f10x_tim.o
    0x0800609e   0x0800609e   0x00000010   Code   RO          936    i.TIM_ITConfig      stm32f10x_tim.o
    0x080060ae   0x080060ae   0x00000002   PAD
    0x080060b0   0x080060b0   0x0000009c   Code   RO          982    i.TIM_TimeBaseInit  stm32f10x_tim.o
    0x0800614c   0x0800614c   0x00000010   Code   RO         2036    i.TM_GPIO_GetPortSource  tm_stm32_gpio.o
    0x0800615c   0x0800615c   0x00000018   Code   RO         2039    i.TM_GPIO_INT_EnableClock  tm_stm32_gpio.o
    0x08006174   0x08006174   0x00000054   Code   RO         2040    i.TM_GPIO_INT_Init  tm_stm32_gpio.o
    0x080061c8   0x080061c8   0x0000001e   Code   RO         2041    i.TM_GPIO_Init      tm_stm32_gpio.o
    0x080061e6   0x080061e6   0x00000002   PAD
    0x080061e8   0x080061e8   0x00000040   Code   RO         2191    i.TM_que_AllRegistInit  tm_que.o
    0x08006228   0x08006228   0x00000048   Code   RO         2193    i.TM_que_Read       tm_que.o
    0x08006270   0x08006270   0x00000014   Code   RO         2194    i.TM_que_Regist     tm_que.o
    0x08006284   0x08006284   0x0000009c   Code   RO         2195    i.TM_que_Write      tm_que.o
    0x08006320   0x08006320   0x00000024   Code   RO         2196    i.TM_que_size       tm_que.o
    0x08006344   0x08006344   0x0000005e   Code   RO         2862    i.Timer2_Init       timer.o
    0x080063a2   0x080063a2   0x00000010   Code   RO         4783    i.TotalScoreAfterGettingTheDifference  ch375_app.o
    0x080063b2   0x080063b2   0x00000002   PAD
    0x080063b4   0x080063b4   0x00000020   Code   RO         2922    i.USART1_IRQHandler  usart.o
    0x080063d4   0x080063d4   0x00000064   Code   RO         3453    i.USART2_IRQHandler  printer.o
    0x08006438   0x08006438   0x0000006c   Code   RO         3088    i.USART3_IRQHandler  notecat.o
    0x080064a4   0x080064a4   0x00000006   Code   RO         1430    i.USART_ClearFlag   stm32f10x_usart.o
    0x080064aa   0x080064aa   0x00000014   Code   RO         1434    i.USART_Cmd         stm32f10x_usart.o
    0x080064be   0x080064be   0x0000000e   Code   RO         1437    i.USART_GetFlagStatus  stm32f10x_usart.o
    0x080064cc   0x080064cc   0x00000030   Code   RO         1440    i.USART_ITConfig    stm32f10x_usart.o
    0x080064fc   0x080064fc   0x000000ac   Code   RO         1441    i.USART_Init        stm32f10x_usart.o
    0x080065a8   0x080065a8   0x00000008   Code   RO         1451    i.USART_SendData    stm32f10x_usart.o
    0x080065b0   0x080065b0   0x00000104   Code   RO         4784    i.USBH_ParseDevDesc  ch375_app.o
    0x080066b4   0x080066b4   0x00000008   Code   RO         4286    i.USBWakeUp_IRQHandler  stm32_it.o
    0x080066bc   0x080066bc   0x00000014   Code   RO         4148    i.USB_Cable_Config  hw_config.o
    0x080066d0   0x080066d0   0x0000001a   Code   RO         4255    i.USB_HID_Init      myhid_driver.o
    0x080066ea   0x080066ea   0x00000002   PAD
    0x080066ec   0x080066ec   0x00000028   Code   RO         3656    i.USB_Init          usb_init.o
    0x08006714   0x08006714   0x00000034   Code   RO         4149    i.USB_Interrupts_Config  hw_config.o
    0x08006748   0x08006748   0x00000148   Code   RO         4364    i.USB_Istr          usb_istr.o
    0x08006890   0x08006890   0x00000004   Code   RO         4287    i.USB_LP_CAN1_RX0_IRQHandler  stm32_it.o
    0x08006894   0x08006894   0x00000020   Code   RO         4106    i.USB_SIL_Init      usb_sil.o
    0x080068b4   0x080068b4   0x00000002   Code   RO          307    i.UsageFault_Handler  stm32f10x_it.o
    0x080068b6   0x080068b6   0x00000002   PAD
    0x080068b8   0x080068b8   0x00000118   Code   RO         2923    i.Usart_Init        usart.o
    0x080069d0   0x080069d0   0x0000002c   Code   RO         2924    i.Usart_SendByte    usart.o
    0x080069fc   0x080069fc   0x00000028   Code   RO         2925    i.Usart_SendString  usart.o
    0x08006a24   0x08006a24   0x00000028   Code   RO         3721    i.UserToPMABufferCopy  usb_mem.o
    0x08006a4c   0x08006a4c   0x00000028   Code   RO         5198    i.__0sprintf        mc_w.l(printfa.o)
    0x08006a74   0x08006a74   0x0000002c   Code   RO         5201    i.__0vsnprintf      mc_w.l(printfa.o)
    0x08006aa0   0x08006aa0   0x0000000e   Code   RO         5319    i.__scatterload_copy  mc_w.l(handlers.o)
    0x08006aae   0x08006aae   0x00000002   Code   RO         5320    i.__scatterload_null  mc_w.l(handlers.o)
    0x08006ab0   0x08006ab0   0x0000000e   Code   RO         5321    i.__scatterload_zeroinit  mc_w.l(handlers.o)
    0x08006abe   0x08006abe   0x00000002   PAD
    0x08006ac0   0x08006ac0   0x00000184   Code   RO         5203    i._fp_digits        mc_w.l(printfa.o)
    0x08006c44   0x08006c44   0x000006dc   Code   RO         5204    i._printf_core      mc_w.l(printfa.o)
    0x08007320   0x08007320   0x00000024   Code   RO         5205    i._printf_post_padding  mc_w.l(printfa.o)
    0x08007344   0x08007344   0x0000002e   Code   RO         5206    i._printf_pre_padding  mc_w.l(printfa.o)
    0x08007372   0x08007372   0x00000016   Code   RO         5207    i._snputc           mc_w.l(printfa.o)
    0x08007388   0x08007388   0x0000000a   Code   RO         5208    i._sputc            mc_w.l(printfa.o)
    0x08007392   0x08007392   0x00000058   Code   RO         4785    i.arrayCompositeData  ch375_app.o
    0x080073ea   0x080073ea   0x0000001c   Code   RO         4786    i.bigendDataFormDecomposition  ch375_app.o
    0x08007406   0x08007406   0x00000020   Code   RO         4787    i.bigendianSyntheticData  ch375_app.o
    0x08007426   0x08007426   0x00000002   PAD
    0x08007428   0x08007428   0x000000ec   Code   RO         3268    i.checkFirstFlag    hid_data.o
    0x08007514   0x08007514   0x00000014   Code   RO         3089    i.checkGSM_Connect  notecat.o
    0x08007528   0x08007528   0x00000018   Code   RO         3269    i.clearResult_100bout  hid_data.o
    0x08007540   0x08007540   0x000000c4   Code   RO         1964    i.cm_backtrace_call_stack  cm_backtrace.o
    0x08007604   0x08007604   0x00000258   Code   RO         1965    i.cm_backtrace_fault  cm_backtrace.o
    0x0800785c   0x0800785c   0x0000002c   Code   RO         1966    i.cm_backtrace_firmware_info  cm_backtrace.o
    0x08007888   0x08007888   0x0000007c   Code   RO         1967    i.cm_backtrace_init  cm_backtrace.o
    0x08007904   0x08007904   0x0000001a   Code   RO         4788    i.commandDataReCRC  ch375_app.o
    0x0800791e   0x0800791e   0x00000002   PAD
    0x08007920   0x08007920   0x00000078   Code   RO         2978    i.compute_subkeys   des.o
    0x08007998   0x08007998   0x000000b0   Code   RO         4789    i.controlTheForwardingProcess  ch375_app.o
    0x08007a48   0x08007a48   0x00000062   Code   RO         4790    i.dataSynthesisArray  ch375_app.o
    0x08007aaa   0x08007aaa   0x00000002   PAD
    0x08007aac   0x08007aac   0x0000003c   Code   RO         2564    i.delay_init        delay.o
    0x08007ae8   0x08007ae8   0x00000014   Code   RO         2565    i.delay_ms          delay.o
    0x08007afc   0x08007afc   0x00000034   Code   RO         2566    i.delay_ms1         delay.o
    0x08007b30   0x08007b30   0x00000034   Code   RO         2567    i.delay_us          delay.o
    0x08007b64   0x08007b64   0x00000144   Code   RO         2979    i.des               des.o
    0x08007ca8   0x08007ca8   0x00000016   Code   RO         3270    i.dev_SaveReadByte  hid_data.o
    0x08007cbe   0x08007cbe   0x0000000c   Code   RO         3271    i.dev_SaveWriteByte  hid_data.o
    0x08007cca   0x08007cca   0x00000002   PAD
    0x08007ccc   0x08007ccc   0x000000bc   Code   RO         1968    i.dump_stack        cm_backtrace.o
    0x08007d88   0x08007d88   0x00000214   Code   RO         1969    i.fault_diagnosis   cm_backtrace.o
    0x08007f9c   0x08007f9c   0x00000004   Code   RO         2748    i.fm25CL64_gpio_Init  spi_dri.o
    0x08007fa0   0x08007fa0   0x00000050   Code   RO         5224    i.free              mc_w.l(malloc.o)
    0x08007ff0   0x08007ff0   0x00000064   Code   RO         4713    i.mInitCH375Host    para.o
    0x08008054   0x08008054   0x00000180   Code   RO            2    i.main              main.o
    0x080081d4   0x080081d4   0x0000006c   Code   RO         5225    i.malloc            mc_w.l(malloc.o)
    0x08008240   0x08008240   0x00000060   Code   RO         3411    i.oneSignalStabillzerOneKey  key.o
    0x080082a0   0x080082a0   0x0000008c   Code   RO         1970    i.print_call_stack  cm_backtrace.o
    0x0800832c   0x0800832c   0x00000032   Code   RO         2692    i.que_Read          queue.o
    0x0800835e   0x0800835e   0x00000018   Code   RO         2693    i.que_Regist        queue.o
    0x08008376   0x08008376   0x00000060   Code   RO         2694    i.que_Write         queue.o
    0x080083d6   0x080083d6   0x00000022   Code   RO         2696    i.que_size          queue.o
    0x080083f8   0x080083f8   0x0000005c   Code   RO         2697    i.queue_Init        queue.o
    0x08008454   0x08008454   0x00000064   Code   RO         2980    i.rotate_l          des.o
    0x080084b8   0x080084b8   0x00000038   Code   RO         2248    i.sort_u32          tm_string.o
    0x080084f0   0x080084f0   0x00000030   Code   RO         2538    i.sprint            debug.o
    0x08008520   0x08008520   0x00000038   Code   RO         2486    i.tm_Timer_MultiScan  multi_timer.o
    0x08008558   0x08008558   0x00000042   Code   RO         2251    i.tm_strstr         tm_string.o
    0x0800859a   0x0800859a   0x0000000e   Code   RO         2487    i.tm_timer_CheckFlag  multi_timer.o
    0x080085a8   0x080085a8   0x00000006   Code   RO         2488    i.tm_timer_ClearFlag  multi_timer.o
    0x080085ae   0x080085ae   0x00000002   PAD
    0x080085b0   0x080085b0   0x00000014   Code   RO         2489    i.tm_timer_init     multi_timer.o
    0x080085c4   0x080085c4   0x00000038   Code   RO         2490    i.tm_timer_start    multi_timer.o
    0x080085fc   0x080085fc   0x00000020   Code   RO         2491    i.tm_timer_stop     multi_timer.o
    0x0800861c   0x0800861c   0x00000048   Code   RO         2981    i.transpose         des.o
    0x08008664   0x08008664   0x00000060   Code   RO         4714    i.xReadCH375Data    para.o
    0x080086c4   0x080086c4   0x00000044   Code   RO         4716    i.xWriteCH375Cmd    para.o
    0x08008708   0x08008708   0x0000004c   Code   RO         4717    i.xWriteCH375Data   para.o
    0x08008754   0x08008754   0x000000e0   Data   RO         1972    .constdata          cm_backtrace.o
    0x08008834   0x08008834   0x00000038   Data   RO         2927    .constdata          usart.o
    0x0800886c   0x0800886c   0x00000370   Data   RO         2983    .constdata          des.o
    0x08008bdc   0x08008bdc   0x0000000e   Data   RO         3455    .constdata          printer.o
    0x08008bea   0x08008bea   0x00000012   Data   RO         4325    .constdata          usb_desc.o
    0x08008bfc   0x08008bfc   0x00000029   Data   RO         4326    .constdata          usb_desc.o
    0x08008c25   0x08008c25   0x00000021   Data   RO         4327    .constdata          usb_desc.o
    0x08008c46   0x08008c46   0x00000004   Data   RO         4328    .constdata          usb_desc.o
    0x08008c4a   0x08008c4a   0x00000026   Data   RO         4329    .constdata          usb_desc.o
    0x08008c70   0x08008c70   0x00000020   Data   RO         4330    .constdata          usb_desc.o
    0x08008c90   0x08008c90   0x0000003c   Data   RO         4794    .constdata          ch375_app.o
    0x08008ccc   0x08008ccc   0x00000040   Data   RO         5315    .constdata          mc_w.l(ctype_c.o)
    0x08008d0c   0x08008d0c   0x0000061e   Data   RO         1973    .conststring        cm_backtrace.o
    0x0800932a   0x0800932a   0x00000002   PAD
    0x0800932c   0x0800932c   0x0000004e   Data   RO         3091    .conststring        notecat.o
    0x0800937a   0x0800937a   0x00000002   PAD
    0x0800937c   0x0800937c   0x00000013   Data   RO         4795    .conststring        ch375_app.o
    0x0800938f   0x0800938f   0x00000001   PAD
    0x08009390   0x08009390   0x00000020   Data   RO         5317    Region$$Table       anon$$obj.o


    Execution Region RW_IRAM1 (Exec base: 0x20000000, Load base: 0x080093b0, Size: 0x000036a0, Max: 0x00005000, ABSOLUTE, COMPRESSED[0x000000f8])

    Exec Addr    Load Addr    Size         Type   Attr      Idx    E Section Name        Object

    0x20000000   COMPRESSED   0x00000001   Data   RW            7    .data               main.o
    0x20000001   COMPRESSED   0x00000001   Data   RW           10    .data               main.o
    0x20000002   COMPRESSED   0x00000002   Data   RW           11    .data               main.o
    0x20000004   COMPRESSED   0x00000014   Data   RW          360    .data               system_stm32f10x.o
    0x20000018   COMPRESSED   0x00000014   Data   RW          585    .data               stm32f10x_rcc.o
    0x2000002c   COMPRESSED   0x00000014   Data   RW         1974    .data               cm_backtrace.o
    0x20000040   COMPRESSED   0x00000008   Data   RW         2492    .data               multi_timer.o
    0x20000048   COMPRESSED   0x00000004   Data   RW         2568    .data               delay.o
    0x2000004c   COMPRESSED   0x00000004   Data   RW         2864    .data               timer.o
    0x20000050   COMPRESSED   0x0000002c   Data   RW         2928    .data               usart.o
    0x2000007c   COMPRESSED   0x00000008   Data   RW         2985    .data               des.o
    0x20000084   COMPRESSED   0x00000004   PAD
    0x20000088   COMPRESSED   0x00000044   Data   RW         3092    .data               notecat.o
    0x200000cc   COMPRESSED   0x00000007   Data   RW         3413    .data               key.o
    0x200000d3   COMPRESSED   0x00000003   Data   RW         3456    .data               printer.o
    0x200000d6   COMPRESSED   0x00000004   Data   RW         3549    .data               usb_core.o
    0x200000da   COMPRESSED   0x00000001   Data   RW         3658    .data               usb_init.o
    0x200000db   COMPRESSED   0x00000001   PAD
    0x200000dc   COMPRESSED   0x0000000c   Data   RW         3659    .data               usb_init.o
    0x200000e8   COMPRESSED   0x00000002   Data   RW         3661    .data               usb_init.o
    0x200000ea   COMPRESSED   0x00000004   Data   RW         3688    .data               usb_int.o
    0x200000ee   COMPRESSED   0x0000001a   Data   RW         4331    .data               usb_desc.o
    0x20000108   COMPRESSED   0x0000000c   Data   RW         4365    .data               usb_istr.o
    0x20000114   COMPRESSED   0x0000001c   Data   RW         4366    .data               usb_istr.o
    0x20000130   COMPRESSED   0x0000001c   Data   RW         4367    .data               usb_istr.o
    0x2000014c   COMPRESSED   0x00000078   Data   RW         4409    .data               usb_prop.o
    0x200001c4   COMPRESSED   0x00000002   Data   RW         4410    .data               usb_prop.o
    0x200001c6   COMPRESSED   0x00000002   PAD
    0x200001c8   COMPRESSED   0x00000024   Data   RW         4411    .data               usb_prop.o
    0x200001ec   COMPRESSED   0x00000004   Data   RW         4524    .data               usb_pwr.o
    0x200001f0   COMPRESSED   0x00000001   Data   RW         4525    .data               usb_pwr.o
    0x200001f1   COMPRESSED   0x00000003   PAD
    0x200001f4   COMPRESSED   0x00000008   Data   RW         4526    .data               usb_pwr.o
    0x200001fc   COMPRESSED   0x00000064   Data   RW         4796    .data               ch375_app.o
    0x20000260   COMPRESSED   0x00000004   Data   RW         4949    .data               mc_w.l(rand.o)
    0x20000264   COMPRESSED   0x00000004   Data   RW         5285    .data               mc_w.l(mvars.o)
    0x20000268   COMPRESSED   0x00000004   Data   RW         5286    .data               mc_w.l(mvars.o)
    0x2000026c        -       0x00000010   Zero   RW            3    .bss                main.o
    0x2000027c        -       0x00000134   Zero   RW         1971    .bss                cm_backtrace.o
    0x200003b0        -       0x0000001a   Zero   RW         2043    .bss                tm_stm32_gpio.o
    0x200003ca   COMPRESSED   0x00000002   PAD
    0x200003cc        -       0x00001534   Zero   RW         2198    .bss                tm_que.o
    0x20001900        -       0x000008d4   Zero   RW         2698    .bss                queue.o
    0x200021d4        -       0x00000080   Zero   RW         2982    .bss                des.o
    0x20002254   COMPRESSED   0x00000004   PAD
    0x20002258        -       0x00000234   Zero   RW         3090    .bss                notecat.o
    0x2000248c        -       0x00000074   Zero   RW         3454    .bss                printer.o
    0x20002500        -       0x0000001c   Zero   RW         3657    .bss                usb_init.o
    0x2000251c        -       0x00000040   Zero   RW         4256    .bss                myhid_driver.o
    0x2000255c        -       0x00000040   Zero   RW         4408    .bss                usb_prop.o
    0x2000259c        -       0x00000020   Zero   RW         4523    .bss                usb_pwr.o
    0x200025bc        -       0x00000026   Zero   RW         4590    .bss                host_sys.o
    0x200025e2   COMPRESSED   0x00000002   PAD
    0x200025e4        -       0x000006b6   Zero   RW         4791    .bss                ch375_app.o
    0x20002c9a   COMPRESSED   0x00000006   PAD
    0x20002ca0        -       0x00000600   Zero   RW          397    HEAP                startup_stm32f10x_md.o
    0x200032a0        -       0x00000400   Zero   RW          396    STACK               startup_stm32f10x_md.o


==============================================================================

Image component sizes


      Code (inc. data)   RO Data    RW Data    ZI Data      Debug   Object Name

      6356       1048         79        100       1718      28047   ch375_app.o
      1824        388       1790         20        308      10772   cm_backtrace.o
        12          0          0          0          0        396   cmb_fault.o
        48          0          0          0          0        593   debug.o
       184         26          0          4          0       2259   delay.o
       616         38        880          8        128       4770   des.o
       838        106          0          0          0      12477   hid_data.o
      1694        104          0          0         38      17657   host_sys.o
       304         30          0          0          0       5239   hw_config.o
       668        170          0          7          0       3084   key.o
       384         92          0          4         16     279965   main.o
       144         16          0          0          0       2449   misc.o
       184         22          0          8          0       4896   multi_timer.o
       194         14          0          0         64       2905   myhid_driver.o
      3926       1090         78         68        564      18815   notecat.o
       512         68          0          0          0       3387   para.o
      2290        564         14          3        116      10174   printer.o
       296         20          0          0       2260       4401   queue.o
         0          0          0          0          0        496   segled.o
       500         30          0          0          0       6321   spi_dri.o
        36          8        236          0       2560        908   startup_stm32f10x_md.o
        16          0          0          0          0       1968   stm32_it.o
        78         16          0          0          0       3700   stm32f10x_dma.o
        12          6          0          0          0        573   stm32f10x_exti.o
       252          6          0          0          0       4322   stm32f10x_gpio.o
        16          0          0          0          0       3498   stm32f10x_it.o
       228         38          0         20          0       6044   stm32f10x_rcc.o
        98          0          0          0          0       4322   stm32f10x_spi.o
       222         42          0          0          0       4981   stm32f10x_tim.o
       268          6          0          0          0       6031   stm32f10x_usart.o
       248         24          0         20          0       1985   system_stm32f10x.o
       242         22          0          4          0       1993   timer.o
       156         16          0          0          0       2216   tm_dev_spi.o
       348         12          0          0       5428       4824   tm_que.o
       154         16          0          0         26       3402   tm_stm32_gpio.o
       122          0          0          0          0       2515   tm_string.o
       396         26         56         44          0       6157   usart.o
      2186        286          0          4          0      16095   usb_core.o
         0          0        166         26          0       1384   usb_desc.o
        12          4          0          0          0        486   usb_endp.o
        40         18          0         15         28       4410   usb_init.o
       344         30          0          4          0       1948   usb_int.o
       328         26          0         68          0       1927   usb_istr.o
        72         10          0          0          0       2112   usb_mem.o
       594        136          0        158         64      14088   usb_prop.o
       432         50          0         13         32       4468   usb_pwr.o
       606        106          0          0          0      11309   usb_regs.o
        32          8          0          0          0        543   usb_sil.o

    ----------------------------------------------------------------------
     28564       4738       3336        608      13364     537312   Object Totals
         0          0         32          0          0          0   (incl. Generated)
        52          0          5         10         14          0   (incl. Padding)

    ----------------------------------------------------------------------

      Code (inc. data)   RO Data    RW Data    ZI Data      Debug   Library Member Name

        56          8          0          0          0         84   __0sscanf.o
        86          0          0          0          0          0   __dczerorl2.o
        28          0          0          0          0         68   _chval.o
       812          4          0          0          0        112   _scanf.o
       332          0          0          0          0         96   _scanf_int.o
       224          0          0          0          0         96   _scanf_str.o
        64          0          0          0          0         84   _sgetc.o
        40          6         64          0          0         68   ctype_c.o
         0          0          0          0          0          0   entry.o
         0          0          0          0          0          0   entry10a.o
         0          0          0          0          0          0   entry11a.o
         8          4          0          0          0          0   entry2.o
         4          0          0          0          0          0   entry5.o
         0          0          0          0          0          0   entry7b.o
         0          0          0          0          0          0   entry8b.o
         8          4          0          0          0          0   entry9a.o
        30          0          0          0          0          0   handlers.o
        36          8          0          0          0         68   init.o
        10          0          0          0          0         68   isspace_c.o
         0          0          0          0          0          0   iusefp.o
        30          0          0          0          0         68   llshl.o
        36          0          0          0          0         68   llsshr.o
        32          0          0          0          0         68   llushr.o
       188         20          0          0          0        160   malloc.o
        36          0          0          0          0         68   memcpya.o
        36          0          0          0          0        108   memseta.o
         0          0          0          8          0          0   mvars.o
      2342         90          0          0          0        668   printfa.o
        36         10          0          4          0        136   rand.o
        40          8          0          0          0         84   scanf_char.o
        14          0          0          0          0         68   strlen.o
        24          0          0          0          0         76   strncpy.o
        44          0          0          0          0         80   uidiv.o
        98          0          0          0          0         92   uldiv.o
        48          0          0          0          0         68   cdrcmple.o
       334          0          0          0          0        148   dadd.o
       222          0          0          0          0        100   ddiv.o
       186          0          0          0          0        176   depilogue.o
        50          0          0          0          0         76   dfixui.o
        48          0          0          0          0         68   dfixul.o
        26          0          0          0          0         76   dfltui.o
       228          0          0          0          0         96   dmul.o

    ----------------------------------------------------------------------
      5844        162         64         12          0       3296   Library Totals
         8          0          0          0          0          0   (incl. Padding)

    ----------------------------------------------------------------------

      Code (inc. data)   RO Data    RW Data    ZI Data      Debug   Library Name

      4694        162         64         12          0       2488   mc_w.l
      1142          0          0          0          0        808   mf_w.l

    ----------------------------------------------------------------------
      5844        162         64         12          0       3296   Library Totals

    ----------------------------------------------------------------------

==============================================================================


      Code (inc. data)   RO Data    RW Data    ZI Data      Debug   

     34408       4900       3400        620      13364     524356   Grand Totals
     34408       4900       3400        248      13364     524356   ELF Image Totals (compressed)
     34408       4900       3400        248          0          0   ROM Totals

==============================================================================

    Total RO  Size (Code + RO Data)                37808 (  36.92kB)
    Total RW  Size (RW Data + ZI Data)             13984 (  13.66kB)
    Total ROM Size (Code + RO Data + RW Data)      38056 (  37.16kB)

==============================================================================

