Component: ARM Compiler 5.06 update 6 (build 750) Tool: armlink [4d35ed]

==============================================================================

Section Cross References

    main.o(i.main) refers to misc.o(i.NVIC_PriorityGroupConfig) for NVIC_PriorityGroupConfig
    main.o(i.main) refers to stm32f10x_rcc.o(i.RCC_APB2PeriphClockCmd) for RCC_APB2PeriphClockCmd
    main.o(i.main) refers to stm32f10x_gpio.o(i.GPIO_PinRemapConfig) for GPIO_PinRemapConfig
    main.o(i.main) refers to delay.o(i.delay_init) for delay_init
    main.o(i.main) refers to cm_backtrace.o(i.cm_backtrace_init) for cm_backtrace_init
    main.o(i.main) refers to io_intput.o(i.HC245_GPIO_Init) for HC245_GPIO_Init
    main.o(i.main) refers to usart.o(i.Usart_Init) for Usart_Init
    main.o(i.main) refers to segled.o(i.Seg_Init) for Seg_Init
    main.o(i.main) refers to tm_stm32_gpio.o(i.TM_GPIO_Init) for TM_GPIO_Init
    main.o(i.main) refers to timer.o(i.Timer2_Init) for Timer2_Init
    main.o(i.main) refers to multi_timer.o(i.tm_timer_init) for tm_timer_init
    main.o(i.main) refers to multi_timer.o(i.tm_timer_start) for tm_timer_start
    main.o(i.main) refers to multi_timer.o(i.tm_timer_CheckFlag) for tm_timer_CheckFlag
    main.o(i.main) refers to multi_timer.o(i.tm_timer_ClearFlag) for tm_timer_ClearFlag
    main.o(i.main) refers to main.o(.bss) for debug_ms
    system_stm32f10x.o(i.SetSysClock) refers to system_stm32f10x.o(i.SetSysClockTo72) for SetSysClockTo72
    system_stm32f10x.o(i.SystemCoreClockUpdate) refers to system_stm32f10x.o(.data) for SystemCoreClock
    system_stm32f10x.o(i.SystemInit) refers to system_stm32f10x.o(i.SetSysClock) for SetSysClock
    startup_stm32f10x_md.o(RESET) refers to startup_stm32f10x_md.o(STACK) for __initial_sp
    startup_stm32f10x_md.o(RESET) refers to startup_stm32f10x_md.o(.text) for Reset_Handler
    startup_stm32f10x_md.o(RESET) refers to stm32f10x_it.o(i.NMI_Handler) for NMI_Handler
    startup_stm32f10x_md.o(RESET) refers to cmb_fault.o(.text) for HardFault_Handler
    startup_stm32f10x_md.o(RESET) refers to stm32f10x_it.o(i.MemManage_Handler) for MemManage_Handler
    startup_stm32f10x_md.o(RESET) refers to stm32f10x_it.o(i.BusFault_Handler) for BusFault_Handler
    startup_stm32f10x_md.o(RESET) refers to stm32f10x_it.o(i.UsageFault_Handler) for UsageFault_Handler
    startup_stm32f10x_md.o(RESET) refers to stm32f10x_it.o(i.SVC_Handler) for SVC_Handler
    startup_stm32f10x_md.o(RESET) refers to stm32f10x_it.o(i.DebugMon_Handler) for DebugMon_Handler
    startup_stm32f10x_md.o(RESET) refers to stm32f10x_it.o(i.PendSV_Handler) for PendSV_Handler
    startup_stm32f10x_md.o(RESET) refers to stm32f10x_it.o(i.SysTick_Handler) for SysTick_Handler
    startup_stm32f10x_md.o(RESET) refers to timer.o(i.TIM2_IRQHandler) for TIM2_IRQHandler
    startup_stm32f10x_md.o(RESET) refers to timer.o(i.TIM3_IRQHandler) for TIM3_IRQHandler
    startup_stm32f10x_md.o(RESET) refers to usart.o(i.USART1_IRQHandler) for USART1_IRQHandler
    startup_stm32f10x_md.o(.text) refers to system_stm32f10x.o(i.SystemInit) for SystemInit
    startup_stm32f10x_md.o(.text) refers to entry.o(.ARM.Collect$$$$00000000) for __main
    stm32f10x_gpio.o(i.GPIO_AFIODeInit) refers to stm32f10x_rcc.o(i.RCC_APB2PeriphResetCmd) for RCC_APB2PeriphResetCmd
    stm32f10x_gpio.o(i.GPIO_DeInit) refers to stm32f10x_rcc.o(i.RCC_APB2PeriphResetCmd) for RCC_APB2PeriphResetCmd
    stm32f10x_rcc.o(i.RCC_GetClocksFreq) refers to stm32f10x_rcc.o(.data) for APBAHBPrescTable
    stm32f10x_rcc.o(i.RCC_WaitForHSEStartUp) refers to stm32f10x_rcc.o(i.RCC_GetFlagStatus) for RCC_GetFlagStatus
    stm32f10x_spi.o(i.I2S_Init) refers to stm32f10x_rcc.o(i.RCC_GetClocksFreq) for RCC_GetClocksFreq
    stm32f10x_spi.o(i.SPI_I2S_DeInit) refers to stm32f10x_rcc.o(i.RCC_APB2PeriphResetCmd) for RCC_APB2PeriphResetCmd
    stm32f10x_spi.o(i.SPI_I2S_DeInit) refers to stm32f10x_rcc.o(i.RCC_APB1PeriphResetCmd) for RCC_APB1PeriphResetCmd
    stm32f10x_tim.o(i.TIM_DeInit) refers to stm32f10x_rcc.o(i.RCC_APB2PeriphResetCmd) for RCC_APB2PeriphResetCmd
    stm32f10x_tim.o(i.TIM_DeInit) refers to stm32f10x_rcc.o(i.RCC_APB1PeriphResetCmd) for RCC_APB1PeriphResetCmd
    stm32f10x_tim.o(i.TIM_ETRClockMode1Config) refers to stm32f10x_tim.o(i.TIM_ETRConfig) for TIM_ETRConfig
    stm32f10x_tim.o(i.TIM_ETRClockMode2Config) refers to stm32f10x_tim.o(i.TIM_ETRConfig) for TIM_ETRConfig
    stm32f10x_tim.o(i.TIM_ICInit) refers to stm32f10x_tim.o(i.TI1_Config) for TI1_Config
    stm32f10x_tim.o(i.TIM_ICInit) refers to stm32f10x_tim.o(i.TIM_SetIC1Prescaler) for TIM_SetIC1Prescaler
    stm32f10x_tim.o(i.TIM_ICInit) refers to stm32f10x_tim.o(i.TI2_Config) for TI2_Config
    stm32f10x_tim.o(i.TIM_ICInit) refers to stm32f10x_tim.o(i.TIM_SetIC2Prescaler) for TIM_SetIC2Prescaler
    stm32f10x_tim.o(i.TIM_ICInit) refers to stm32f10x_tim.o(i.TI3_Config) for TI3_Config
    stm32f10x_tim.o(i.TIM_ICInit) refers to stm32f10x_tim.o(i.TIM_SetIC3Prescaler) for TIM_SetIC3Prescaler
[...]
    printfa.o(i._fp_digits) refers to dfixul.o(.text) for __aeabi_d2ulz
    printfa.o(i._fp_digits) refers to uldiv.o(.text) for __aeabi_uldivmod
    printfa.o(i._printf_core) refers (Special) to iusefp.o(.text) for __I$use$fp
    printfa.o(i._printf_core) refers to printfa.o(i._printf_pre_padding) for _printf_pre_padding
    printfa.o(i._printf_core) refers to uldiv.o(.text) for __aeabi_uldivmod
    printfa.o(i._printf_core) refers to printfa.o(i._printf_post_padding) for _printf_post_padding
    printfa.o(i._printf_core) refers to printfa.o(i._fp_digits) for _fp_digits
    printfa.o(i._printf_core) refers to uidiv.o(.text) for __aeabi_uidivmod
    printfa.o(i._printf_post_padding) refers (Special) to iusefp.o(.text) for __I$use$fp
    printfa.o(i._printf_pre_padding) refers (Special) to iusefp.o(.text) for __I$use$fp
    printfa.o(i._snputc) refers (Special) to iusefp.o(.text) for __I$use$fp
    printfa.o(i._sputc) refers (Special) to iusefp.o(.text) for __I$use$fp
    malloc.o(i.free) refers to mvars.o(.data) for __microlib_freelist
    malloc.o(i.malloc) refers to mvars.o(.data) for __microlib_freelist_initialised
    malloc.o(i.malloc) refers to mvars.o(.data) for __microlib_freelist
    malloc.o(i.malloc) refers to startup_stm32f10x_md.o(HEAP) for __heap_base
    mallocr.o(i.__free$realloc) refers to mvars.o(.data) for __microlib_freelist
    mallocr.o(i.__malloc$realloc) refers to mallocr.o(i.internal_alloc) for internal_alloc
    mallocr.o(i.__malloc$realloc) refers to mvars.o(.data) for __microlib_freelist_initialised
    mallocr.o(i.__malloc$realloc) refers to startup_stm32f10x_md.o(HEAP) for __heap_base
    mallocr.o(i.__malloc$realloc) refers to mvars.o(.data) for __microlib_freelist
    mallocr.o(i.internal_alloc) refers to memcpya.o(.text) for __aeabi_memcpy
    mallocr.o(i.internal_alloc) refers to mvars.o(.data) for __microlib_freelist
    mallocr.o(i.realloc) refers to mallocr.o(i.__free$realloc) for __free$realloc
    mallocr.o(i.realloc) refers to mallocr.o(i.internal_alloc) for internal_alloc
    mallocr.o(i.realloc) refers to mallocr.o(i.__malloc$realloc) for __malloc$realloc
    mallocr.o(i.realloc) refers to mvars.o(.data) for __microlib_freelist
    malloca.o(i.__aligned_malloc) refers to mvars.o(.data) for __microlib_freelist_initialised
    malloca.o(i.__aligned_malloc) refers to mvars.o(.data) for __microlib_freelist
    malloca.o(i.__aligned_malloc) refers to startup_stm32f10x_md.o(HEAP) for __heap_base
    malloca.o(i.__free$memalign) refers to mvars.o(.data) for __microlib_freelist
    malloca.o(i.__malloc$memalign) refers to malloca.o(i.__aligned_malloc) for __aligned_malloc
    mallocra.o(i.__aligned_malloc$realloc) refers to mallocra.o(i.internal_alloc) for internal_alloc
    mallocra.o(i.__aligned_malloc$realloc) refers to mvars.o(.data) for __microlib_freelist_initialised
    mallocra.o(i.__aligned_malloc$realloc) refers to startup_stm32f10x_md.o(HEAP) for __heap_base
    mallocra.o(i.__aligned_malloc$realloc) refers to mvars.o(.data) for __microlib_freelist
    mallocra.o(i.__free$realloc$memalign) refers to mvars.o(.data) for __microlib_freelist
    mallocra.o(i.__malloc$realloc$memalign) refers to mallocra.o(i.__aligned_malloc$realloc) for __aligned_malloc$realloc
    mallocra.o(i.__realloc$memalign) refers to mallocra.o(i.__free$realloc$memalign) for __free$realloc$memalign
    mallocra.o(i.__realloc$memalign) refers to mallocra.o(i.internal_alloc) for internal_alloc
    mallocra.o(i.__realloc$memalign) refers to mallocra.o(i.__malloc$realloc$memalign) for __malloc$realloc$memalign
    mallocra.o(i.__realloc$memalign) refers to mvars.o(.data) for __microlib_freelist
    mallocra.o(i.internal_alloc) refers to memcpya.o(.text) for __aeabi_memcpy
    mallocra.o(i.internal_alloc) refers to mvars.o(.data) for __microlib_freelist
    entry2.o(.ARM.Collect$$$$00000001) refers to entry2.o(.ARM.Collect$$$$00002712) for __lit__00000000
    entry2.o(.ARM.Collect$$$$00002712) refers to startup_stm32f10x_md.o(STACK) for __initial_sp
    entry2.o(__vectab_stack_and_reset_area) refers to startup_stm32f10x_md.o(STACK) for __initial_sp
    entry2.o(__vectab_stack_and_reset_area) refers to entry.o(.ARM.Collect$$$$00000000) for __main
    entry5.o(.ARM.Collect$$$$00000004) refers to init.o(.text) for __scatterload
    entry9a.o(.ARM.Collect$$$$0000000B) refers to main.o(i.main) for main
    entry9b.o(.ARM.Collect$$$$0000000C) refers to main.o(i.main) for main
    uldiv.o(.text) refers to llushr.o(.text) for __aeabi_llsr
    uldiv.o(.text) refers to llshl.o(.text) for __aeabi_llsl
    dadd.o(.text) refers to llshl.o(.text) for __aeabi_llsl
    dadd.o(.text) refers to llsshr.o(.text) for __aeabi_lasr
    dadd.o(.text) refers to depilogue.o(.text) for _double_epilogue
    dmul.o(.text) refers to depilogue.o(.text) for _double_epilogue
    ddiv.o(.text) refers to depilogue.o(.text) for _double_round
    dfixul.o(.text) refers to llushr.o(.text) for __aeabi_llsr
    dfixul.o(.text) refers to llshl.o(.text) for __aeabi_llsl
    init.o(.text) refers to entry5.o(.ARM.Collect$$$$00000004) for __main_after_scatterload
    depilogue.o(.text) refers to llshl.o(.text) for __aeabi_llsl
    depilogue.o(.text) refers to llushr.o(.text) for __aeabi_llsr


==============================================================================

Removing Unused input sections from the image.

    Removing main.o(.emb_text), (16 bytes).
    Removing system_stm32f10x.o(i.SystemCoreClockUpdate), (256 bytes).
    Removing core_cm3.o(.emb_text), (32 bytes).
    Removing misc.o(i.NVIC_SetVectorTable), (20 bytes).
    Removing misc.o(i.NVIC_SystemLPConfig), (32 bytes).
    Removing stm32f10x_gpio.o(i.GPIO_AFIODeInit), (20 bytes).
    Removing stm32f10x_gpio.o(i.GPIO_DeInit), (200 bytes).
    Removing stm32f10x_gpio.o(i.GPIO_ETH_MediaInterfaceConfig), (12 bytes).
    Removing stm32f10x_gpio.o(i.GPIO_EXTILineConfig), (64 bytes).
    Removing stm32f10x_gpio.o(i.GPIO_EventOutputCmd), (12 bytes).
    Removing stm32f10x_gpio.o(i.GPIO_EventOutputConfig), (32 bytes).
    Removing stm32f10x_gpio.o(i.GPIO_PinLockConfig), (18 bytes).
    Removing stm32f10x_gpio.o(i.GPIO_ReadInputData), (8 bytes).
    Removing stm32f10x_gpio.o(i.GPIO_ReadInputDataBit), (18 bytes).
    Removing stm32f10x_gpio.o(i.GPIO_ReadOutputData), (8 bytes).
    Removing stm32f10x_gpio.o(i.GPIO_ReadOutputDataBit), (18 bytes).
    Removing stm32f10x_gpio.o(i.GPIO_ResetBits), (4 bytes).
    Removing stm32f10x_gpio.o(i.GPIO_SetBits), (4 bytes).
    Removing stm32f10x_gpio.o(i.GPIO_StructInit), (16 bytes).
    Removing stm32f10x_gpio.o(i.GPIO_Write), (4 bytes).
    Removing stm32f10x_gpio.o(i.GPIO_WriteBit), (10 bytes).
    Removing stm32f10x_rcc.o(i.RCC_ADCCLKConfig), (24 bytes).
    Removing stm32f10x_rcc.o(i.RCC_AHBPeriphClockCmd), (32 bytes).
    Removing stm32f10x_rcc.o(i.RCC_AHBPeriphResetCmd), (32 bytes).
    Removing stm32f10x_rcc.o(i.RCC_APB1PeriphResetCmd), (32 bytes).
    Removing stm32f10x_rcc.o(i.RCC_APB2PeriphResetCmd), (32 bytes).
    Removing stm32f10x_rcc.o(i.RCC_AdjustHSICalibrationValue), (24 bytes).
    Removing stm32f10x_rcc.o(i.RCC_BackupResetCmd), (12 bytes).
    Removing stm32f10x_rcc.o(i.RCC_ClearFlag), (20 bytes).
    Removing stm32f10x_rcc.o(i.RCC_ClearITPendingBit), (12 bytes).
    Removing stm32f10x_rcc.o(i.RCC_ClockSecuritySystemCmd), (12 bytes).
    Removing stm32f10x_rcc.o(i.RCC_DeInit), (92 bytes).
    Removing stm32f10x_rcc.o(i.RCC_GetFlagStatus), (60 bytes).
    Removing stm32f10x_rcc.o(i.RCC_GetITStatus), (24 bytes).
    Removing stm32f10x_rcc.o(i.RCC_GetSYSCLKSource), (16 bytes).
    Removing stm32f10x_rcc.o(i.RCC_HCLKConfig), (24 bytes).
    Removing stm32f10x_rcc.o(i.RCC_HSEConfig), (76 bytes).
    Removing stm32f10x_rcc.o(i.RCC_HSICmd), (12 bytes).
    Removing stm32f10x_rcc.o(i.RCC_I2S2CLKConfig), (12 bytes).
    Removing stm32f10x_rcc.o(i.RCC_I2S3CLKConfig), (12 bytes).
    Removing stm32f10x_rcc.o(i.RCC_ITConfig), (32 bytes).
    Removing stm32f10x_rcc.o(i.RCC_LSEConfig), (52 bytes).
    Removing stm32f10x_rcc.o(i.RCC_LSICmd), (12 bytes).
    Removing stm32f10x_rcc.o(i.RCC_MCOConfig), (12 bytes).
    Removing stm32f10x_rcc.o(i.RCC_OTGFSCLKConfig), (12 bytes).
    Removing stm32f10x_rcc.o(i.RCC_PCLK1Config), (24 bytes).
    Removing stm32f10x_rcc.o(i.RCC_PCLK2Config), (24 bytes).
    Removing stm32f10x_rcc.o(i.RCC_PLL2Cmd), (12 bytes).
    Removing stm32f10x_rcc.o(i.RCC_PLL2Config), (24 bytes).
    Removing stm32f10x_rcc.o(i.RCC_PLL3Cmd), (12 bytes).
    Removing stm32f10x_rcc.o(i.RCC_PLL3Config), (24 bytes).
    Removing stm32f10x_rcc.o(i.RCC_PLLCmd), (12 bytes).
    Removing stm32f10x_rcc.o(i.RCC_PLLConfig), (28 bytes).
    Removing stm32f10x_rcc.o(i.RCC_PREDIV1Config), (32 bytes).
    Removing stm32f10x_rcc.o(i.RCC_PREDIV2Config), (24 bytes).
    Removing stm32f10x_rcc.o(i.RCC_RTCCLKCmd), (12 bytes).
    Removing stm32f10x_rcc.o(i.RCC_RTCCLKConfig), (16 bytes).
    Removing stm32f10x_rcc.o(i.RCC_SYSCLKConfig), (24 bytes).
    Removing stm32f10x_rcc.o(i.RCC_WaitForHSEStartUp), (56 bytes).
    Removing stm32f10x_spi.o(i.I2S_Cmd), (24 bytes).
    Removing stm32f10x_spi.o(i.I2S_Init), (304 bytes).
    Removing stm32f10x_spi.o(i.I2S_StructInit), (20 bytes).
    Removing stm32f10x_spi.o(i.SPI_BiDirectionalLineConfig), (28 bytes).
    Removing stm32f10x_spi.o(i.SPI_CalculateCRC), (24 bytes).
    Removing stm32f10x_spi.o(i.SPI_Cmd), (24 bytes).
    Removing stm32f10x_spi.o(i.SPI_DataSizeConfig), (18 bytes).
    Removing stm32f10x_spi.o(i.SPI_GetCRC), (16 bytes).
    Removing stm32f10x_spi.o(i.SPI_GetCRCPolynomial), (6 bytes).
    Removing stm32f10x_spi.o(i.SPI_I2S_ClearFlag), (6 bytes).
    Removing stm32f10x_spi.o(i.SPI_I2S_ClearITPendingBit), (20 bytes).
    Removing stm32f10x_spi.o(i.SPI_I2S_DMACmd), (18 bytes).
    Removing stm32f10x_spi.o(i.SPI_I2S_DeInit), (88 bytes).
    Removing stm32f10x_spi.o(i.SPI_I2S_GetFlagStatus), (18 bytes).
    Removing stm32f10x_spi.o(i.SPI_I2S_GetITStatus), (52 bytes).
    Removing stm32f10x_spi.o(i.SPI_I2S_ITConfig), (32 bytes).
    Removing stm32f10x_spi.o(i.SPI_I2S_ReceiveData), (6 bytes).
    Removing stm32f10x_spi.o(i.SPI_I2S_SendData), (4 bytes).
    Removing stm32f10x_spi.o(i.SPI_Init), (60 bytes).
    Removing stm32f10x_spi.o(i.SPI_NSSInternalSoftwareConfig), (30 bytes).
    Removing stm32f10x_spi.o(i.SPI_SSOutputCmd), (24 bytes).
    Removing stm32f10x_spi.o(i.SPI_StructInit), (24 bytes).
    Removing stm32f10x_spi.o(i.SPI_TransmitCRC), (10 bytes).
    Removing stm32f10x_tim.o(i.TI1_Config), (128 bytes).
    Removing stm32f10x_tim.o(i.TI2_Config), (152 bytes).
    Removing stm32f10x_tim.o(i.TI3_Config), (144 bytes).
    Removing stm32f10x_tim.o(i.TI4_Config), (152 bytes).
    Removing stm32f10x_tim.o(i.TIM_ARRPreloadConfig), (24 bytes).
    Removing stm32f10x_tim.o(i.TIM_BDTRConfig), (32 bytes).
    Removing stm32f10x_tim.o(i.TIM_BDTRStructInit), (18 bytes).
    Removing stm32f10x_tim.o(i.TIM_CCPreloadControl), (24 bytes).
    Removing stm32f10x_tim.o(i.TIM_CCxCmd), (30 bytes).
    Removing stm32f10x_tim.o(i.TIM_CCxNCmd), (30 bytes).
    Removing stm32f10x_tim.o(i.TIM_ClearFlag), (6 bytes).
    Removing stm32f10x_tim.o(i.TIM_ClearOC1Ref), (18 bytes).
    Removing stm32f10x_tim.o(i.TIM_ClearOC2Ref), (24 bytes).
    Removing stm32f10x_tim.o(i.TIM_ClearOC3Ref), (18 bytes).
    Removing stm32f10x_tim.o(i.TIM_ClearOC4Ref), (24 bytes).
    Removing stm32f10x_tim.o(i.TIM_CounterModeConfig), (18 bytes).
    Removing stm32f10x_tim.o(i.TIM_CtrlPWMOutputs), (30 bytes).
    Removing stm32f10x_tim.o(i.TIM_DMACmd), (18 bytes).
    Removing stm32f10x_tim.o(i.TIM_DMAConfig), (10 bytes).
    Removing stm32f10x_tim.o(i.TIM_DeInit), (488 bytes).
    Removing stm32f10x_tim.o(i.TIM_ETRClockMode1Config), (54 bytes).
    Removing stm32f10x_tim.o(i.TIM_ETRClockMode2Config), (32 bytes).
    Removing stm32f10x_tim.o(i.TIM_ETRConfig), (28 bytes).
    Removing stm32f10x_tim.o(i.TIM_EncoderInterfaceConfig), (66 bytes).
    Removing stm32f10x_tim.o(i.TIM_ForcedOC1Config), (18 bytes).
    Removing stm32f10x_tim.o(i.TIM_ForcedOC2Config), (26 bytes).
    Removing stm32f10x_tim.o(i.TIM_ForcedOC3Config), (18 bytes).
    Removing stm32f10x_tim.o(i.TIM_ForcedOC4Config), (26 bytes).
    Removing stm32f10x_tim.o(i.TIM_GenerateEvent), (4 bytes).
    Removing stm32f10x_tim.o(i.TIM_GetCapture1), (6 bytes).
    Removing stm32f10x_tim.o(i.TIM_GetCapture2), (6 bytes).
    Removing stm32f10x_tim.o(i.TIM_GetCapture3), (6 bytes).
    Removing stm32f10x_tim.o(i.TIM_GetCapture4), (8 bytes).
    Removing stm32f10x_tim.o(i.TIM_GetCounter), (6 bytes).
    Removing stm32f10x_tim.o(i.TIM_GetFlagStatus), (18 bytes).
    Removing stm32f10x_tim.o(i.TIM_GetPrescaler), (6 bytes).
    Removing stm32f10x_tim.o(i.TIM_ICInit), (172 bytes).
    Removing stm32f10x_tim.o(i.TIM_ICStructInit), (18 bytes).
    Removing stm32f10x_tim.o(i.TIM_ITRxExternalClockConfig), (24 bytes).
    Removing stm32f10x_tim.o(i.TIM_InternalClockConfig), (12 bytes).
    Removing stm32f10x_tim.o(i.TIM_OC1FastConfig), (18 bytes).
    Removing stm32f10x_tim.o(i.TIM_OC1Init), (152 bytes).
    Removing stm32f10x_tim.o(i.TIM_OC1NPolarityConfig), (18 bytes).
    Removing stm32f10x_tim.o(i.TIM_OC1PolarityConfig), (18 bytes).
    Removing stm32f10x_tim.o(i.TIM_OC1PreloadConfig), (18 bytes).
    Removing stm32f10x_tim.o(i.TIM_OC2FastConfig), (26 bytes).
    Removing stm32f10x_tim.o(i.TIM_OC2Init), (164 bytes).
    Removing stm32f10x_tim.o(i.TIM_OC2NPolarityConfig), (26 bytes).
    Removing stm32f10x_tim.o(i.TIM_OC2PolarityConfig), (26 bytes).
    Removing stm32f10x_tim.o(i.TIM_OC2PreloadConfig), (26 bytes).
    Removing stm32f10x_tim.o(i.TIM_OC3FastConfig), (18 bytes).
    Removing stm32f10x_tim.o(i.TIM_OC3Init), (160 bytes).
    Removing stm32f10x_tim.o(i.TIM_OC3NPolarityConfig), (26 bytes).
    Removing stm32f10x_tim.o(i.TIM_OC3PolarityConfig), (26 bytes).
    Removing stm32f10x_tim.o(i.TIM_OC3PreloadConfig), (18 bytes).
    Removing stm32f10x_tim.o(i.TIM_OC4FastConfig), (26 bytes).
    Removing stm32f10x_tim.o(i.TIM_OC4Init), (124 bytes).
    Removing stm32f10x_tim.o(i.TIM_OC4PolarityConfig), (26 bytes).
    Removing stm32f10x_tim.o(i.TIM_OC4PreloadConfig), (26 bytes).
    Removing stm32f10x_tim.o(i.TIM_OCStructInit), (20 bytes).
    Removing stm32f10x_tim.o(i.TIM_PWMIConfig), (124 bytes).
    Removing stm32f10x_tim.o(i.TIM_PrescalerConfig), (6 bytes).
    Removing stm32f10x_tim.o(i.TIM_SelectCCDMA), (24 bytes).
    Removing stm32f10x_tim.o(i.TIM_SelectCOM), (24 bytes).
    Removing stm32f10x_tim.o(i.TIM_SelectHallSensor), (24 bytes).
    Removing stm32f10x_tim.o(i.TIM_SelectInputTrigger), (18 bytes).
    Removing stm32f10x_tim.o(i.TIM_SelectMasterSlaveMode), (18 bytes).
    Removing stm32f10x_tim.o(i.TIM_SelectOCxM), (82 bytes).
    Removing stm32f10x_tim.o(i.TIM_SelectOnePulseMode), (18 bytes).
    Removing stm32f10x_tim.o(i.TIM_SelectOutputTrigger), (18 bytes).
    Removing stm32f10x_tim.o(i.TIM_SelectSlaveMode), (18 bytes).
    Removing stm32f10x_tim.o(i.TIM_SetAutoreload), (4 bytes).
    Removing stm32f10x_tim.o(i.TIM_SetClockDivision), (18 bytes).
    Removing stm32f10x_tim.o(i.TIM_SetCompare1), (4 bytes).
    Removing stm32f10x_tim.o(i.TIM_SetCompare2), (4 bytes).
    Removing stm32f10x_tim.o(i.TIM_SetCompare3), (4 bytes).
    Removing stm32f10x_tim.o(i.TIM_SetCompare4), (6 bytes).
    Removing stm32f10x_tim.o(i.TIM_SetCounter), (4 bytes).
    Removing stm32f10x_tim.o(i.TIM_SetIC1Prescaler), (18 bytes).
    Removing stm32f10x_tim.o(i.TIM_SetIC2Prescaler), (26 bytes).
    Removing stm32f10x_tim.o(i.TIM_SetIC3Prescaler), (18 bytes).
    Removing stm32f10x_tim.o(i.TIM_SetIC4Prescaler), (26 bytes).
    Removing stm32f10x_tim.o(i.TIM_TIxExternalClockConfig), (62 bytes).
    Removing stm32f10x_tim.o(i.TIM_TimeBaseStructInit), (18 bytes).
    Removing stm32f10x_tim.o(i.TIM_UpdateDisableConfig), (24 bytes).
    Removing stm32f10x_tim.o(i.TIM_UpdateRequestConfig), (24 bytes).
    Removing stm32f10x_usart.o(i.USART_ClearITPendingBit), (30 bytes).
    Removing stm32f10x_usart.o(i.USART_ClockInit), (34 bytes).
    Removing stm32f10x_usart.o(i.USART_ClockStructInit), (12 bytes).
    Removing stm32f10x_usart.o(i.USART_DMACmd), (18 bytes).
    Removing stm32f10x_usart.o(i.USART_DeInit), (156 bytes).
    Removing stm32f10x_usart.o(i.USART_GetITStatus), (84 bytes).
    Removing stm32f10x_usart.o(i.USART_HalfDuplexCmd), (24 bytes).
    Removing stm32f10x_usart.o(i.USART_IrDACmd), (24 bytes).
    Removing stm32f10x_usart.o(i.USART_IrDAConfig), (18 bytes).
    Removing stm32f10x_usart.o(i.USART_LINBreakDetectLengthConfig), (18 bytes).
    Removing stm32f10x_usart.o(i.USART_LINCmd), (24 bytes).
    Removing stm32f10x_usart.o(i.USART_OneBitMethodCmd), (24 bytes).
    Removing stm32f10x_usart.o(i.USART_OverSampling8Cmd), (22 bytes).
    Removing stm32f10x_usart.o(i.USART_ReceiveData), (10 bytes).
    Removing stm32f10x_usart.o(i.USART_ReceiverWakeUpCmd), (24 bytes).
    Removing stm32f10x_usart.o(i.USART_SendBreak), (10 bytes).
    Removing stm32f10x_usart.o(i.USART_SetAddress), (18 bytes).
    Removing stm32f10x_usart.o(i.USART_SetGuardTime), (16 bytes).
    Removing stm32f10x_usart.o(i.USART_SetPrescaler), (16 bytes).
    Removing stm32f10x_usart.o(i.USART_SmartCardCmd), (24 bytes).
    Removing stm32f10x_usart.o(i.USART_SmartCardNACKCmd), (24 bytes).
    Removing stm32f10x_usart.o(i.USART_StructInit), (24 bytes).
    Removing stm32f10x_usart.o(i.USART_WakeUpConfig), (18 bytes).
    Removing cm_backtrace.o(.emb_text), (16 bytes).
    Removing cm_backtrace.o(i.cm_backtrace_assert), (132 bytes).
    Removing tm_stm32_gpio.o(i.TM_GPIO_DeInit), (88 bytes).
    Removing tm_stm32_gpio.o(i.TM_GPIO_GetFreePins), (28 bytes).
    Removing tm_stm32_gpio.o(i.TM_GPIO_GetPinSource), (18 bytes).
    Removing tm_stm32_gpio.o(i.TM_GPIO_GetUsedPins), (24 bytes).
    Removing tm_stm32_gpio.o(i.TM_GPIO_INT_DisableClock), (32 bytes).
    Removing tm_stm32_gpio.o(i.TM_GPIO_Lock), (16 bytes).
    Removing tm_stm32_spi.o(i.Delay), (18 bytes).
    Removing tm_stm32_spi.o(i.TM_SPI_InitPins), (124 bytes).
    Removing tm_stm32_spi.o(i.TM_SPI_RW), (118 bytes).
    Removing tm_stm32_spi.o(i.TM_SPI_ReadMulti), (50 bytes).
    Removing tm_stm32_spi.o(i.TM_SPI_SendMulti), (74 bytes).
    Removing tm_stm32_spi.o(i.TM_SPI_WriteMulti), (50 bytes).
    Removing tm_stm32_spi.o(.data), (32 bytes).
    Removing delay.o(i.delay_ms), (24 bytes).
    Removing delay.o(i.delay_ms1), (76 bytes).
    Removing delay.o(i.delay_us), (76 bytes).
    Removing sys.o(.emb_text), (6 bytes).
    Removing sys.o(i.INTX_DISABLE), (4 bytes).
    Removing sys.o(i.INTX_ENABLE), (4 bytes).
    Removing sys.o(i.WFI_SET), (4 bytes).
    Removing timer.o(i.Timer3_Init), (112 bytes).
    Removing usart.o(i.COM_Printf), (104 bytes).
    Removing usart.o(i.GetKey), (32 bytes).
    Removing usart.o(i.fputc), (18 bytes).
    Removing queue.o(i.Check_empty), (18 bytes).
    Removing queue.o(i.que_Read), (58 bytes).
    Removing queue.o(i.que_Regist), (26 bytes).
    Removing queue.o(i.que_Write), (100 bytes).
    Removing queue.o(i.que_size), (46 bytes).
    Removing queue.o(i.queue_Init), (40 bytes).
    Removing queue.o(.bss), (224 bytes).
    Removing spi_dri.o(i.FM24ReadString), (36 bytes).
    Removing spi_dri.o(i.FM24WriteString), (36 bytes).
    Removing spi_dri.o(i.FM25CL64B_ReadByte), (56 bytes).
    Removing spi_dri.o(i.FM25CL64B_Read_stateRegister), (40 bytes).
    Removing spi_dri.o(i.FM25CL64B_Text), (26 bytes).
    Removing spi_dri.o(i.FM25CL64B_WriteByte), (72 bytes).
    Removing spi_dri.o(i.FM25CL64B_Write_Disable), (32 bytes).
    Removing spi_dri.o(i.FM25CL64B_Write_Enable), (32 bytes).
    Removing spi_dri.o(i.FM25CL64B_Write_stateRegister), (40 bytes).
    Removing spi_dri.o(i.SPI1_Init), (196 bytes).
    Removing spi_dri.o(i.SPI_Send_Byte), (56 bytes).
    Removing spi_dri.o(i.SPIn2_Init), (200 bytes).
    Removing debug.o(i.pr), (104 bytes).
    Removing debug.o(i.pr_func), (136 bytes).
    Removing pwm.o(i.TIM_PWM_GetInitDat), (184 bytes).
    Removing pwm.o(i.Time1_PWM_Init), (172 bytes).
    Removing pwm.o(i.Time4_PWM_Init), (220 bytes).
    Removing pwm.o(i.Timer1_PWM_Out), (160 bytes).
    Removing pwm.o(i.Timer4_PWM_Out), (160 bytes).
    Removing pwm.o(i.Timer_PWM_Out), (132 bytes).
    Removing pwm.o(i.adjuctTIM_Fre), (72 bytes).
    Removing pwm.o(i.getPrimeFactor), (74 bytes).
    Removing pwm.o(i.isPrime), (30 bytes).
    Removing pwm.o(.constdata), (19 bytes).
    Removing pwm.o(.data), (8 bytes).
    Removing segled.o(i.Seg_print), (248 bytes).
    Removing segled.o(.constdata), (108 bytes).

251 unused section(s) (total 11315 bytes) removed from the image.

==============================================================================

Image Symbol Table

    Local Symbols

    Symbol Name                              Value     Ov Type        Size  Object(Section)

    ../clib/microlib/division.c              0x00000000   Number         0  uidiv.o ABSOLUTE
    ../clib/microlib/division.c              0x00000000   Number         0  uldiv.o ABSOLUTE
    ../clib/microlib/init/entry.s            0x00000000   Number         0  entry.o ABSOLUTE
    ../clib/microlib/init/entry.s            0x00000000   Number         0  entry7a.o ABSOLUTE
    ../clib/microlib/init/entry.s            0x00000000   Number         0  entry9a.o ABSOLUTE
    ../clib/microlib/init/entry.s            0x00000000   Number         0  entry8b.o ABSOLUTE
    ../clib/microlib/init/entry.s            0x00000000   Number         0  entry8a.o ABSOLUTE
    ../clib/microlib/init/entry.s            0x00000000   Number         0  entry11b.o ABSOLUTE
    ../clib/microlib/init/entry.s            0x00000000   Number         0  entry10a.o ABSOLUTE
    ../clib/microlib/init/entry.s            0x00000000   Number         0  entry9b.o ABSOLUTE
    ../clib/microlib/init/entry.s            0x00000000   Number         0  entry2.o ABSOLUTE
    ../clib/microlib/init/entry.s            0x00000000   Number         0  entry10b.o ABSOLUTE
    ../clib/microlib/init/entry.s            0x00000000   Number         0  entry7b.o ABSOLUTE
    ../clib/microlib/init/entry.s            0x00000000   Number         0  entry5.o ABSOLUTE
    ../clib/microlib/init/entry.s            0x00000000   Number         0  entry11a.o ABSOLUTE
    ../clib/microlib/longlong.c              0x00000000   Number         0  llsshr.o ABSOLUTE
    ../clib/microlib/longlong.c              0x00000000   Number         0  llshl.o ABSOLUTE
    ../clib/microlib/longlong.c              0x00000000   Number         0  llushr.o ABSOLUTE
    ../clib/microlib/malloc/malloc.c         0x00000000   Number         0  malloca.o ABSOLUTE
    ../clib/microlib/malloc/malloc.c         0x00000000   Number         0  malloc.o ABSOLUTE
    ../clib/microlib/malloc/malloc.c         0x00000000   Number         0  mallocra.o ABSOLUTE
    ../clib/microlib/malloc/malloc.c         0x00000000   Number         0  mallocr.o ABSOLUTE
    ../clib/microlib/malloc/mvars.c          0x00000000   Number         0  mvars.o ABSOLUTE
    ../clib/microlib/printf/printf.c         0x00000000   Number         0  printf6.o ABSOLUTE
    ../clib/microlib/printf/printf.c         0x00000000   Number         0  printf5.o ABSOLUTE
    ../clib/microlib/printf/printf.c         0x00000000   Number         0  printf4.o ABSOLUTE
    ../clib/microlib/printf/printf.c         0x00000000   Number         0  printf3.o ABSOLUTE
    ../clib/microlib/printf/printf.c         0x00000000   Number         0  printf2.o ABSOLUTE
    ../clib/microlib/printf/printf.c         0x00000000   Number         0  printf0.o ABSOLUTE
    ../clib/microlib/printf/printf.c         0x00000000   Number         0  printfb.o ABSOLUTE
    ../clib/microlib/printf/printf.c         0x00000000   Number         0  printf8.o ABSOLUTE
    ../clib/microlib/printf/printf.c         0x00000000   Number         0  printf1.o ABSOLUTE
    ../clib/microlib/printf/printf.c         0x00000000   Number         0  printfa.o ABSOLUTE
    ../clib/microlib/printf/printf.c         0x00000000   Number         0  printf7.o ABSOLUTE
    ../clib/microlib/printf/stubs.s          0x00000000   Number         0  stubs.o ABSOLUTE
    ../clib/microlib/stdio/streams.c         0x00000000   Number         0  stdout.o ABSOLUTE
    ../clib/microlib/string/memcpy.c         0x00000000   Number         0  memcpya.o ABSOLUTE
    ../clib/microlib/string/memcpy.c         0x00000000   Number         0  memcpyb.o ABSOLUTE
    ../clib/microlib/string/memset.c         0x00000000   Number         0  memseta.o ABSOLUTE
    ../clib/microlib/string/strchr.c         0x00000000   Number         0  strchr.o ABSOLUTE
    ../clib/microlib/string/strlen.c         0x00000000   Number         0  strlen.o ABSOLUTE
    ../clib/microlib/string/strncpy.c        0x00000000   Number         0  strncpy.o ABSOLUTE
    ../clib/microlib/stubs.s                 0x00000000   Number         0  iusefp.o ABSOLUTE
    ../fplib/microlib/fpadd.c                0x00000000   Number         0  dadd.o ABSOLUTE
    ../fplib/microlib/fpdiv.c                0x00000000   Number         0  ddiv.o ABSOLUTE
    ../fplib/microlib/fpepilogue.c           0x00000000   Number         0  depilogue.o ABSOLUTE
    ../fplib/microlib/fpfix.c                0x00000000   Number         0  dfixul.o ABSOLUTE
    ../fplib/microlib/fpmul.c                0x00000000   Number         0  dmul.o ABSOLUTE
    ..\CmBacktrace\cm_backtrace\cm_backtrace.c 0x00000000   Number         0  cm_backtrace.o ABSOLUTE
    ..\CmBacktrace\cm_backtrace\cmb_fault.S  0x00000000   Number         0  cmb_fault.o ABSOLUTE
    ..\Driver\IO_Intput\io_intput.c          0x00000000   Number         0  io_intput.o ABSOLUTE
    ..\Driver\SegLED\segled.c                0x00000000   Number         0  segled.o ABSOLUTE
    ..\Libraries\CMSIS\CM3\CoreSupport\core_cm3.c 0x00000000   Number         0  core_cm3.o ABSOLUTE
    ..\Libraries\CMSIS\CM3\DeviceSupport\ST\STM32F10x\startup\arm\startup_stm32f10x_md.s 0x00000000   Number         0  startup_stm32f10x_md.o ABSOLUTE
    ..\Libraries\STM32F10x_StdPeriph_Driver\src\misc.c 0x00000000   Number         0  misc.o ABSOLUTE
    ..\Libraries\STM32F10x_StdPeriph_Driver\src\stm32f10x_gpio.c 0x00000000   Number         0  stm32f10x_gpio.o ABSOLUTE
    ..\Libraries\STM32F10x_StdPeriph_Driver\src\stm32f10x_rcc.c 0x00000000   Number         0  stm32f10x_rcc.o ABSOLUTE
    ..\Libraries\STM32F10x_StdPeriph_Driver\src\stm32f10x_spi.c 0x00000000   Number         0  stm32f10x_spi.o ABSOLUTE
    ..\Libraries\STM32F10x_StdPeriph_Driver\src\stm32f10x_tim.c 0x00000000   Number         0  stm32f10x_tim.o ABSOLUTE
    ..\Libraries\STM32F10x_StdPeriph_Driver\src\stm32f10x_usart.c 0x00000000   Number         0  stm32f10x_usart.o ABSOLUTE
    ..\Public\Debug\debug.c                  0x00000000   Number         0  debug.o ABSOLUTE
    ..\Public\MasterSPI\MasterSPI.c          0x00000000   Number         0  masterspi.o ABSOLUTE
    ..\Public\PWM\PWM.c                      0x00000000   Number         0  pwm.o ABSOLUTE
    ..\Public\SPI\SPI_dri.c                  0x00000000   Number         0  spi_dri.o ABSOLUTE
    ..\Public\SalveSPI\SalveSPI.c            0x00000000   Number         0  salvespi.o ABSOLUTE
    ..\Public\TM_library\tm_stm32_gpio.c     0x00000000   Number         0  tm_stm32_gpio.o ABSOLUTE
    ..\Public\TM_library\tm_stm32_spi.c      0x00000000   Number         0  tm_stm32_spi.o ABSOLUTE
    ..\Public\delay\delay.c                  0x00000000   Number         0  delay.o ABSOLUTE
    ..\Public\multi_timer\multi_timer.c      0x00000000   Number         0  multi_timer.o ABSOLUTE
    ..\Public\queue\queue.c                  0x00000000   Number         0  queue.o ABSOLUTE
    ..\Public\sys\sys.c                      0x00000000   Number         0  sys.o ABSOLUTE
    ..\Public\time\Timer.c                   0x00000000   Number         0  timer.o ABSOLUTE
    ..\Public\usart\usart.c                  0x00000000   Number         0  usart.o ABSOLUTE
    ..\User\main.c                           0x00000000   Number         0  main.o ABSOLUTE
    ..\User\stm32f10x_it.c                   0x00000000   Number         0  stm32f10x_it.o ABSOLUTE
    ..\User\system_stm32f10x.c               0x00000000   Number         0  system_stm32f10x.o ABSOLUTE
    ..\\CmBacktrace\\cm_backtrace\\cm_backtrace.c 0x00000000   Number         0  cm_backtrace.o ABSOLUTE
    ..\\Libraries\\CMSIS\\CM3\\CoreSupport\\core_cm3.c 0x00000000   Number         0  core_cm3.o ABSOLUTE
    ..\\Public\\sys\\sys.c                   0x00000000   Number         0  sys.o ABSOLUTE
    ..\\User\\main.c                         0x00000000   Number         0  main.o ABSOLUTE
    cdrcmple.s                               0x00000000   Number         0  cdrcmple.o ABSOLUTE
    dc.s                                     0x00000000   Number         0  dc.o ABSOLUTE
    handlers.s                               0x00000000   Number         0  handlers.o ABSOLUTE
    init.s                                   0x00000000   Number         0  init.o ABSOLUTE
    RESET                                    0x08000000   Section      236  startup_stm32f10x_md.o(RESET)
    .ARM.Collect$$$$00000000                 0x080000ec   Section        0  entry.o(.ARM.Collect$$$$00000000)
    .ARM.Collect$$$$00000001                 0x080000ec   Section        4  entry2.o(.ARM.Collect$$$$00000001)
    .ARM.Collect$$$$00000004                 0x080000f0   Section        4  entry5.o(.ARM.Collect$$$$00000004)
    .ARM.Collect$$$$00000008                 0x080000f4   Section        0  entry7b.o(.ARM.Collect$$$$00000008)
    .ARM.Collect$$$$0000000A                 0x080000f4   Section        0  entry8b.o(.ARM.Collect$$$$0000000A)
    .ARM.Collect$$$$0000000B                 0x080000f4   Section        8  entry9a.o(.ARM.Collect$$$$0000000B)
    .ARM.Collect$$$$0000000D                 0x080000fc   Section        0  entry10a.o(.ARM.Collect$$$$0000000D)
    .ARM.Collect$$$$0000000F                 0x080000fc   Section        0  entry11a.o(.ARM.Collect$$$$0000000F)
    .ARM.Collect$$$$00002712                 0x080000fc   Section        4  entry2.o(.ARM.Collect$$$$00002712)
    __lit__00000000                          0x080000fc   Data           4  entry2.o(.ARM.Collect$$$$00002712)
    .text                                    0x08000100   Section       36  startup_stm32f10x_md.o(.text)
    .text                                    0x08000124   Section       12  cmb_fault.o(.text)
    .text                                    0x08000130   Section        0  memcpya.o(.text)
    .text                                    0x08000154   Section        0  memseta.o(.text)
    .text                                    0x08000178   Section        0  strncpy.o(.text)
    .text                                    0x08000190   Section        0  strlen.o(.text)
    .text                                    0x0800019e   Section        0  uidiv.o(.text)
    .text                                    0x080001ca   Section        0  uldiv.o(.text)
    .text                                    0x0800022c   Section        0  dadd.o(.text)
    .text                                    0x0800022c   Section        0  iusefp.o(.text)
    .text                                    0x0800037a   Section        0  dmul.o(.text)
    .text                                    0x0800045e   Section        0  ddiv.o(.text)
    .text                                    0x0800053c   Section        0  dfixul.o(.text)
    .text                                    0x0800056c   Section       48  cdrcmple.o(.text)
    .text                                    0x0800059c   Section       36  init.o(.text)
    .text                                    0x080005c0   Section        0  llshl.o(.text)
    .text                                    0x080005de   Section        0  llushr.o(.text)
    .text                                    0x080005fe   Section        0  llsshr.o(.text)
    .text                                    0x08000622   Section        0  depilogue.o(.text)
    i.BusFault_Handler                       0x080006dc   Section        0  stm32f10x_it.o(i.BusFault_Handler)
    i.DebugMon_Handler                       0x080006e0   Section        0  stm32f10x_it.o(i.DebugMon_Handler)
    i.GPIO_Init                              0x080006e2   Section        0  stm32f10x_gpio.o(i.GPIO_Init)
    i.GPIO_PinRemapConfig                    0x080007f8   Section        0  stm32f10x_gpio.o(i.GPIO_PinRemapConfig)
    i.HC245_GPIO_Init                        0x08000888   Section        0  io_intput.o(i.HC245_GPIO_Init)
    i.HC245_Scan                             0x0800092c   Section        0  io_intput.o(i.HC245_Scan)
    i.HC595_Write                            0x08000974   Section        0  segled.o(i.HC595_Write)
    HC595_Write                              0x08000975   Thumb Code   106  segled.o(i.HC595_Write)
    i.KeyScan                                0x080009e8   Section        0  io_intput.o(i.KeyScan)
    i.KeyScan1                               0x08000a18   Section        0  io_intput.o(i.KeyScan1)
    KeyScan1                                 0x08000a19   Thumb Code   202  io_intput.o(i.KeyScan1)
    i.KeyScan2                               0x08000b14   Section        0  io_intput.o(i.KeyScan2)
    KeyScan2                                 0x08000b15   Thumb Code   150  io_intput.o(i.KeyScan2)
    i.MemManage_Handler                      0x08000bd0   Section        0  stm32f10x_it.o(i.MemManage_Handler)
    i.NMI_Handler                            0x08000bd4   Section        0  stm32f10x_it.o(i.NMI_Handler)
    i.NVIC_Init                              0x08000bd8   Section        0  misc.o(i.NVIC_Init)
    i.NVIC_PriorityGroupConfig               0x08000c48   Section        0  misc.o(i.NVIC_PriorityGroupConfig)
    i.OneSingleKeyScanning                   0x08000c5c   Section        0  io_intput.o(i.OneSingleKeyScanning)
    OneSingleKeyScanning                     0x08000c5d   Thumb Code   294  io_intput.o(i.OneSingleKeyScanning)
    i.PendSV_Handler                         0x08000d82   Section        0  stm32f10x_it.o(i.PendSV_Handler)
    i.RCC_APB1PeriphClockCmd                 0x08000d84   Section        0  stm32f10x_rcc.o(i.RCC_APB1PeriphClockCmd)
    i.RCC_APB2PeriphClockCmd                 0x08000da4   Section        0  stm32f10x_rcc.o(i.RCC_APB2PeriphClockCmd)
    i.RCC_GetClocksFreq                      0x08000dc4   Section        0  stm32f10x_rcc.o(i.RCC_GetClocksFreq)
    i.ReadHC245Bus                           0x08000f54   Section        0  io_intput.o(i.ReadHC245Bus)
    ReadHC245Bus                             0x08000f55   Thumb Code    98  io_intput.o(i.ReadHC245Bus)
    i.ReadHC245Bus2                          0x08000fc8   Section        0  io_intput.o(i.ReadHC245Bus2)
    ReadHC245Bus2                            0x08000fc9   Thumb Code    98  io_intput.o(i.ReadHC245Bus2)
    i.SVC_Handler                            0x0800103c   Section        0  stm32f10x_it.o(i.SVC_Handler)
    i.SegScan_Timer_ms                       0x08001040   Section        0  segled.o(i.SegScan_Timer_ms)
    i.Seg_Init                               0x08001088   Section        0  segled.o(i.Seg_Init)
    i.SetSysClock                            0x080010cc   Section        0  system_stm32f10x.o(i.SetSysClock)
    SetSysClock                              0x080010cd   Thumb Code     8  system_stm32f10x.o(i.SetSysClock)
    i.SetSysClockTo72                        0x080010d4   Section        0  system_stm32f10x.o(i.SetSysClockTo72)
    SetSysClockTo72                          0x080010d5   Thumb Code   264  system_stm32f10x.o(i.SetSysClockTo72)
    i.SysTick_CLKSourceConfig                0x080011ec   Section        0  misc.o(i.SysTick_CLKSourceConfig)
    i.SysTick_Handler                        0x08001214   Section        0  stm32f10x_it.o(i.SysTick_Handler)
    i.SystemInit                             0x08001218   Section        0  system_stm32f10x.o(i.SystemInit)
    i.TIM2_IRQHandler                        0x08001284   Section        0  timer.o(i.TIM2_IRQHandler)
    i.TIM3_IRQHandler                        0x080012f8   Section        0  timer.o(i.TIM3_IRQHandler)
    i.TIM_ClearITPendingBit                  0x08001314   Section        0  stm32f10x_tim.o(i.TIM_ClearITPendingBit)
    i.TIM_Cmd                                0x0800131a   Section        0  stm32f10x_tim.o(i.TIM_Cmd)
    i.TIM_GetITStatus                        0x08001332   Section        0  stm32f10x_tim.o(i.TIM_GetITStatus)
    i.TIM_ITConfig                           0x08001354   Section        0  stm32f10x_tim.o(i.TIM_ITConfig)
    i.TIM_TimeBaseInit                       0x08001368   Section        0  stm32f10x_tim.o(i.TIM_TimeBaseInit)
    i.TM_GPIO_GetPortSource                  0x0800140c   Section        0  tm_stm32_gpio.o(i.TM_GPIO_GetPortSource)
    i.TM_GPIO_INT_EnableClock                0x0800141c   Section        0  tm_stm32_gpio.o(i.TM_GPIO_INT_EnableClock)
    i.TM_GPIO_INT_Init                       0x0800143c   Section        0  tm_stm32_gpio.o(i.TM_GPIO_INT_Init)
    i.TM_GPIO_Init                           0x08001494   Section        0  tm_stm32_gpio.o(i.TM_GPIO_Init)
    i.Timer2_Init                            0x080014bc   Section        0  timer.o(i.Timer2_Init)
    i.USART1_IRQHandler                      0x08001518   Section        0  usart.o(i.USART1_IRQHandler)
    i.USART_ClearFlag                        0x08001534   Section        0  stm32f10x_usart.o(i.USART_ClearFlag)
    i.USART_Cmd                              0x08001546   Section        0  stm32f10x_usart.o(i.USART_Cmd)
    i.USART_GetFlagStatus                    0x0800155e   Section        0  stm32f10x_usart.o(i.USART_GetFlagStatus)
    i.USART_ITConfig                         0x08001578   Section        0  stm32f10x_usart.o(i.USART_ITConfig)
    i.USART_Init                             0x080015c4   Section        0  stm32f10x_usart.o(i.USART_Init)
    i.USART_SendData                         0x0800169c   Section        0  stm32f10x_usart.o(i.USART_SendData)
    i.UsageFault_Handler                     0x080016a4   Section        0  stm32f10x_it.o(i.UsageFault_Handler)
    i.Usart_Init                             0x080016a8   Section        0  usart.o(i.Usart_Init)
    i.Usart_SendByte                         0x080017d8   Section        0  usart.o(i.Usart_SendByte)
    i.Usart_SendString                       0x08001810   Section        0  usart.o(i.Usart_SendString)
    i.__0sprintf                             0x08001830   Section        0  printfa.o(i.__0sprintf)
    i.__0vsnprintf                           0x08001858   Section        0  printfa.o(i.__0vsnprintf)
    i.__scatterload_copy                     0x08001884   Section       14  handlers.o(i.__scatterload_copy)
    i.__scatterload_null                     0x08001892   Section        2  handlers.o(i.__scatterload_null)
    i.__scatterload_zeroinit                 0x08001894   Section       14  handlers.o(i.__scatterload_zeroinit)
    i._fp_digits                             0x080018a4   Section        0  printfa.o(i._fp_digits)
    _fp_digits                               0x080018a5   Thumb Code   366  printfa.o(i._fp_digits)
    i._printf_core                           0x08001a28   Section        0  printfa.o(i._printf_core)
    _printf_core                             0x08001a29   Thumb Code  1744  printfa.o(i._printf_core)
    i._printf_post_padding                   0x08002104   Section        0  printfa.o(i._printf_post_padding)
    _printf_post_padding                     0x08002105   Thumb Code    36  printfa.o(i._printf_post_padding)
    i._printf_pre_padding                    0x08002128   Section        0  printfa.o(i._printf_pre_padding)
    _printf_pre_padding                      0x08002129   Thumb Code    46  printfa.o(i._printf_pre_padding)
    i._snputc                                0x08002156   Section        0  printfa.o(i._snputc)
    _snputc                                  0x08002157   Thumb Code    22  printfa.o(i._snputc)
    i._sputc                                 0x0800216c   Section        0  printfa.o(i._sputc)
    _sputc                                   0x0800216d   Thumb Code    10  printfa.o(i._sputc)
    i.cm_backtrace_call_stack                0x08002178   Section        0  cm_backtrace.o(i.cm_backtrace_call_stack)
    i.cm_backtrace_fault                     0x08002274   Section        0  cm_backtrace.o(i.cm_backtrace_fault)
    i.cm_backtrace_firmware_info             0x08002500   Section        0  cm_backtrace.o(i.cm_backtrace_firmware_info)
    i.cm_backtrace_init                      0x0800252c   Section        0  cm_backtrace.o(i.cm_backtrace_init)
    i.delay_init                             0x080025cc   Section        0  delay.o(i.delay_init)
    i.disassembly_ins_is_bl_blx              0x08002610   Section        0  cm_backtrace.o(i.disassembly_ins_is_bl_blx)
    disassembly_ins_is_bl_blx                0x08002611   Thumb Code    48  cm_backtrace.o(i.disassembly_ins_is_bl_blx)
    i.dump_stack                             0x08002640   Section        0  cm_backtrace.o(i.dump_stack)
    dump_stack                               0x08002641   Thumb Code   124  cm_backtrace.o(i.dump_stack)
    i.fault_diagnosis                        0x08002710   Section        0  cm_backtrace.o(i.fault_diagnosis)
    fault_diagnosis                          0x08002711   Thumb Code   712  cm_backtrace.o(i.fault_diagnosis)
    i.free                                   0x080029e4   Section        0  malloc.o(i.free)
    i.main                                   0x08002a34   Section        0  main.o(i.main)
    i.malloc                                 0x08002b0c   Section        0  malloc.o(i.malloc)
    i.oneSignalStabillzerOneKey              0x08002b78   Section        0  io_intput.o(i.oneSignalStabillzerOneKey)
    oneSignalStabillzerOneKey                0x08002b79   Thumb Code   138  io_intput.o(i.oneSignalStabillzerOneKey)
    i.print_call_stack                       0x08002c04   Section        0  cm_backtrace.o(i.print_call_stack)
    print_call_stack                         0x08002c05   Thumb Code   118  cm_backtrace.o(i.print_call_stack)
    i.sprint                                 0x08002c9c   Section        0  debug.o(i.sprint)
    i.timer_loop                             0x08002ce8   Section        0  multi_timer.o(i.timer_loop)
    timer_loop                               0x08002ce9   Thumb Code    52  multi_timer.o(i.timer_loop)
    i.timer_ticks                            0x08002d24   Section        0  multi_timer.o(i.timer_ticks)
    timer_ticks                              0x08002d25   Thumb Code    12  multi_timer.o(i.timer_ticks)
    i.tm_Timer_MultiScan                     0x08002d34   Section        0  multi_timer.o(i.tm_Timer_MultiScan)
    i.tm_timer_CheckFlag                     0x08002d40   Section        0  multi_timer.o(i.tm_timer_CheckFlag)
    i.tm_timer_ClearFlag                     0x08002d4a   Section        0  multi_timer.o(i.tm_timer_ClearFlag)
    i.tm_timer_init                          0x08002d50   Section        0  multi_timer.o(i.tm_timer_init)
    i.tm_timer_start                         0x08002d64   Section        0  multi_timer.o(i.tm_timer_start)
    i.tm_timer_stop                          0x08002d90   Section        0  multi_timer.o(i.tm_timer_stop)
    .constdata                               0x08002db4   Section      224  cm_backtrace.o(.constdata)
    print_info                               0x08002db4   Data         152  cm_backtrace.o(.constdata)
    __FUNCTION__                             0x08002e4c   Data          20  cm_backtrace.o(.constdata)
    __FUNCTION__                             0x08002e60   Data          19  cm_backtrace.o(.constdata)
    .constdata                               0x08002e94   Section       58  usart.o(.constdata)
    .conststring                             0x08002ed0   Section     1566  cm_backtrace.o(.conststring)
    .data                                    0x20000000   Section       20  system_stm32f10x.o(.data)
    .data                                    0x20000014   Section       20  stm32f10x_rcc.o(.data)
    APBAHBPrescTable                         0x20000014   Data          16  stm32f10x_rcc.o(.data)
    ADCPrescTable                            0x20000024   Data           4  stm32f10x_rcc.o(.data)
    .data                                    0x20000028   Section       20  cm_backtrace.o(.data)
    main_stack_start_addr                    0x20000028   Data           4  cm_backtrace.o(.data)
    main_stack_size                          0x2000002c   Data           4  cm_backtrace.o(.data)
    code_start_addr                          0x20000030   Data           4  cm_backtrace.o(.data)
    code_size                                0x20000034   Data           4  cm_backtrace.o(.data)
    init_ok                                  0x20000038   Data           1  cm_backtrace.o(.data)
    on_fault                                 0x20000039   Data           1  cm_backtrace.o(.data)
    stack_is_overflow                        0x2000003a   Data           1  cm_backtrace.o(.data)
    on_thread_before_fault                   0x2000003b   Data           1  cm_backtrace.o(.data)
    .data                                    0x2000003c   Section        4  delay.o(.data)
    fac_us                                   0x2000003c   Data           1  delay.o(.data)
    fac_ms                                   0x2000003e   Data           2  delay.o(.data)
    .data                                    0x20000040   Section        4  timer.o(.data)
    Cnt                                      0x20000042   Data           2  timer.o(.data)
    .data                                    0x20000044   Section       41  usart.o(.data)
    COM_State                                0x20000068   Data           5  usart.o(.data)
    .data                                    0x20000070   Section        8  multi_timer.o(.data)
    head_handle                              0x20000070   Data           4  multi_timer.o(.data)
    _timer_ticks                             0x20000074   Data           4  multi_timer.o(.data)
    .data                                    0x20000078   Section        4  segled.o(.data)
    Seg_Dat                                  0x20000078   Data           3  segled.o(.data)
    i                                        0x2000007b   Data           1  segled.o(.data)
    .data                                    0x2000007c   Section      113  io_intput.o(.data)
    HC245Enable                              0x2000007c   Data          16  io_intput.o(.data)
    StateTable                               0x20000098   Data          40  io_intput.o(.data)
    filp                                     0x200000ec   Data           1  io_intput.o(.data)
    .data                                    0x200000f0   Section        4  mvars.o(.data)
    .data                                    0x200000f4   Section        4  mvars.o(.data)
    .bss                                     0x200000f8   Section       16  main.o(.bss)
    .bss                                     0x20000108   Section      308  cm_backtrace.o(.bss)
    fw_name                                  0x20000108   Data          32  cm_backtrace.o(.bss)
    hw_ver                                   0x20000128   Data          32  cm_backtrace.o(.bss)
    sw_ver                                   0x20000148   Data          32  cm_backtrace.o(.bss)
    call_stack_info                          0x20000168   Data         144  cm_backtrace.o(.bss)
    regs                                     0x200001f8   Data          68  cm_backtrace.o(.bss)
    .bss                                     0x2000023c   Section       26  tm_stm32_gpio.o(.bss)
    GPIO_UsedPins                            0x2000023c   Data          26  tm_stm32_gpio.o(.bss)
    HEAP                                     0x20000258   Section      512  startup_stm32f10x_md.o(HEAP)
    STACK                                    0x20000458   Section     1024  startup_stm32f10x_md.o(STACK)

    Global Symbols

    Symbol Name                              Value     Ov Type        Size  Object(Section)

    BuildAttributes$$THM_ISAv4$P$D$K$B$S$PE$A:L22UL41UL21$X:L11$S22US41US21$IEEE1$IW$USESV6$~STKCKD$USESV7$~SHL$OSPACE$ROPI$EBA8$MICROLIB$REQ8$PRES8$EABIv2 0x00000000   Number         0  anon$$obj.o ABSOLUTE
    __ARM_use_no_argv                        0x00000000   Number         0  main.o ABSOLUTE
    _printf_a                                0x00000000   Number         0  stubs.o ABSOLUTE
    _printf_c                                0x00000000   Number         0  stubs.o ABSOLUTE
    _printf_charcount                        0x00000000   Number         0  stubs.o ABSOLUTE
    _printf_d                                0x00000000   Number         0  stubs.o ABSOLUTE
    _printf_e                                0x00000000   Number         0  stubs.o ABSOLUTE
    _printf_f                                0x00000000   Number         0  stubs.o ABSOLUTE
    _printf_flags                            0x00000000   Number         0  stubs.o ABSOLUTE
    _printf_fp_dec                           0x00000000   Number         0  stubs.o ABSOLUTE
    _printf_fp_hex                           0x00000000   Number         0  stubs.o ABSOLUTE
    _printf_g                                0x00000000   Number         0  stubs.o ABSOLUTE
    _printf_i                                0x00000000   Number         0  stubs.o ABSOLUTE
    _printf_int_dec                          0x00000000   Number         0  stubs.o ABSOLUTE
    _printf_l                                0x00000000   Number         0  stubs.o ABSOLUTE
    _printf_lc                               0x00000000   Number         0  stubs.o ABSOLUTE
    _printf_ll                               0x00000000   Number         0  stubs.o ABSOLUTE
    _printf_lld                              0x00000000   Number         0  stubs.o ABSOLUTE
    _printf_lli                              0x00000000   Number         0  stubs.o ABSOLUTE
    _printf_llo                              0x00000000   Number         0  stubs.o ABSOLUTE
    _printf_llu                              0x00000000   Number         0  stubs.o ABSOLUTE
    _printf_llx                              0x00000000   Number         0  stubs.o ABSOLUTE
    _printf_longlong_dec                     0x00000000   Number         0  stubs.o ABSOLUTE
    _printf_longlong_hex                     0x00000000   Number         0  stubs.o ABSOLUTE
    _printf_longlong_oct                     0x00000000   Number         0  stubs.o ABSOLUTE
    _printf_ls                               0x00000000   Number         0  stubs.o ABSOLUTE
    _printf_mbtowc                           0x00000000   Number         0  stubs.o ABSOLUTE
    _printf_n                                0x00000000   Number         0  stubs.o ABSOLUTE
    _printf_o                                0x00000000   Number         0  stubs.o ABSOLUTE
    _printf_p                                0x00000000   Number         0  stubs.o ABSOLUTE
    _printf_percent                          0x00000000   Number         0  stubs.o ABSOLUTE
    _printf_pre_padding                      0x00000000   Number         0  stubs.o ABSOLUTE
    _printf_return_value                     0x00000000   Number         0  stubs.o ABSOLUTE
    _printf_s                                0x00000000   Number         0  stubs.o ABSOLUTE
    _printf_sizespec                         0x00000000   Number         0  stubs.o ABSOLUTE
    _printf_str                              0x00000000   Number         0  stubs.o ABSOLUTE
    _printf_truncate_signed                  0x00000000   Number         0  stubs.o ABSOLUTE
    _printf_truncate_unsigned                0x00000000   Number         0  stubs.o ABSOLUTE
    _printf_u                                0x00000000   Number         0  stubs.o ABSOLUTE
    _printf_wc                               0x00000000   Number         0  stubs.o ABSOLUTE
    _printf_wctomb                           0x00000000   Number         0  stubs.o ABSOLUTE
    _printf_widthprec                        0x00000000   Number         0  stubs.o ABSOLUTE
    _printf_x                                0x00000000   Number         0  stubs.o ABSOLUTE
    __cpp_initialize__aeabi_                  - Undefined Weak Reference
    __cxa_finalize                            - Undefined Weak Reference
    __decompress                              - Undefined Weak Reference
    _clock_init                               - Undefined Weak Reference
    _microlib_exit                            - Undefined Weak Reference
    __Vectors_Size                           0x000000ec   Number         0  startup_stm32f10x_md.o ABSOLUTE
    Image$$ER_IROM1$$Base                    0x08000000   Number         0  anon$$obj.o ABSOLUTE
    __Vectors                                0x08000000   Data           4  startup_stm32f10x_md.o(RESET)
    __Vectors_End                            0x080000ec   Data           0  startup_stm32f10x_md.o(RESET)
    __main                                   0x080000ed   Thumb Code     0  entry.o(.ARM.Collect$$$$00000000)
    _main_stk                                0x080000ed   Thumb Code     0  entry2.o(.ARM.Collect$$$$00000001)
    _main_scatterload                        0x080000f1   Thumb Code     0  entry5.o(.ARM.Collect$$$$00000004)
    __main_after_scatterload                 0x080000f5   Thumb Code     0  entry5.o(.ARM.Collect$$$$00000004)
    _main_clock                              0x080000f5   Thumb Code     0  entry7b.o(.ARM.Collect$$$$00000008)
    _main_cpp_init                           0x080000f5   Thumb Code     0  entry8b.o(.ARM.Collect$$$$0000000A)
    _main_init                               0x080000f5   Thumb Code     0  entry9a.o(.ARM.Collect$$$$0000000B)
    __rt_final_cpp                           0x080000fd   Thumb Code     0  entry10a.o(.ARM.Collect$$$$0000000D)
    __rt_final_exit                          0x080000fd   Thumb Code     0  entry11a.o(.ARM.Collect$$$$0000000F)
    Reset_Handler                            0x08000101   Thumb Code     8  startup_stm32f10x_md.o(.text)
    ADC1_2_IRQHandler                        0x0800011b   Thumb Code     0  startup_stm32f10x_md.o(.text)
    CAN1_RX1_IRQHandler                      0x0800011b   Thumb Code     0  startup_stm32f10x_md.o(.text)
    CAN1_SCE_IRQHandler                      0x0800011b   Thumb Code     0  startup_stm32f10x_md.o(.text)
    DMA1_Channel1_IRQHandler                 0x0800011b   Thumb Code     0  startup_stm32f10x_md.o(.text)
    DMA1_Channel2_IRQHandler                 0x0800011b   Thumb Code     0  startup_stm32f10x_md.o(.text)
    DMA1_Channel3_IRQHandler                 0x0800011b   Thumb Code     0  startup_stm32f10x_md.o(.text)
    DMA1_Channel4_IRQHandler                 0x0800011b   Thumb Code     0  startup_stm32f10x_md.o(.text)
    DMA1_Channel5_IRQHandler                 0x0800011b   Thumb Code     0  startup_stm32f10x_md.o(.text)
    DMA1_Channel6_IRQHandler                 0x0800011b   Thumb Code     0  startup_stm32f10x_md.o(.text)
    DMA1_Channel7_IRQHandler                 0x0800011b   Thumb Code     0  startup_stm32f10x_md.o(.text)
    EXTI0_IRQHandler                         0x0800011b   Thumb Code     0  startup_stm32f10x_md.o(.text)
    EXTI15_10_IRQHandler                     0x0800011b   Thumb Code     0  startup_stm32f10x_md.o(.text)
    EXTI1_IRQHandler                         0x0800011b   Thumb Code     0  startup_stm32f10x_md.o(.text)
    EXTI2_IRQHandler                         0x0800011b   Thumb Code     0  startup_stm32f10x_md.o(.text)
    EXTI3_IRQHandler                         0x0800011b   Thumb Code     0  startup_stm32f10x_md.o(.text)
    EXTI4_IRQHandler                         0x0800011b   Thumb Code     0  startup_stm32f10x_md.o(.text)
    EXTI9_5_IRQHandler                       0x0800011b   Thumb Code     0  startup_stm32f10x_md.o(.text)
    FLASH_IRQHandler                         0x0800011b   Thumb Code     0  startup_stm32f10x_md.o(.text)
    I2C1_ER_IRQHandler                       0x0800011b   Thumb Code     0  startup_stm32f10x_md.o(.text)
    I2C1_EV_IRQHandler                       0x0800011b   Thumb Code     0  startup_stm32f10x_md.o(.text)
    I2C2_ER_IRQHandler                       0x0800011b   Thumb Code     0  startup_stm32f10x_md.o(.text)
    I2C2_EV_IRQHandler                       0x0800011b   Thumb Code     0  startup_stm32f10x_md.o(.text)
    PVD_IRQHandler                           0x0800011b   Thumb Code     0  startup_stm32f10x_md.o(.text)
    RCC_IRQHandler                           0x0800011b   Thumb Code     0  startup_stm32f10x_md.o(.text)
    RTCAlarm_IRQHandler                      0x0800011b   Thumb Code     0  startup_stm32f10x_md.o(.text)
    RTC_IRQHandler                           0x0800011b   Thumb Code     0  startup_stm32f10x_md.o(.text)
    SPI1_IRQHandler                          0x0800011b   Thumb Code     0  startup_stm32f10x_md.o(.text)
    SPI2_IRQHandler                          0x0800011b   Thumb Code     0  startup_stm32f10x_md.o(.text)
    TAMPER_IRQHandler                        0x0800011b   Thumb Code     0  startup_stm32f10x_md.o(.text)
    TIM1_BRK_IRQHandler                      0x0800011b   Thumb Code     0  startup_stm32f10x_md.o(.text)
    TIM1_CC_IRQHandler                       0x0800011b   Thumb Code     0  startup_stm32f10x_md.o(.text)
    TIM1_TRG_COM_IRQHandler                  0x0800011b   Thumb Code     0  startup_stm32f10x_md.o(.text)
    TIM1_UP_IRQHandler                       0x0800011b   Thumb Code     0  startup_stm32f10x_md.o(.text)
    TIM4_IRQHandler                          0x0800011b   Thumb Code     0  startup_stm32f10x_md.o(.text)
    USART2_IRQHandler                        0x0800011b   Thumb Code     0  startup_stm32f10x_md.o(.text)
    USART3_IRQHandler                        0x0800011b   Thumb Code     0  startup_stm32f10x_md.o(.text)
    USBWakeUp_IRQHandler                     0x0800011b   Thumb Code     0  startup_stm32f10x_md.o(.text)
    USB_HP_CAN1_TX_IRQHandler                0x0800011b   Thumb Code     0  startup_stm32f10x_md.o(.text)
    USB_LP_CAN1_RX0_IRQHandler               0x0800011b   Thumb Code     0  startup_stm32f10x_md.o(.text)
    WWDG_IRQHandler                          0x0800011b   Thumb Code     0  startup_stm32f10x_md.o(.text)
    HardFault_Handler                        0x08000125   Thumb Code    12  cmb_fault.o(.text)
    __aeabi_memcpy                           0x08000131   Thumb Code    36  memcpya.o(.text)
    __aeabi_memcpy4                          0x08000131   Thumb Code     0  memcpya.o(.text)
    __aeabi_memcpy8                          0x08000131   Thumb Code     0  memcpya.o(.text)
    __aeabi_memset                           0x08000155   Thumb Code    14  memseta.o(.text)
    __aeabi_memset4                          0x08000155   Thumb Code     0  memseta.o(.text)
    __aeabi_memset8                          0x08000155   Thumb Code     0  memseta.o(.text)
    __aeabi_memclr                           0x08000163   Thumb Code     4  memseta.o(.text)
    __aeabi_memclr4                          0x08000163   Thumb Code     0  memseta.o(.text)
    __aeabi_memclr8                          0x08000163   Thumb Code     0  memseta.o(.text)
    _memset$wrapper                          0x08000167   Thumb Code    18  memseta.o(.text)
    strncpy                                  0x08000179   Thumb Code    24  strncpy.o(.text)
    strlen                                   0x08000191   Thumb Code    14  strlen.o(.text)
    __aeabi_uidiv                            0x0800019f   Thumb Code     0  uidiv.o(.text)
    __aeabi_uidivmod                         0x0800019f   Thumb Code    44  uidiv.o(.text)
    __aeabi_uldivmod                         0x080001cb   Thumb Code    98  uldiv.o(.text)
    __I$use$fp                               0x0800022d   Thumb Code     0  iusefp.o(.text)
    __aeabi_dadd                             0x0800022d   Thumb Code   322  dadd.o(.text)
    __aeabi_dsub                             0x0800036f   Thumb Code     6  dadd.o(.text)
    __aeabi_drsub                            0x08000375   Thumb Code     6  dadd.o(.text)
    __aeabi_dmul                             0x0800037b   Thumb Code   228  dmul.o(.text)
    __aeabi_ddiv                             0x0800045f   Thumb Code   222  ddiv.o(.text)
    __aeabi_d2ulz                            0x0800053d   Thumb Code    48  dfixul.o(.text)
    __aeabi_cdrcmple                         0x0800056d   Thumb Code    48  cdrcmple.o(.text)
    __scatterload                            0x0800059d   Thumb Code    28  init.o(.text)
    __scatterload_rt2                        0x0800059d   Thumb Code     0  init.o(.text)
    __aeabi_llsl                             0x080005c1   Thumb Code    30  llshl.o(.text)
    _ll_shift_l                              0x080005c1   Thumb Code     0  llshl.o(.text)
    __aeabi_llsr                             0x080005df   Thumb Code    32  llushr.o(.text)
    _ll_ushift_r                             0x080005df   Thumb Code     0  llushr.o(.text)
    __aeabi_lasr                             0x080005ff   Thumb Code    36  llsshr.o(.text)
    _ll_sshift_r                             0x080005ff   Thumb Code     0  llsshr.o(.text)
    _double_round                            0x08000623   Thumb Code    30  depilogue.o(.text)
    _double_epilogue                         0x08000641   Thumb Code   156  depilogue.o(.text)
    BusFault_Handler                         0x080006dd   Thumb Code     4  stm32f10x_it.o(i.BusFault_Handler)
    DebugMon_Handler                         0x080006e1   Thumb Code     2  stm32f10x_it.o(i.DebugMon_Handler)
    GPIO_Init                                0x080006e3   Thumb Code   278  stm32f10x_gpio.o(i.GPIO_Init)
    GPIO_PinRemapConfig                      0x080007f9   Thumb Code   138  stm32f10x_gpio.o(i.GPIO_PinRemapConfig)
    HC245_GPIO_Init                          0x08000889   Thumb Code   146  io_intput.o(i.HC245_GPIO_Init)
    HC245_Scan                               0x0800092d   Thumb Code    64  io_intput.o(i.HC245_Scan)
    KeyScan                                  0x080009e9   Thumb Code    42  io_intput.o(i.KeyScan)
    MemManage_Handler                        0x08000bd1   Thumb Code     4  stm32f10x_it.o(i.MemManage_Handler)
    NMI_Handler                              0x08000bd5   Thumb Code     2  stm32f10x_it.o(i.NMI_Handler)
    NVIC_Init                                0x08000bd9   Thumb Code   100  misc.o(i.NVIC_Init)
    NVIC_PriorityGroupConfig                 0x08000c49   Thumb Code    10  misc.o(i.NVIC_PriorityGroupConfig)
    PendSV_Handler                           0x08000d83   Thumb Code     2  stm32f10x_it.o(i.PendSV_Handler)
    RCC_APB1PeriphClockCmd                   0x08000d85   Thumb Code    26  stm32f10x_rcc.o(i.RCC_APB1PeriphClockCmd)
    RCC_APB2PeriphClockCmd                   0x08000da5   Thumb Code    26  stm32f10x_rcc.o(i.RCC_APB2PeriphClockCmd)
    RCC_GetClocksFreq                        0x08000dc5   Thumb Code   374  stm32f10x_rcc.o(i.RCC_GetClocksFreq)
    SVC_Handler                              0x0800103d   Thumb Code     2  stm32f10x_it.o(i.SVC_Handler)
    SegScan_Timer_ms                         0x08001041   Thumb Code    64  segled.o(i.SegScan_Timer_ms)
    Seg_Init                                 0x08001089   Thumb Code    58  segled.o(i.Seg_Init)
    SysTick_CLKSourceConfig                  0x080011ed   Thumb Code    40  misc.o(i.SysTick_CLKSourceConfig)
    SysTick_Handler                          0x08001215   Thumb Code     2  stm32f10x_it.o(i.SysTick_Handler)
    SystemInit                               0x08001219   Thumb Code    92  system_stm32f10x.o(i.SystemInit)
    TIM2_IRQHandler                          0x08001285   Thumb Code   102  timer.o(i.TIM2_IRQHandler)
    TIM3_IRQHandler                          0x080012f9   Thumb Code    22  timer.o(i.TIM3_IRQHandler)
    TIM_ClearITPendingBit                    0x08001315   Thumb Code     6  stm32f10x_tim.o(i.TIM_ClearITPendingBit)
    TIM_Cmd                                  0x0800131b   Thumb Code    24  stm32f10x_tim.o(i.TIM_Cmd)
    TIM_GetITStatus                          0x08001333   Thumb Code    34  stm32f10x_tim.o(i.TIM_GetITStatus)
    TIM_ITConfig                             0x08001355   Thumb Code    18  stm32f10x_tim.o(i.TIM_ITConfig)
    TIM_TimeBaseInit                         0x08001369   Thumb Code   122  stm32f10x_tim.o(i.TIM_TimeBaseInit)
    TM_GPIO_GetPortSource                    0x0800140d   Thumb Code    14  tm_stm32_gpio.o(i.TM_GPIO_GetPortSource)
    TM_GPIO_INT_EnableClock                  0x0800141d   Thumb Code    28  tm_stm32_gpio.o(i.TM_GPIO_INT_EnableClock)
    TM_GPIO_INT_Init                         0x0800143d   Thumb Code    84  tm_stm32_gpio.o(i.TM_GPIO_INT_Init)
    TM_GPIO_Init                             0x08001495   Thumb Code    40  tm_stm32_gpio.o(i.TM_GPIO_Init)
    Timer2_Init                              0x080014bd   Thumb Code    90  timer.o(i.Timer2_Init)
    USART1_IRQHandler                        0x08001519   Thumb Code    22  usart.o(i.USART1_IRQHandler)
    USART_ClearFlag                          0x08001535   Thumb Code    18  stm32f10x_usart.o(i.USART_ClearFlag)
    USART_Cmd                                0x08001547   Thumb Code    24  stm32f10x_usart.o(i.USART_Cmd)
    USART_GetFlagStatus                      0x0800155f   Thumb Code    26  stm32f10x_usart.o(i.USART_GetFlagStatus)
    USART_ITConfig                           0x08001579   Thumb Code    74  stm32f10x_usart.o(i.USART_ITConfig)
    USART_Init                               0x080015c5   Thumb Code   210  stm32f10x_usart.o(i.USART_Init)
    USART_SendData                           0x0800169d   Thumb Code     8  stm32f10x_usart.o(i.USART_SendData)
    UsageFault_Handler                       0x080016a5   Thumb Code     4  stm32f10x_it.o(i.UsageFault_Handler)
    Usart_Init                               0x080016a9   Thumb Code   262  usart.o(i.Usart_Init)
    Usart_SendByte                           0x080017d9   Thumb Code    48  usart.o(i.Usart_SendByte)
    Usart_SendString                         0x08001811   Thumb Code    32  usart.o(i.Usart_SendString)
    __0sprintf                               0x08001831   Thumb Code    34  printfa.o(i.__0sprintf)
    __1sprintf                               0x08001831   Thumb Code     0  printfa.o(i.__0sprintf)
    __2sprintf                               0x08001831   Thumb Code     0  printfa.o(i.__0sprintf)
    __c89sprintf                             0x08001831   Thumb Code     0  printfa.o(i.__0sprintf)
    sprintf                                  0x08001831   Thumb Code     0  printfa.o(i.__0sprintf)
    __0vsnprintf                             0x08001859   Thumb Code    40  printfa.o(i.__0vsnprintf)
    __1vsnprintf                             0x08001859   Thumb Code     0  printfa.o(i.__0vsnprintf)
    __2vsnprintf                             0x08001859   Thumb Code     0  printfa.o(i.__0vsnprintf)
    __c89vsnprintf                           0x08001859   Thumb Code     0  printfa.o(i.__0vsnprintf)
    vsnprintf                                0x08001859   Thumb Code     0  printfa.o(i.__0vsnprintf)
    __scatterload_copy                       0x08001885   Thumb Code    14  handlers.o(i.__scatterload_copy)
    __scatterload_null                       0x08001893   Thumb Code     2  handlers.o(i.__scatterload_null)
    __scatterload_zeroinit                   0x08001895   Thumb Code    14  handlers.o(i.__scatterload_zeroinit)
    cm_backtrace_call_stack                  0x08002179   Thumb Code   224  cm_backtrace.o(i.cm_backtrace_call_stack)
    cm_backtrace_fault                       0x08002275   Thumb Code   420  cm_backtrace.o(i.cm_backtrace_fault)
    cm_backtrace_firmware_info               0x08002501   Thumb Code    24  cm_backtrace.o(i.cm_backtrace_firmware_info)
    cm_backtrace_init                        0x0800252d   Thumb Code   102  cm_backtrace.o(i.cm_backtrace_init)
    delay_init                               0x080025cd   Thumb Code    50  delay.o(i.delay_init)
    free                                     0x080029e5   Thumb Code    76  malloc.o(i.free)
    main                                     0x08002a35   Thumb Code   178  main.o(i.main)
    malloc                                   0x08002b0d   Thumb Code    92  malloc.o(i.malloc)
    sprint                                   0x08002c9d   Thumb Code    74  debug.o(i.sprint)
    tm_Timer_MultiScan                       0x08002d35   Thumb Code    12  multi_timer.o(i.tm_Timer_MultiScan)
    tm_timer_CheckFlag                       0x08002d41   Thumb Code    10  multi_timer.o(i.tm_timer_CheckFlag)
    tm_timer_ClearFlag                       0x08002d4b   Thumb Code     6  multi_timer.o(i.tm_timer_ClearFlag)
    tm_timer_init                            0x08002d51   Thumb Code    16  multi_timer.o(i.tm_timer_init)
    tm_timer_start                           0x08002d65   Thumb Code    38  multi_timer.o(i.tm_timer_start)
    tm_timer_stop                            0x08002d91   Thumb Code    32  multi_timer.o(i.tm_timer_stop)
    COMn_IRQn                                0x08002e94   Data           6  usart.o(.constdata)
    COMn_USART_CLK                           0x08002e9c   Data          12  usart.o(.constdata)
    COMn_TX_PORT_CLK                         0x08002ea8   Data          12  usart.o(.constdata)
    COMn_RX_PORT_CLK                         0x08002eb4   Data          12  usart.o(.constdata)
    COMn_TX_PIN                              0x08002ec0   Data           6  usart.o(.constdata)
    COMn_RX_PIN                              0x08002ec6   Data           6  usart.o(.constdata)
    enumA                                    0x08002ecc   Data           2  usart.o(.constdata)
    Region$$Table$$Base                      0x080034f0   Number         0  anon$$obj.o(Region$$Table)
    Image$$ER_IROM1$$Limit                   0x08003510   Number         0  anon$$obj.o ABSOLUTE
    Region$$Table$$Limit                     0x08003510   Number         0  anon$$obj.o(Region$$Table)
    SystemCoreClock                          0x20000000   Data           4  system_stm32f10x.o(.data)
    AHBPrescTable                            0x20000004   Data          16  system_stm32f10x.o(.data)
    srandCnt                                 0x20000040   Data           2  timer.o(.data)
    COMn_USART                               0x20000044   Data          12  usart.o(.data)
    COMn_TX_PORT                             0x20000050   Data          12  usart.o(.data)
    COMn_RX_PORT                             0x2000005c   Data          12  usart.o(.data)
    HC245Dat                                 0x2000008c   Data           2  io_intput.o(.data)
    dirLeft                                  0x2000008e   Data           1  io_intput.o(.data)
    dirRight                                 0x2000008f   Data           1  io_intput.o(.data)
    dirFront                                 0x20000090   Data           1  io_intput.o(.data)
    dirBack                                  0x20000091   Data           1  io_intput.o(.data)
    SQ_Left                                  0x20000092   Data           1  io_intput.o(.data)
    SQ_Front                                 0x20000093   Data           1  io_intput.o(.data)
    SQ_Back                                  0x20000094   Data           1  io_intput.o(.data)
    SQ_Down                                  0x20000095   Data           1  io_intput.o(.data)
    SQ_Up                                    0x20000096   Data           1  io_intput.o(.data)
    SQ_Balance                               0x20000097   Data           1  io_intput.o(.data)
    KeySet                                   0x200000c0   Data           2  io_intput.o(.data)
    KeyLeft                                  0x200000c2   Data           2  io_intput.o(.data)
    KeyRight                                 0x200000c4   Data           2  io_intput.o(.data)
    KeyFront                                 0x200000c6   Data           2  io_intput.o(.data)
    KeyBack                                  0x200000c8   Data           2  io_intput.o(.data)
    KeyHook                                  0x200000ca   Data           2  io_intput.o(.data)
    KeyGift                                  0x200000cc   Data           2  io_intput.o(.data)
    KeyTable                                 0x200000d0   Data          28  io_intput.o(.data)
    __microlib_freelist                      0x200000f0   Data           4  mvars.o(.data)
    __microlib_freelist_initialised          0x200000f4   Data           4  mvars.o(.data)
    debug_ms                                 0x200000f8   Data          16  main.o(.bss)
    __heap_base                              0x20000258   Data           0  startup_stm32f10x_md.o(HEAP)
    STACK$$Base                              0x20000458   Number         0  startup_stm32f10x_md.o(STACK)
    __heap_limit                             0x20000458   Data           0  startup_stm32f10x_md.o(HEAP)
    STACK$$Limit                             0x20000858   Number         0  startup_stm32f10x_md.o(STACK)
    __initial_sp                             0x20000858   Data           0  startup_stm32f10x_md.o(STACK)



==============================================================================

Memory Map of the image

  Image Entry point : 0x080000ed

  Load Region LR_IROM1 (Base: 0x08000000, Size: 0x00003608, Max: 0x00020000, ABSOLUTE)

    Execution Region ER_IROM1 (Exec base: 0x08000000, Load base: 0x08000000, Size: 0x00003510, Max: 0x00020000, ABSOLUTE)

    Exec Addr    Load Addr    Size         Type   Attr      Idx    E Section Name        Object

    0x08000000   0x08000000   0x000000ec   Data   RO          286    RESET               startup_stm32f10x_md.o
    0x080000ec   0x080000ec   0x00000000   Code   RO         2371  * .ARM.Collect$$$$00000000  mc_w.l(entry.o)
    0x080000ec   0x080000ec   0x00000004   Code   RO         2675    .ARM.Collect$$$$00000001  mc_w.l(entry2.o)
    0x080000f0   0x080000f0   0x00000004   Code   RO         2678    .ARM.Collect$$$$00000004  mc_w.l(entry5.o)
    0x080000f4   0x080000f4   0x00000000   Code   RO         2680    .ARM.Collect$$$$00000008  mc_w.l(entry7b.o)
    0x080000f4   0x080000f4   0x00000000   Code   RO         2682    .ARM.Collect$$$$0000000A  mc_w.l(entry8b.o)
    0x080000f4   0x080000f4   0x00000008   Code   RO         2683    .ARM.Collect$$$$0000000B  mc_w.l(entry9a.o)
    0x080000fc   0x080000fc   0x00000000   Code   RO         2685    .ARM.Collect$$$$0000000D  mc_w.l(entry10a.o)
    0x080000fc   0x080000fc   0x00000000   Code   RO         2687    .ARM.Collect$$$$0000000F  mc_w.l(entry11a.o)
    0x080000fc   0x080000fc   0x00000004   Code   RO         2676    .ARM.Collect$$$$00002712  mc_w.l(entry2.o)
    0x08000100   0x08000100   0x00000024   Code   RO          287    .text               startup_stm32f10x_md.o
    0x08000124   0x08000124   0x0000000c   Code   RO         1567    .text               cmb_fault.o
    0x08000130   0x08000130   0x00000024   Code   RO         2374    .text               mc_w.l(memcpya.o)
    0x08000154   0x08000154   0x00000024   Code   RO         2376    .text               mc_w.l(memseta.o)
    0x08000178   0x08000178   0x00000018   Code   RO         2378    .text               mc_w.l(strncpy.o)
    0x08000190   0x08000190   0x0000000e   Code   RO         2382    .text               mc_w.l(strlen.o)
    0x0800019e   0x0800019e   0x0000002c   Code   RO         2690    .text               mc_w.l(uidiv.o)
    0x080001ca   0x080001ca   0x00000062   Code   RO         2692    .text               mc_w.l(uldiv.o)
    0x0800022c   0x0800022c   0x00000000   Code   RO         2696    .text               mc_w.l(iusefp.o)
    0x0800022c   0x0800022c   0x0000014e   Code   RO         2697    .text               mf_w.l(dadd.o)
    0x0800037a   0x0800037a   0x000000e4   Code   RO         2699    .text               mf_w.l(dmul.o)
    0x0800045e   0x0800045e   0x000000de   Code   RO         2701    .text               mf_w.l(ddiv.o)
    0x0800053c   0x0800053c   0x00000030   Code   RO         2703    .text               mf_w.l(dfixul.o)
    0x0800056c   0x0800056c   0x00000030   Code   RO         2705    .text               mf_w.l(cdrcmple.o)
    0x0800059c   0x0800059c   0x00000024   Code   RO         2707    .text               mc_w.l(init.o)
    0x080005c0   0x080005c0   0x0000001e   Code   RO         2709    .text               mc_w.l(llshl.o)
    0x080005de   0x080005de   0x00000020   Code   RO         2711    .text               mc_w.l(llushr.o)
    0x080005fe   0x080005fe   0x00000024   Code   RO         2713    .text               mc_w.l(llsshr.o)
    0x08000622   0x08000622   0x000000ba   Code   RO         2715    .text               mf_w.l(depilogue.o)
    0x080006dc   0x080006dc   0x00000004   Code   RO          183    i.BusFault_Handler  stm32f10x_it.o
    0x080006e0   0x080006e0   0x00000002   Code   RO          184    i.DebugMon_Handler  stm32f10x_it.o
    0x080006e2   0x080006e2   0x00000116   Code   RO          333    i.GPIO_Init         stm32f10x_gpio.o
    0x080007f8   0x080007f8   0x00000090   Code   RO          335    i.GPIO_PinRemapConfig  stm32f10x_gpio.o
    0x08000888   0x08000888   0x000000a4   Code   RO         2271    i.HC245_GPIO_Init   io_intput.o
    0x0800092c   0x0800092c   0x00000048   Code   RO         2272    i.HC245_Scan        io_intput.o
    0x08000974   0x08000974   0x00000074   Code   RO         2238    i.HC595_Write       segled.o
    0x080009e8   0x080009e8   0x00000030   Code   RO         2273    i.KeyScan           io_intput.o
    0x08000a18   0x08000a18   0x000000fc   Code   RO         2274    i.KeyScan1          io_intput.o
    0x08000b14   0x08000b14   0x000000bc   Code   RO         2275    i.KeyScan2          io_intput.o
    0x08000bd0   0x08000bd0   0x00000004   Code   RO          185    i.MemManage_Handler  stm32f10x_it.o
    0x08000bd4   0x08000bd4   0x00000002   Code   RO          186    i.NMI_Handler       stm32f10x_it.o
    0x08000bd6   0x08000bd6   0x00000002   PAD
    0x08000bd8   0x08000bd8   0x00000070   Code   RO          291    i.NVIC_Init         misc.o
    0x08000c48   0x08000c48   0x00000014   Code   RO          292    i.NVIC_PriorityGroupConfig  misc.o
    0x08000c5c   0x08000c5c   0x00000126   Code   RO         2276    i.OneSingleKeyScanning  io_intput.o
    0x08000d82   0x08000d82   0x00000002   Code   RO          187    i.PendSV_Handler    stm32f10x_it.o
    0x08000d84   0x08000d84   0x00000020   Code   RO          444    i.RCC_APB1PeriphClockCmd  stm32f10x_rcc.o
    0x08000da4   0x08000da4   0x00000020   Code   RO          446    i.RCC_APB2PeriphClockCmd  stm32f10x_rcc.o
    0x08000dc4   0x08000dc4   0x00000190   Code   RO          454    i.RCC_GetClocksFreq  stm32f10x_rcc.o
    0x08000f54   0x08000f54   0x00000074   Code   RO         2277    i.ReadHC245Bus      io_intput.o
    0x08000fc8   0x08000fc8   0x00000074   Code   RO         2278    i.ReadHC245Bus2     io_intput.o
    0x0800103c   0x0800103c   0x00000002   Code   RO          188    i.SVC_Handler       stm32f10x_it.o
    0x0800103e   0x0800103e   0x00000002   PAD
    0x08001040   0x08001040   0x00000048   Code   RO         2239    i.SegScan_Timer_ms  segled.o
    0x08001088   0x08001088   0x00000044   Code   RO         2240    i.Seg_Init          segled.o
    0x080010cc   0x080010cc   0x00000008   Code   RO          240    i.SetSysClock       system_stm32f10x.o
    0x080010d4   0x080010d4   0x00000118   Code   RO          241    i.SetSysClockTo72   system_stm32f10x.o
    0x080011ec   0x080011ec   0x00000028   Code   RO          295    i.SysTick_CLKSourceConfig  misc.o
    0x08001214   0x08001214   0x00000002   Code   RO          189    i.SysTick_Handler   stm32f10x_it.o
    0x08001216   0x08001216   0x00000002   PAD
    0x08001218   0x08001218   0x0000006c   Code   RO          243    i.SystemInit        system_stm32f10x.o
    0x08001284   0x08001284   0x00000074   Code   RO         1832    i.TIM2_IRQHandler   timer.o
    0x080012f8   0x080012f8   0x0000001c   Code   RO         1833    i.TIM3_IRQHandler   timer.o
    0x08001314   0x08001314   0x00000006   Code   RO          850    i.TIM_ClearITPendingBit  stm32f10x_tim.o
    0x0800131a   0x0800131a   0x00000018   Code   RO          855    i.TIM_Cmd           stm32f10x_tim.o
    0x08001332   0x08001332   0x00000022   Code   RO          876    i.TIM_GetITStatus   stm32f10x_tim.o
    0x08001354   0x08001354   0x00000012   Code   RO          880    i.TIM_ITConfig      stm32f10x_tim.o
    0x08001366   0x08001366   0x00000002   PAD
    0x08001368   0x08001368   0x000000a4   Code   RO          926    i.TIM_TimeBaseInit  stm32f10x_tim.o
    0x0800140c   0x0800140c   0x0000000e   Code   RO         1653    i.TM_GPIO_GetPortSource  tm_stm32_gpio.o
    0x0800141a   0x0800141a   0x00000002   PAD
    0x0800141c   0x0800141c   0x00000020   Code   RO         1656    i.TM_GPIO_INT_EnableClock  tm_stm32_gpio.o
    0x0800143c   0x0800143c   0x00000058   Code   RO         1657    i.TM_GPIO_INT_Init  tm_stm32_gpio.o
    0x08001494   0x08001494   0x00000028   Code   RO         1658    i.TM_GPIO_Init      tm_stm32_gpio.o
    0x080014bc   0x080014bc   0x0000005a   Code   RO         1834    i.Timer2_Init       timer.o
    0x08001516   0x08001516   0x00000002   PAD
    0x08001518   0x08001518   0x0000001c   Code   RO         1887    i.USART1_IRQHandler  usart.o
    0x08001534   0x08001534   0x00000012   Code   RO         1387    i.USART_ClearFlag   stm32f10x_usart.o
    0x08001546   0x08001546   0x00000018   Code   RO         1391    i.USART_Cmd         stm32f10x_usart.o
    0x0800155e   0x0800155e   0x0000001a   Code   RO         1394    i.USART_GetFlagStatus  stm32f10x_usart.o
    0x08001578   0x08001578   0x0000004a   Code   RO         1397    i.USART_ITConfig    stm32f10x_usart.o
    0x080015c2   0x080015c2   0x00000002   PAD
    0x080015c4   0x080015c4   0x000000d8   Code   RO         1398    i.USART_Init        stm32f10x_usart.o
    0x0800169c   0x0800169c   0x00000008   Code   RO         1408    i.USART_SendData    stm32f10x_usart.o
    0x080016a4   0x080016a4   0x00000004   Code   RO          190    i.UsageFault_Handler  stm32f10x_it.o
    0x080016a8   0x080016a8   0x00000130   Code   RO         1888    i.Usart_Init        usart.o
    0x080017d8   0x080017d8   0x00000038   Code   RO         1889    i.Usart_SendByte    usart.o
    0x08001810   0x08001810   0x00000020   Code   RO         1890    i.Usart_SendString  usart.o
    0x08001830   0x08001830   0x00000028   Code   RO         2621    i.__0sprintf        mc_w.l(printfa.o)
    0x08001858   0x08001858   0x0000002c   Code   RO         2624    i.__0vsnprintf      mc_w.l(printfa.o)
    0x08001884   0x08001884   0x0000000e   Code   RO         2719    i.__scatterload_copy  mc_w.l(handlers.o)
    0x08001892   0x08001892   0x00000002   Code   RO         2720    i.__scatterload_null  mc_w.l(handlers.o)
    0x08001894   0x08001894   0x0000000e   Code   RO         2721    i.__scatterload_zeroinit  mc_w.l(handlers.o)
    0x080018a2   0x080018a2   0x00000002   PAD
    0x080018a4   0x080018a4   0x00000184   Code   RO         2626    i._fp_digits        mc_w.l(printfa.o)
    0x08001a28   0x08001a28   0x000006dc   Code   RO         2627    i._printf_core      mc_w.l(printfa.o)
    0x08002104   0x08002104   0x00000024   Code   RO         2628    i._printf_post_padding  mc_w.l(printfa.o)
    0x08002128   0x08002128   0x0000002e   Code   RO         2629    i._printf_pre_padding  mc_w.l(printfa.o)
    0x08002156   0x08002156   0x00000016   Code   RO         2630    i._snputc           mc_w.l(printfa.o)
    0x0800216c   0x0800216c   0x0000000a   Code   RO         2631    i._sputc            mc_w.l(printfa.o)
    0x08002176   0x08002176   0x00000002   PAD
    0x08002178   0x08002178   0x000000fc   Code   RO         1573    i.cm_backtrace_call_stack  cm_backtrace.o
    0x08002274   0x08002274   0x0000028c   Code   RO         1574    i.cm_backtrace_fault  cm_backtrace.o
    0x08002500   0x08002500   0x0000002c   Code   RO         1575    i.cm_backtrace_firmware_info  cm_backtrace.o
    0x0800252c   0x0800252c   0x000000a0   Code   RO         1576    i.cm_backtrace_init  cm_backtrace.o
    0x080025cc   0x080025cc   0x00000044   Code   RO         1772    i.delay_init        delay.o
    0x08002610   0x08002610   0x00000030   Code   RO         1577    i.disassembly_ins_is_bl_blx  cm_backtrace.o
    0x08002640   0x08002640   0x000000d0   Code   RO         1578    i.dump_stack        cm_backtrace.o
    0x08002710   0x08002710   0x000002d4   Code   RO         1579    i.fault_diagnosis   cm_backtrace.o
    0x080029e4   0x080029e4   0x00000050   Code   RO         2647    i.free              mc_w.l(malloc.o)
    0x08002a34   0x08002a34   0x000000d8   Code   RO            2    i.main              main.o
    0x08002b0c   0x08002b0c   0x0000006c   Code   RO         2648    i.malloc            mc_w.l(malloc.o)
    0x08002b78   0x08002b78   0x0000008a   Code   RO         2279    i.oneSignalStabillzerOneKey  io_intput.o
    0x08002c02   0x08002c02   0x00000002   PAD
    0x08002c04   0x08002c04   0x00000098   Code   RO         1580    i.print_call_stack  cm_backtrace.o
    0x08002c9c   0x08002c9c   0x0000004a   Code   RO         2087    i.sprint            debug.o
    0x08002ce6   0x08002ce6   0x00000002   PAD
    0x08002ce8   0x08002ce8   0x0000003c   Code   RO         2113    i.timer_loop        multi_timer.o
    0x08002d24   0x08002d24   0x00000010   Code   RO         2114    i.timer_ticks       multi_timer.o
    0x08002d34   0x08002d34   0x0000000c   Code   RO         2115    i.tm_Timer_MultiScan  multi_timer.o
    0x08002d40   0x08002d40   0x0000000a   Code   RO         2116    i.tm_timer_CheckFlag  multi_timer.o
    0x08002d4a   0x08002d4a   0x00000006   Code   RO         2117    i.tm_timer_ClearFlag  multi_timer.o
    0x08002d50   0x08002d50   0x00000014   Code   RO         2118    i.tm_timer_init     multi_timer.o
    0x08002d64   0x08002d64   0x0000002c   Code   RO         2119    i.tm_timer_start    multi_timer.o
    0x08002d90   0x08002d90   0x00000024   Code   RO         2120    i.tm_timer_stop     multi_timer.o
    0x08002db4   0x08002db4   0x000000e0   Data   RO         1582    .constdata          cm_backtrace.o
    0x08002e94   0x08002e94   0x0000003a   Data   RO         1892    .constdata          usart.o
    0x08002ece   0x08002ece   0x00000002   PAD
    0x08002ed0   0x08002ed0   0x0000061e   Data   RO         1583    .conststring        cm_backtrace.o
    0x080034ee   0x080034ee   0x00000002   PAD
    0x080034f0   0x080034f0   0x00000020   Data   RO         2717    Region$$Table       anon$$obj.o


    Execution Region RW_IRAM1 (Exec base: 0x20000000, Load base: 0x08003510, Size: 0x00000858, Max: 0x00010000, ABSOLUTE)

    Exec Addr    Load Addr    Size         Type   Attr      Idx    E Section Name        Object

    0x20000000   0x08003510   0x00000014   Data   RW          244    .data               system_stm32f10x.o
    0x20000014   0x08003524   0x00000014   Data   RW          482    .data               stm32f10x_rcc.o
    0x20000028   0x08003538   0x00000014   Data   RW         1584    .data               cm_backtrace.o
    0x2000003c   0x0800354c   0x00000004   Data   RW         1776    .data               delay.o
    0x20000040   0x08003550   0x00000004   Data   RW         1836    .data               timer.o
    0x20000044   0x08003554   0x00000029   Data   RW         1893    .data               usart.o
    0x2000006d   0x0800357d   0x00000003   PAD
    0x20000070   0x08003580   0x00000008   Data   RW         2121    .data               multi_timer.o
    0x20000078   0x08003588   0x00000004   Data   RW         2243    .data               segled.o
    0x2000007c   0x0800358c   0x00000071   Data   RW         2280    .data               io_intput.o
    0x200000ed   0x080035fd   0x00000003   PAD
    0x200000f0   0x08003600   0x00000004   Data   RW         2694    .data               mc_w.l(mvars.o)
    0x200000f4   0x08003604   0x00000004   Data   RW         2695    .data               mc_w.l(mvars.o)
    0x200000f8        -       0x00000010   Zero   RW            3    .bss                main.o
    0x20000108        -       0x00000134   Zero   RW         1581    .bss                cm_backtrace.o
    0x2000023c        -       0x0000001a   Zero   RW         1660    .bss                tm_stm32_gpio.o
    0x20000256   0x08003608   0x00000002   PAD
    0x20000258        -       0x00000200   Zero   RW          285    HEAP                startup_stm32f10x_md.o
    0x20000458        -       0x00000400   Zero   RW          284    STACK               startup_stm32f10x_md.o


==============================================================================

Image component sizes


      Code (inc. data)   RO Data    RW Data    ZI Data      Debug   Object Name

      2240        468       1790         20        308      11214   cm_backtrace.o
        12          0          0          0          0        408   cmb_fault.o
        74          0          0          0          0       1261   debug.o
        68         18          0          4          0        725   delay.o
      1388        156          0        113          0       7146   io_intput.o
       216         38          0          0         16     279259   main.o
       172         22          0          0          0       2469   misc.o
       204         26          0          8          0       5744   multi_timer.o
       256         28          0          4          0       3487   segled.o
        36          8        236          0       1536        916   startup_stm32f10x_md.o
       422          6          0          0          0       3142   stm32f10x_gpio.o
        22          0          0          0          0       3630   stm32f10x_it.o
       464         38          0         20          0       5694   stm32f10x_rcc.o
       246         42          0          0          0       4098   stm32f10x_tim.o
       366          6          0          0          0       6027   stm32f10x_usart.o
       396         32          0         20          0       2453   system_stm32f10x.o
       234         20          0          4          0       1969   timer.o
       174          8          0          0         26       3436   tm_stm32_gpio.o
       420         56         58         41          0       6749   usart.o

    ----------------------------------------------------------------------
      7428        972       2120        240       1888     349827   Object Totals
         0          0         32          0          0          0   (incl. Generated)
        18          0          4          6          2          0   (incl. Padding)

    ----------------------------------------------------------------------

      Code (inc. data)   RO Data    RW Data    ZI Data      Debug   Library Member Name

         0          0          0          0          0          0   entry.o
         0          0          0          0          0          0   entry10a.o
         0          0          0          0          0          0   entry11a.o
         8          4          0          0          0          0   entry2.o
         4          0          0          0          0          0   entry5.o
         0          0          0          0          0          0   entry7b.o
         0          0          0          0          0          0   entry8b.o
         8          4          0          0          0          0   entry9a.o
        30          0          0          0          0          0   handlers.o
        36          8          0          0          0         68   init.o
         0          0          0          0          0          0   iusefp.o
        30          0          0          0          0         68   llshl.o
        36          0          0          0          0         68   llsshr.o
        32          0          0          0          0         68   llushr.o
       188         20          0          0          0        160   malloc.o
        36          0          0          0          0         68   memcpya.o
        36          0          0          0          0        108   memseta.o
         0          0          0          8          0          0   mvars.o
      2342         90          0          0          0        668   printfa.o
        14          0          0          0          0         68   strlen.o
        24          0          0          0          0         76   strncpy.o
        44          0          0          0          0         80   uidiv.o
        98          0          0          0          0         92   uldiv.o
        48          0          0          0          0         68   cdrcmple.o
       334          0          0          0          0        148   dadd.o
       222          0          0          0          0        100   ddiv.o
       186          0          0          0          0        176   depilogue.o
        48          0          0          0          0         68   dfixul.o
       228          0          0          0          0         96   dmul.o

    ----------------------------------------------------------------------
      4036        126          0          8          0       2248   Library Totals
         4          0          0          0          0          0   (incl. Padding)

    ----------------------------------------------------------------------

      Code (inc. data)   RO Data    RW Data    ZI Data      Debug   Library Name

      2966        126          0          8          0       1592   mc_w.l
      1066          0          0          0          0        656   mf_w.l

    ----------------------------------------------------------------------
      4036        126          0          8          0       2248   Library Totals

    ----------------------------------------------------------------------

==============================================================================


      Code (inc. data)   RO Data    RW Data    ZI Data      Debug   

     11464       1098       2120        248       1888     347391   Grand Totals
     11464       1098       2120        248       1888     347391   ELF Image Totals
     11464       1098       2120        248          0          0   ROM Totals

==============================================================================

    Total RO  Size (Code + RO Data)                13584 (  13.27kB)
    Total RW  Size (RW Data + ZI Data)              2136 (   2.09kB)
    Total ROM Size (Code + RO Data + RW Data)      13832 (  13.51kB)

==============================================================================

