Component: ARM Compiler 5.06 update 6 (build 750) Tool: armlink [4d35ed]

==============================================================================

Section Cross References

    main.o(i.main) refers to misc.o(i.NVIC_PriorityGroupConfig) for NVIC_PriorityGroupConfig
    main.o(i.main) refers to stm32f10x_rcc.o(i.RCC_APB2PeriphClockCmd) for RCC_APB2PeriphClockCmd
    main.o(i.main) refers to stm32f10x_gpio.o(i.GPIO_PinRemapConfig) for GPIO_PinRemapConfig
    main.o(i.main) refers to delay.o(i.delay_init) for delay_init
    main.o(i.main) refers to queue.o(i.queue_Init) for queue_Init
    main.o(i.main) refers to tm_que.o(i.TM_que_AllRegistInit) for TM_que_AllRegistInit
    main.o(i.main) refers to cm_backtrace.o(i.cm_backtrace_init) for cm_backtrace_init
    main.o(i.main) refers to usart.o(i.Usart_Init) for Usart_Init
    main.o(i.main) refers to tm_stm32_gpio.o(i.TM_GPIO_Init) for TM_GPIO_Init
    main.o(i.main) refers to myhid_driver.o(i.USB_HID_Init) for USB_HID_Init
    main.o(i.main) refers to stm32f10x_rcc.o(i.RCC_GetClocksFreq) for RCC_GetClocksFreq
    main.o(i.main) refers to timer.o(i.Timer2_Init) for Timer2_Init
    main.o(i.main) refers to multi_timer.o(i.tm_timer_init) for tm_timer_init
    main.o(i.main) refers to multi_timer.o(i.tm_timer_start) for tm_timer_start
    main.o(i.main) refers to ch375_app.o(i.CH375_APP) for CH375_APP
    main.o(i.main) refers to queue.o(i.que_size) for que_size
    main.o(i.main) refers to queue.o(i.que_Read) for que_Read
    main.o(i.main) refers to usart.o(i.Usart_SendByte) for Usart_SendByte
    main.o(i.main) refers to multi_timer.o(i.tm_timer_CheckFlag) for tm_timer_CheckFlag
    main.o(i.main) refers to multi_timer.o(i.tm_timer_ClearFlag) for tm_timer_ClearFlag
    main.o(i.main) refers to main.o(.bss) for debug_ms
    main.o(i.main) refers to queue.o(.bss) for Tx1_que
    main.o(.data) refers to main.o(.conststring) for .conststring
    system_stm32f10x.o(i.SetSysClock) refers to system_stm32f10x.o(i.SetSysClockTo72) for SetSysClockTo72
    system_stm32f10x.o(i.SystemCoreClockUpdate) refers to system_stm32f10x.o(.data) for SystemCoreClock
    system_stm32f10x.o(i.SystemInit) refers to system_stm32f10x.o(i.SetSysClock) for SetSysClock
    startup_stm32f10x_md.o(RESET) refers to startup_stm32f10x_md.o(STACK) for __initial_sp
    startup_stm32f10x_md.o(RESET) refers to startup_stm32f10x_md.o(.text) for Reset_Handler
    startup_stm32f10x_md.o(RESET) refers to stm32f10x_it.o(i.NMI_Handler) for NMI_Handler
    startup_stm32f10x_md.o(RESET) refers to cmb_fault.o(.text) for HardFault_Handler
    startup_stm32f10x_md.o(RESET) refers to stm32f10x_it.o(i.MemManage_Handler) for MemManage_Handler
    startup_stm32f10x_md.o(RESET) refers to stm32f10x_it.o(i.BusFault_Handler) for BusFault_Handler
    startup_stm32f10x_md.o(RESET) refers to stm32f10x_it.o(i.UsageFault_Handler) for UsageFault_Handler
    startup_stm32f10x_md.o(RESET) refers to stm32f10x_it.o(i.SVC_Handler) for SVC_Handler
    startup_stm32f10x_md.o(RESET) refers to stm32f10x_it.o(i.DebugMon_Handler) for DebugMon_Handler
    startup_stm32f10x_md.o(RESET) refers to stm32f10x_it.o(i.PendSV_Handler) for PendSV_Handler
    startup_stm32f10x_md.o(RESET) refers to stm32f10x_it.o(i.SysTick_Handler) for SysTick_Handler
    startup_stm32f10x_md.o(RESET) refers to stm32_it.o(i.DMA1_Channel1_IRQHandler) for DMA1_Channel1_IRQHandler
    startup_stm32f10x_md.o(RESET) refers to masterspi.o(i.DMA1_Channel2_IRQHandler) for DMA1_Channel2_IRQHandler
    startup_stm32f10x_md.o(RESET) refers to masterspi.o(i.DMA1_Channel3_IRQHandler) for DMA1_Channel3_IRQHandler
    startup_stm32f10x_md.o(RESET) refers to stm32_it.o(i.USB_LP_CAN1_RX0_IRQHandler) for USB_LP_CAN1_RX0_IRQHandler
    startup_stm32f10x_md.o(RESET) refers to stm32_it.o(i.EXTI9_5_IRQHandler) for EXTI9_5_IRQHandler
    startup_stm32f10x_md.o(RESET) refers to timer.o(i.TIM2_IRQHandler) for TIM2_IRQHandler
    startup_stm32f10x_md.o(RESET) refers to timer.o(i.TIM3_IRQHandler) for TIM3_IRQHandler
    startup_stm32f10x_md.o(RESET) refers to usart.o(i.USART1_IRQHandler) for USART1_IRQHandler
    startup_stm32f10x_md.o(RESET) refers to stm32_it.o(i.USBWakeUp_IRQHandler) for USBWakeUp_IRQHandler
    startup_stm32f10x_md.o(.text) refers to system_stm32f10x.o(i.SystemInit) for SystemInit
    startup_stm32f10x_md.o(.text) refers to entry.o(.ARM.Collect$$$$00000000) for __main
    stm32f10x_gpio.o(i.GPIO_AFIODeInit) refers to stm32f10x_rcc.o(i.RCC_APB2PeriphResetCmd) for RCC_APB2PeriphResetCmd
    stm32f10x_gpio.o(i.GPIO_DeInit) refers to stm32f10x_rcc.o(i.RCC_APB2PeriphResetCmd) for RCC_APB2PeriphResetCmd
    stm32f10x_rcc.o(i.RCC_GetClocksFreq) refers to stm32f10x_rcc.o(.data) for APBAHBPrescTable
    stm32f10x_rcc.o(i.RCC_WaitForHSEStartUp) refers to stm32f10x_rcc.o(i.RCC_GetFlagStatus) for RCC_GetFlagStatus
    stm32f10x_spi.o(i.I2S_Init) refers to stm32f10x_rcc.o(i.RCC_GetClocksFreq) for RCC_GetClocksFreq
[...]
    i.que_Read                               0x0800599c   Section        0  queue.o(i.que_Read)
    i.que_Regist                             0x080059d6   Section        0  queue.o(i.que_Regist)
    i.que_Write                              0x080059f0   Section        0  queue.o(i.que_Write)
    i.que_size                               0x08005a54   Section        0  queue.o(i.que_size)
    i.queue_Init                             0x08005a84   Section        0  queue.o(i.queue_Init)
    i.rotate_l                               0x08005aec   Section        0  des.o(i.rotate_l)
    rotate_l                                 0x08005aed   Thumb Code   124  des.o(i.rotate_l)
    i.sprint                                 0x08005b68   Section        0  debug.o(i.sprint)
    i.timer_loop                             0x08005bb4   Section        0  multi_timer.o(i.timer_loop)
    timer_loop                               0x08005bb5   Thumb Code    52  multi_timer.o(i.timer_loop)
    i.timer_ticks                            0x08005bf0   Section        0  multi_timer.o(i.timer_ticks)
    timer_ticks                              0x08005bf1   Thumb Code    12  multi_timer.o(i.timer_ticks)
    i.tm_Timer_MultiScan                     0x08005c00   Section        0  multi_timer.o(i.tm_Timer_MultiScan)
    i.tm_timer_CheckFlag                     0x08005c0c   Section        0  multi_timer.o(i.tm_timer_CheckFlag)
    i.tm_timer_ClearFlag                     0x08005c16   Section        0  multi_timer.o(i.tm_timer_ClearFlag)
    i.tm_timer_init                          0x08005c1c   Section        0  multi_timer.o(i.tm_timer_init)
    i.tm_timer_start                         0x08005c30   Section        0  multi_timer.o(i.tm_timer_start)
    i.tm_timer_stop                          0x08005c5c   Section        0  multi_timer.o(i.tm_timer_stop)
    i.transpose                              0x08005c80   Section        0  des.o(i.transpose)
    transpose                                0x08005c81   Thumb Code    96  des.o(i.transpose)
    i.xReadCH375Data                         0x08005ce4   Section        0  para.o(i.xReadCH375Data)
    i.xWriteCH375Cmd                         0x08005d4c   Section        0  para.o(i.xWriteCH375Cmd)
    i.xWriteCH375Data                        0x08005da0   Section        0  para.o(i.xWriteCH375Data)
    .constdata                               0x08005e00   Section      224  cm_backtrace.o(.constdata)
    print_info                               0x08005e00   Data         152  cm_backtrace.o(.constdata)
    __FUNCTION__                             0x08005e98   Data          20  cm_backtrace.o(.constdata)
    __FUNCTION__                             0x08005eac   Data          19  cm_backtrace.o(.constdata)
    .constdata                               0x08005ee0   Section       58  usart.o(.constdata)
    .constdata                               0x08005f1a   Section      944  des.o(.constdata)
    .constdata                               0x080062ca   Section      166  usb_desc.o(.constdata)
    .conststring                             0x08006370   Section      177  main.o(.conststring)
    .conststring                             0x08006424   Section     1566  cm_backtrace.o(.conststring)
    .data                                    0x20000000   Section       68  main.o(.data)
    .data                                    0x20000044   Section       20  system_stm32f10x.o(.data)
    .data                                    0x20000058   Section       20  stm32f10x_rcc.o(.data)
    APBAHBPrescTable                         0x20000058   Data          16  stm32f10x_rcc.o(.data)
    ADCPrescTable                            0x20000068   Data           4  stm32f10x_rcc.o(.data)
    .data                                    0x2000006c   Section       20  cm_backtrace.o(.data)
    main_stack_start_addr                    0x2000006c   Data           4  cm_backtrace.o(.data)
    main_stack_size                          0x20000070   Data           4  cm_backtrace.o(.data)
    code_start_addr                          0x20000074   Data           4  cm_backtrace.o(.data)
    code_size                                0x20000078   Data           4  cm_backtrace.o(.data)
    init_ok                                  0x2000007c   Data           1  cm_backtrace.o(.data)
    on_fault                                 0x2000007d   Data           1  cm_backtrace.o(.data)
    stack_is_overflow                        0x2000007e   Data           1  cm_backtrace.o(.data)
    on_thread_before_fault                   0x2000007f   Data           1  cm_backtrace.o(.data)
    .data                                    0x20000080   Section        8  multi_timer.o(.data)
    head_handle                              0x20000080   Data           4  multi_timer.o(.data)
    _timer_ticks                             0x20000084   Data           4  multi_timer.o(.data)
    .data                                    0x20000088   Section        4  delay.o(.data)
    fac_us                                   0x20000088   Data           1  delay.o(.data)
    fac_ms                                   0x2000008a   Data           2  delay.o(.data)
    .data                                    0x2000008c   Section        4  timer.o(.data)
    Cnt                                      0x2000008e   Data           2  timer.o(.data)
    .data                                    0x20000090   Section       41  usart.o(.data)
    COM_State                                0x200000b4   Data           5  usart.o(.data)
    .data                                    0x200000b9   Section        8  des.o(.data)
    .data                                    0x200000c4   Section       33  masterspi.o(.data)
    MasterSPI_1                              0x200000c4   Data          32  masterspi.o(.data)
    .data                                    0x200000e6   Section        6  spi_communicate.o(.data)
    Port                                     0x200000e8   Data           1  spi_communicate.o(.data)
    len                                      0x200000e9   Data           1  spi_communicate.o(.data)
    Alen                                     0x200000ea   Data           1  spi_communicate.o(.data)
    flag                                     0x200000eb   Data           1  spi_communicate.o(.data)
    .data                                    0x200000ec   Section        5  hid_data.o(.data)
    Port                                     0x200000ed   Data           1  hid_data.o(.data)
    Plen                                     0x200000ee   Data           1  hid_data.o(.data)
    Port                                     0x200000ef   Data           1  hid_data.o(.data)
    Plen                                     0x200000f0   Data           1  hid_data.o(.data)
    .data                                    0x200000f2   Section        3  usb_core.o(.data)
    .data                                    0x200000f8   Section       20  usb_init.o(.data)
    .data                                    0x2000010c   Section        4  usb_int.o(.data)
    .data                                    0x20000110   Section       26  usb_desc.o(.data)
    .data                                    0x2000012c   Section       68  usb_istr.o(.data)
    .data                                    0x20000170   Section      156  usb_prop.o(.data)
    .data                                    0x2000020c   Section       14  usb_pwr.o(.data)
    sd                                       0x20000219   Data           1  usb_pwr.o(.data)
    .data                                    0x2000021a   Section       20  ch375_app.o(.data)
    .data                                    0x20000230   Section        4  mvars.o(.data)
    .data                                    0x20000234   Section        4  mvars.o(.data)
    .bss                                     0x20000238   Section       16  main.o(.bss)
    .bss                                     0x20000248   Section      308  cm_backtrace.o(.bss)
    fw_name                                  0x20000248   Data          32  cm_backtrace.o(.bss)
    hw_ver                                   0x20000268   Data          32  cm_backtrace.o(.bss)
    sw_ver                                   0x20000288   Data          32  cm_backtrace.o(.bss)
    call_stack_info                          0x200002a8   Data         144  cm_backtrace.o(.bss)
    regs                                     0x20000338   Data          68  cm_backtrace.o(.bss)
    .bss                                     0x2000037c   Section       26  tm_stm32_gpio.o(.bss)
    GPIO_UsedPins                            0x2000037c   Data          26  tm_stm32_gpio.o(.bss)
    .bss                                     0x20000398   Section     2632  tm_que.o(.bss)
    HID_RxBuf                                0x20000398   Data        1300  tm_que.o(.bss)
    HID_TxBuf                                0x200008ac   Data        1300  tm_que.o(.bss)
    .bss                                     0x20000de0   Section     7160  queue.o(.bss)
    Rx1_Buff                                 0x20000de0   Data         100  queue.o(.bss)
    Tx1_Buff                                 0x20000e50   Data        2000  queue.o(.bss)
    R_MasterSPIBuff                          0x2000162c   Data        2000  queue.o(.bss)
    T_MasterSPIBuff                          0x20001e08   Data        2000  queue.o(.bss)
    HID_TBuff                                0x200025e4   Data        1000  queue.o(.bss)
    .bss                                     0x200029d8   Section      128  des.o(.bss)
    .bss                                     0x20002a58   Section       40  masterspi.o(.bss)
    SPI1_SendBuff                            0x20002a58   Data          20  masterspi.o(.bss)
    SPI1_ReviceBuff                          0x20002a6c   Data          20  masterspi.o(.bss)
    .bss                                     0x20002a80   Section       28  usb_init.o(.bss)
    .bss                                     0x20002a9c   Section       64  myhid_driver.o(.bss)
    .bss                                     0x20002adc   Section       64  usb_prop.o(.bss)
    .bss                                     0x20002b1c   Section       32  usb_pwr.o(.bss)
    .bss                                     0x20002b3c   Section       38  host_sys.o(.bss)
    .bss                                     0x20002b64   Section      354  ch375_app.o(.bss)
    HEAP                                     0x20002cc8   Section      512  startup_stm32f10x_md.o(HEAP)
    STACK                                    0x20002ec8   Section     1024  startup_stm32f10x_md.o(STACK)

    Global Symbols

    Symbol Name                              Value     Ov Type        Size  Object(Section)

    BuildAttributes$$THM_ISAv4$P$D$K$B$S$PE$A:L22UL41UL21$X:L11$S22US41US21$IEEE1$IW$USESV6$~STKCKD$USESV7$~SHL$OSPACE$ROPI$EBA8$MICROLIB$REQ8$PRES8$EABIv2 0x00000000   Number         0  anon$$obj.o ABSOLUTE
    __ARM_use_no_argv                        0x00000000   Number         0  main.o ABSOLUTE
    _printf_a                                0x00000000   Number         0  stubs.o ABSOLUTE
    _printf_c                                0x00000000   Number         0  stubs.o ABSOLUTE
    _printf_charcount                        0x00000000   Number         0  stubs.o ABSOLUTE
    _printf_d                                0x00000000   Number         0  stubs.o ABSOLUTE
    _printf_e                                0x00000000   Number         0  stubs.o ABSOLUTE
    _printf_f                                0x00000000   Number         0  stubs.o ABSOLUTE
    _printf_flags                            0x00000000   Number         0  stubs.o ABSOLUTE
    _printf_fp_dec                           0x00000000   Number         0  stubs.o ABSOLUTE
    _printf_fp_hex                           0x00000000   Number         0  stubs.o ABSOLUTE
    _printf_g                                0x00000000   Number         0  stubs.o ABSOLUTE
    _printf_i                                0x00000000   Number         0  stubs.o ABSOLUTE
    _printf_int_dec                          0x00000000   Number         0  stubs.o ABSOLUTE
    _printf_l                                0x00000000   Number         0  stubs.o ABSOLUTE
    _printf_lc                               0x00000000   Number         0  stubs.o ABSOLUTE
    _printf_ll                               0x00000000   Number         0  stubs.o ABSOLUTE
    _printf_lld                              0x00000000   Number         0  stubs.o ABSOLUTE
    _printf_lli                              0x00000000   Number         0  stubs.o ABSOLUTE
    _printf_llo                              0x00000000   Number         0  stubs.o ABSOLUTE
    _printf_llu                              0x00000000   Number         0  stubs.o ABSOLUTE
    _printf_llx                              0x00000000   Number         0  stubs.o ABSOLUTE
    _printf_longlong_dec                     0x00000000   Number         0  stubs.o ABSOLUTE
    _printf_longlong_hex                     0x00000000   Number         0  stubs.o ABSOLUTE
    _printf_longlong_oct                     0x00000000   Number         0  stubs.o ABSOLUTE
    _printf_ls                               0x00000000   Number         0  stubs.o ABSOLUTE
    _printf_mbtowc                           0x00000000   Number         0  stubs.o ABSOLUTE
    _printf_n                                0x00000000   Number         0  stubs.o ABSOLUTE
    _printf_o                                0x00000000   Number         0  stubs.o ABSOLUTE
    _printf_p                                0x00000000   Number         0  stubs.o ABSOLUTE
    _printf_percent                          0x00000000   Number         0  stubs.o ABSOLUTE
    _printf_pre_padding                      0x00000000   Number         0  stubs.o ABSOLUTE
    _printf_return_value                     0x00000000   Number         0  stubs.o ABSOLUTE
    _printf_s                                0x00000000   Number         0  stubs.o ABSOLUTE
    _printf_sizespec                         0x00000000   Number         0  stubs.o ABSOLUTE
    _printf_str                              0x00000000   Number         0  stubs.o ABSOLUTE
    _printf_truncate_signed                  0x00000000   Number         0  stubs.o ABSOLUTE
    _printf_truncate_unsigned                0x00000000   Number         0  stubs.o ABSOLUTE
    _printf_u                                0x00000000   Number         0  stubs.o ABSOLUTE
    _printf_wc                               0x00000000   Number         0  stubs.o ABSOLUTE
    _printf_wctomb                           0x00000000   Number         0  stubs.o ABSOLUTE
    _printf_widthprec                        0x00000000   Number         0  stubs.o ABSOLUTE
    _printf_x                                0x00000000   Number         0  stubs.o ABSOLUTE
    __cpp_initialize__aeabi_                  - Undefined Weak Reference
    __cxa_finalize                            - Undefined Weak Reference
    _clock_init                               - Undefined Weak Reference
    _microlib_exit                            - Undefined Weak Reference
    __Vectors_Size                           0x000000ec   Number         0  startup_stm32f10x_md.o ABSOLUTE
    Image$$ER_IROM1$$Base                    0x08000000   Number         0  anon$$obj.o ABSOLUTE
    __Vectors                                0x08000000   Data           4  startup_stm32f10x_md.o(RESET)
    __Vectors_End                            0x080000ec   Data           0  startup_stm32f10x_md.o(RESET)
    __main                                   0x080000ed   Thumb Code     0  entry.o(.ARM.Collect$$$$00000000)
    _main_stk                                0x080000ed   Thumb Code     0  entry2.o(.ARM.Collect$$$$00000001)
    _main_scatterload                        0x080000f1   Thumb Code     0  entry5.o(.ARM.Collect$$$$00000004)
    __main_after_scatterload                 0x080000f5   Thumb Code     0  entry5.o(.ARM.Collect$$$$00000004)
    _main_clock                              0x080000f5   Thumb Code     0  entry7b.o(.ARM.Collect$$$$00000008)
    _main_cpp_init                           0x080000f5   Thumb Code     0  entry8b.o(.ARM.Collect$$$$0000000A)
    _main_init                               0x080000f5   Thumb Code     0  entry9a.o(.ARM.Collect$$$$0000000B)
    __rt_final_cpp                           0x080000fd   Thumb Code     0  entry10a.o(.ARM.Collect$$$$0000000D)
    __rt_final_exit                          0x080000fd   Thumb Code     0  entry11a.o(.ARM.Collect$$$$0000000F)
    Reset_Handler                            0x08000101   Thumb Code     8  startup_stm32f10x_md.o(.text)
    ADC1_2_IRQHandler                        0x0800011b   Thumb Code     0  startup_stm32f10x_md.o(.text)
    CAN1_RX1_IRQHandler                      0x0800011b   Thumb Code     0  startup_stm32f10x_md.o(.text)
    CAN1_SCE_IRQHandler                      0x0800011b   Thumb Code     0  startup_stm32f10x_md.o(.text)
    DMA1_Channel4_IRQHandler                 0x0800011b   Thumb Code     0  startup_stm32f10x_md.o(.text)
    DMA1_Channel5_IRQHandler                 0x0800011b   Thumb Code     0  startup_stm32f10x_md.o(.text)
    DMA1_Channel6_IRQHandler                 0x0800011b   Thumb Code     0  startup_stm32f10x_md.o(.text)
    DMA1_Channel7_IRQHandler                 0x0800011b   Thumb Code     0  startup_stm32f10x_md.o(.text)
    EXTI0_IRQHandler                         0x0800011b   Thumb Code     0  startup_stm32f10x_md.o(.text)
    EXTI15_10_IRQHandler                     0x0800011b   Thumb Code     0  startup_stm32f10x_md.o(.text)
    EXTI1_IRQHandler                         0x0800011b   Thumb Code     0  startup_stm32f10x_md.o(.text)
    EXTI2_IRQHandler                         0x0800011b   Thumb Code     0  startup_stm32f10x_md.o(.text)
    EXTI3_IRQHandler                         0x0800011b   Thumb Code     0  startup_stm32f10x_md.o(.text)
    EXTI4_IRQHandler                         0x0800011b   Thumb Code     0  startup_stm32f10x_md.o(.text)
    FLASH_IRQHandler                         0x0800011b   Thumb Code     0  startup_stm32f10x_md.o(.text)
    I2C1_ER_IRQHandler                       0x0800011b   Thumb Code     0  startup_stm32f10x_md.o(.text)
    I2C1_EV_IRQHandler                       0x0800011b   Thumb Code     0  startup_stm32f10x_md.o(.text)
    I2C2_ER_IRQHandler                       0x0800011b   Thumb Code     0  startup_stm32f10x_md.o(.text)
    I2C2_EV_IRQHandler                       0x0800011b   Thumb Code     0  startup_stm32f10x_md.o(.text)
    PVD_IRQHandler                           0x0800011b   Thumb Code     0  startup_stm32f10x_md.o(.text)
    RCC_IRQHandler                           0x0800011b   Thumb Code     0  startup_stm32f10x_md.o(.text)
    RTCAlarm_IRQHandler                      0x0800011b   Thumb Code     0  startup_stm32f10x_md.o(.text)
    RTC_IRQHandler                           0x0800011b   Thumb Code     0  startup_stm32f10x_md.o(.text)
    SPI1_IRQHandler                          0x0800011b   Thumb Code     0  startup_stm32f10x_md.o(.text)
    SPI2_IRQHandler                          0x0800011b   Thumb Code     0  startup_stm32f10x_md.o(.text)
    TAMPER_IRQHandler                        0x0800011b   Thumb Code     0  startup_stm32f10x_md.o(.text)
    TIM1_BRK_IRQHandler                      0x0800011b   Thumb Code     0  startup_stm32f10x_md.o(.text)
    TIM1_CC_IRQHandler                       0x0800011b   Thumb Code     0  startup_stm32f10x_md.o(.text)
    TIM1_TRG_COM_IRQHandler                  0x0800011b   Thumb Code     0  startup_stm32f10x_md.o(.text)
    TIM1_UP_IRQHandler                       0x0800011b   Thumb Code     0  startup_stm32f10x_md.o(.text)
    TIM4_IRQHandler                          0x0800011b   Thumb Code     0  startup_stm32f10x_md.o(.text)
    USART2_IRQHandler                        0x0800011b   Thumb Code     0  startup_stm32f10x_md.o(.text)
    USART3_IRQHandler                        0x0800011b   Thumb Code     0  startup_stm32f10x_md.o(.text)
    USB_HP_CAN1_TX_IRQHandler                0x0800011b   Thumb Code     0  startup_stm32f10x_md.o(.text)
    WWDG_IRQHandler                          0x0800011b   Thumb Code     0  startup_stm32f10x_md.o(.text)
    HardFault_Handler                        0x08000125   Thumb Code    12  cmb_fault.o(.text)
    __aeabi_memcpy                           0x08000131   Thumb Code    36  memcpya.o(.text)
    __aeabi_memcpy4                          0x08000131   Thumb Code     0  memcpya.o(.text)
    __aeabi_memcpy8                          0x08000131   Thumb Code     0  memcpya.o(.text)
    __aeabi_memset                           0x08000155   Thumb Code    14  memseta.o(.text)
    __aeabi_memset4                          0x08000155   Thumb Code     0  memseta.o(.text)
    __aeabi_memset8                          0x08000155   Thumb Code     0  memseta.o(.text)
    __aeabi_memclr                           0x08000163   Thumb Code     4  memseta.o(.text)
    __aeabi_memclr4                          0x08000163   Thumb Code     0  memseta.o(.text)
    __aeabi_memclr8                          0x08000163   Thumb Code     0  memseta.o(.text)
    _memset$wrapper                          0x08000167   Thumb Code    18  memseta.o(.text)
    strncpy                                  0x08000179   Thumb Code    24  strncpy.o(.text)
    strlen                                   0x08000191   Thumb Code    14  strlen.o(.text)
    __aeabi_uidiv                            0x0800019f   Thumb Code     0  uidiv.o(.text)
    __aeabi_uidivmod                         0x0800019f   Thumb Code    44  uidiv.o(.text)
    __aeabi_uldivmod                         0x080001cb   Thumb Code    98  uldiv.o(.text)
    __I$use$fp                               0x0800022d   Thumb Code     0  iusefp.o(.text)
    __aeabi_dadd                             0x0800022d   Thumb Code   322  dadd.o(.text)
    __aeabi_dsub                             0x0800036f   Thumb Code     6  dadd.o(.text)
    __aeabi_drsub                            0x08000375   Thumb Code     6  dadd.o(.text)
    __aeabi_dmul                             0x0800037b   Thumb Code   228  dmul.o(.text)
    __aeabi_ddiv                             0x0800045f   Thumb Code   222  ddiv.o(.text)
    __aeabi_d2ulz                            0x0800053d   Thumb Code    48  dfixul.o(.text)
    __aeabi_cdrcmple                         0x0800056d   Thumb Code    48  cdrcmple.o(.text)
    __scatterload                            0x0800059d   Thumb Code    28  init.o(.text)
    __scatterload_rt2                        0x0800059d   Thumb Code     0  init.o(.text)
    __aeabi_llsl                             0x080005c1   Thumb Code    30  llshl.o(.text)
    _ll_shift_l                              0x080005c1   Thumb Code     0  llshl.o(.text)
    __aeabi_llsr                             0x080005df   Thumb Code    32  llushr.o(.text)
    _ll_ushift_r                             0x080005df   Thumb Code     0  llushr.o(.text)
    __aeabi_lasr                             0x080005ff   Thumb Code    36  llsshr.o(.text)
    _ll_sshift_r                             0x080005ff   Thumb Code     0  llsshr.o(.text)
    _double_round                            0x08000623   Thumb Code    30  depilogue.o(.text)
    _double_epilogue                         0x08000641   Thumb Code   156  depilogue.o(.text)
    __decompress                             0x080006dd   Thumb Code     0  __dczerorl2.o(.text)
    __decompress1                            0x080006dd   Thumb Code    86  __dczerorl2.o(.text)
    BusFault_Handler                         0x08000733   Thumb Code     4  stm32f10x_it.o(i.BusFault_Handler)
    ByteSwap                                 0x08000737   Thumb Code    12  usb_regs.o(i.ByteSwap)
    CH375AnalyDevInfo                        0x08000745   Thumb Code   356  host_sys.o(i.CH375AnalyDevInfo)
    CH375BusReset                            0x080008ad   Thumb Code    76  host_sys.o(i.CH375BusReset)
    CH375CheckConnect                        0x080008fd   Thumb Code    52  host_sys.o(i.CH375CheckConnect)
    CH375ClearEdpFeature                     0x08000935   Thumb Code    88  host_sys.o(i.CH375ClearEdpFeature)
    CH375CtlTrans                            0x08000999   Thumb Code   266  host_sys.o(i.CH375CtlTrans)
    CH375DeviceConnect                       0x08000aa9   Thumb Code    46  host_sys.o(i.CH375DeviceConnect)
    CH375FindEndp                            0x08000ad9   Thumb Code    86  host_sys.o(i.CH375FindEndp)
    CH375GetConfDesc                         0x08000b35   Thumb Code    78  host_sys.o(i.CH375GetConfDesc)
    CH375GetDeviceDesc                       0x08000b8d   Thumb Code    70  host_sys.o(i.CH375GetDeviceDesc)
    CH375GetFreq                             0x08000bd9   Thumb Code    60  host_sys.o(i.CH375GetFreq)
    CH375GetIntStatus                        0x08000c19   Thumb Code    18  host_sys.o(i.CH375GetIntStatus)
    CH375InTrans                             0x08000c2d   Thumb Code   208  host_sys.o(i.CH375InTrans)
    CH375InitSysVar                          0x08000d01   Thumb Code    18  host_sys.o(i.CH375InitSysVar)
    CH375OutTrans                            0x08000d19   Thumb Code   202  host_sys.o(i.CH375OutTrans)
    CH375ReadBlock                           0x08000de9   Thumb Code    42  host_sys.o(i.CH375ReadBlock)
    CH375SetDeviceAddr                       0x08000e15   Thumb Code    46  host_sys.o(i.CH375SetDeviceAddr)
    CH375SetDeviceConf                       0x08000e49   Thumb Code   110  host_sys.o(i.CH375SetDeviceConf)
    CH375SetFreq                             0x08000ec5   Thumb Code    32  host_sys.o(i.CH375SetFreq)
    CH375SetMode                             0x08000ee9   Thumb Code    40  host_sys.o(i.CH375SetMode)
    CH375SetRetry                            0x08000f11   Thumb Code    46  host_sys.o(i.CH375SetRetry)
    CH375StartTrans                          0x08000f3f   Thumb Code    46  host_sys.o(i.CH375StartTrans)
    CH375WaitInterrupt                       0x08000f6d   Thumb Code    30  host_sys.o(i.CH375WaitInterrupt)
    CH375WriteBlock                          0x08000f91   Thumb Code    40  host_sys.o(i.CH375WriteBlock)
    CH375_APP                                0x08000fb9   Thumb Code  1532  ch375_app.o(i.CH375_APP)
    CH375_PORT_INIT                          0x080015d1   Thumb Code   144  para.o(i.CH375_PORT_INIT)
    CTR_LP                                   0x08001675   Thumb Code   616  usb_int.o(i.CTR_LP)
    ClearDTOG_RX                             0x08001911   Thumb Code    48  usb_regs.o(i.ClearDTOG_RX)
    ClearDTOG_TX                             0x08001945   Thumb Code    48  usb_regs.o(i.ClearDTOG_TX)
    Clear_Status_Out                         0x08001979   Thumb Code    34  usb_regs.o(i.Clear_Status_Out)
    CustomHID_Data_Setup                     0x080019a1   Thumb Code   134  usb_prop.o(i.CustomHID_Data_Setup)
    CustomHID_GetConfigDescriptor            0x08001a41   Thumb Code    14  usb_prop.o(i.CustomHID_GetConfigDescriptor)
    CustomHID_GetDeviceDescriptor            0x08001a55   Thumb Code    14  usb_prop.o(i.CustomHID_GetDeviceDescriptor)
    CustomHID_GetHIDDescriptor               0x08001a69   Thumb Code    14  usb_prop.o(i.CustomHID_GetHIDDescriptor)
    CustomHID_GetProtocolValue               0x08001a7d   Thumb Code    20  usb_prop.o(i.CustomHID_GetProtocolValue)
    CustomHID_GetReportDescriptor            0x08001a99   Thumb Code    14  usb_prop.o(i.CustomHID_GetReportDescriptor)
    CustomHID_GetStringDescriptor            0x08001aad   Thumb Code    32  usb_prop.o(i.CustomHID_GetStringDescriptor)
    CustomHID_Get_Interface_Setting          0x08001ad5   Thumb Code    22  usb_prop.o(i.CustomHID_Get_Interface_Setting)
    CustomHID_NoData_Setup                   0x08001aed   Thumb Code    32  usb_prop.o(i.CustomHID_NoData_Setup)
    CustomHID_Reset                          0x08001b11   Thumb Code   168  usb_prop.o(i.CustomHID_Reset)
    CustomHID_SetConfiguration               0x08001bc9   Thumb Code    24  usb_prop.o(i.CustomHID_SetConfiguration)
    CustomHID_SetDeviceAddress               0x08001bed   Thumb Code     8  usb_prop.o(i.CustomHID_SetDeviceAddress)
    CustomHID_SetProtocol                    0x08001bf9   Thumb Code    14  usb_prop.o(i.CustomHID_SetProtocol)
    CustomHID_SetReport_Feature              0x08001c11   Thumb Code    20  usb_prop.o(i.CustomHID_SetReport_Feature)
    CustomHID_Status_In                      0x08001c2d   Thumb Code     2  usb_prop.o(i.CustomHID_Status_In)
    CustomHID_Status_Out                     0x08001c2f   Thumb Code     2  usb_prop.o(i.CustomHID_Status_Out)
    CustomHID_init                           0x08001c31   Thumb Code    30  usb_prop.o(i.CustomHID_init)
    DMA1_Channel1_IRQHandler                 0x08001c59   Thumb Code     2  stm32_it.o(i.DMA1_Channel1_IRQHandler)
    DMA1_Channel2_IRQHandler                 0x08001c5d   Thumb Code    52  masterspi.o(i.DMA1_Channel2_IRQHandler)
    DMA1_Channel3_IRQHandler                 0x08001ca1   Thumb Code    36  masterspi.o(i.DMA1_Channel3_IRQHandler)
    DMA_ClearITPendingBit                    0x08001ccd   Thumb Code    18  stm32f10x_dma.o(i.DMA_ClearITPendingBit)
    DMA_Cmd                                  0x08001ce9   Thumb Code    24  stm32f10x_dma.o(i.DMA_Cmd)
    DMA_GetITStatus                          0x08001d01   Thumb Code    36  stm32f10x_dma.o(i.DMA_GetITStatus)
    DebugMon_Handler                         0x08002141   Thumb Code     2  stm32f10x_it.o(i.DebugMon_Handler)
    EP1_IN_Callback                          0x08002145   Thumb Code     8  usb_endp.o(i.EP1_IN_Callback)
    EP1_OUT_Callback                         0x08002151   Thumb Code    76  myhid_driver.o(i.EP1_OUT_Callback)
    EXTI9_5_IRQHandler                       0x080021a5   Thumb Code     2  stm32_it.o(i.EXTI9_5_IRQHandler)
    EXTI_ClearITPendingBit                   0x080021a9   Thumb Code     6  stm32f10x_exti.o(i.EXTI_ClearITPendingBit)
    GPIO_Configuration                       0x080021b5   Thumb Code    40  hw_config.o(i.GPIO_Configuration)
    GPIO_Init                                0x080021e1   Thumb Code   278  stm32f10x_gpio.o(i.GPIO_Init)
    GPIO_PinRemapConfig                      0x080022f9   Thumb Code   138  stm32f10x_gpio.o(i.GPIO_PinRemapConfig)
    GPIO_SetBits                             0x08002389   Thumb Code     4  stm32f10x_gpio.o(i.GPIO_SetBits)
    GetEPRxAddr                              0x0800238d   Thumb Code    24  usb_regs.o(i.GetEPRxAddr)
    GetEPRxCount                             0x080023ad   Thumb Code    26  usb_regs.o(i.GetEPRxCount)
    GetEPTxAddr                              0x080023d1   Thumb Code    22  usb_regs.o(i.GetEPTxAddr)
    GetEPTxStatus                            0x080023f1   Thumb Code    18  usb_regs.o(i.GetEPTxStatus)
    Get_SerialNum                            0x08002409   Thumb Code    42  hw_config.o(i.Get_SerialNum)
    HID_Pack_Deal                            0x0800243d   Thumb Code   214  hid_data.o(i.HID_Pack_Deal)
    HID_Send_Report                          0x0800251d   Thumb Code    88  myhid_driver.o(i.HID_Send_Report)
    HostHID_SendReport                       0x08002579   Thumb Code   138  ch375_app.o(i.HostHID_SendReport)
    In0_Process                              0x0800262d   Thumb Code    98  usb_core.o(i.In0_Process)
    Leave_LowPowerMode                       0x080026dd   Thumb Code    36  hw_config.o(i.Leave_LowPowerMode)
    MHID_Pack_Deal                           0x0800270d   Thumb Code   214  hid_data.o(i.MHID_Pack_Deal)
    MemManage_Handler                        0x080027ed   Thumb Code     4  stm32f10x_it.o(i.MemManage_Handler)
    NMI_Handler                              0x080027f1   Thumb Code     2  stm32f10x_it.o(i.NMI_Handler)
    NOP_Process                              0x080027f3   Thumb Code     2  usb_core.o(i.NOP_Process)
    NVIC_Init                                0x080027f5   Thumb Code   100  misc.o(i.NVIC_Init)
    NVIC_PriorityGroupConfig                 0x08002865   Thumb Code    10  misc.o(i.NVIC_PriorityGroupConfig)
    Out0_Process                             0x080029b1   Thumb Code    70  usb_core.o(i.Out0_Process)
    PMAToUserBufferCopy                      0x08002a01   Thumb Code    34  usb_mem.o(i.PMAToUserBufferCopy)
    PendSV_Handler                           0x08002a29   Thumb Code     2  stm32f10x_it.o(i.PendSV_Handler)
    Post0_Process                            0x08002a2d   Thumb Code    54  usb_core.o(i.Post0_Process)
    PowerOn                                  0x08002a75   Thumb Code    54  usb_pwr.o(i.PowerOn)
    Query375Interrupt                        0x08002ab5   Thumb Code    14  para.o(i.Query375Interrupt)
    RCC_ADCCLKConfig                         0x08002ac9   Thumb Code    18  stm32f10x_rcc.o(i.RCC_ADCCLKConfig)
    RCC_APB1PeriphClockCmd                   0x08002ae1   Thumb Code    26  stm32f10x_rcc.o(i.RCC_APB1PeriphClockCmd)
    RCC_APB2PeriphClockCmd                   0x08002b01   Thumb Code    26  stm32f10x_rcc.o(i.RCC_APB2PeriphClockCmd)
    RCC_GetClocksFreq                        0x08002b21   Thumb Code   192  stm32f10x_rcc.o(i.RCC_GetClocksFreq)
    RCC_USBCLKConfig                         0x08002bf5   Thumb Code     6  stm32f10x_rcc.o(i.RCC_USBCLKConfig)
    Resume                                   0x08002c01   Thumb Code   220  usb_pwr.o(i.Resume)
    Resume_Init                              0x08002cf1   Thumb Code    30  usb_pwr.o(i.Resume_Init)
    SVC_Handler                              0x08002d15   Thumb Code     2  stm32f10x_it.o(i.SVC_Handler)
    SetBTABLE                                0x08002d19   Thumb Code    12  usb_regs.o(i.SetBTABLE)
    SetDeviceAddress                         0x08002d29   Thumb Code    68  usb_core.o(i.SetDeviceAddress)
    SetEPRxAddr                              0x08002d79   Thumb Code    26  usb_regs.o(i.SetEPRxAddr)
    SetEPRxCount                             0x08002d9d   Thumb Code    68  usb_regs.o(i.SetEPRxCount)
    SetEPRxStatus                            0x08002de9   Thumb Code    60  usb_regs.o(i.SetEPRxStatus)
    SetEPRxValid                             0x08002e29   Thumb Code    48  usb_regs.o(i.SetEPRxValid)
    SetEPTxAddr                              0x08002e5d   Thumb Code    24  usb_regs.o(i.SetEPTxAddr)
    SetEPTxCount                             0x08002e7d   Thumb Code    20  usb_regs.o(i.SetEPTxCount)
    SetEPTxStatus                            0x08002e99   Thumb Code    60  usb_regs.o(i.SetEPTxStatus)
    SetEPTxValid                             0x08002ed9   Thumb Code    48  usb_regs.o(i.SetEPTxValid)
    SetEPType                                0x08002f0d   Thumb Code    32  usb_regs.o(i.SetEPType)
    Set_System                               0x08003019   Thumb Code    16  hw_config.o(i.Set_System)
    Set_USBClock                             0x08003029   Thumb Code    18  hw_config.o(i.Set_USBClock)
    Setup0_Process                           0x0800303d   Thumb Code   170  usb_core.o(i.Setup0_Process)
    Standard_ClearFeature                    0x080030f5   Thumb Code   342  usb_core.o(i.Standard_ClearFeature)
    Standard_GetConfiguration                0x08003261   Thumb Code    34  usb_core.o(i.Standard_GetConfiguration)
    Standard_GetDescriptorData               0x0800328d   Thumb Code    32  usb_core.o(i.Standard_GetDescriptorData)
    Standard_GetInterface                    0x080032b1   Thumb Code    34  usb_core.o(i.Standard_GetInterface)
    Standard_GetStatus                       0x080032dd   Thumb Code   238  usb_core.o(i.Standard_GetStatus)
    Standard_SetConfiguration                0x080033dd   Thumb Code    60  usb_core.o(i.Standard_SetConfiguration)
    Standard_SetDeviceFeature                0x08003425   Thumb Code    30  usb_core.o(i.Standard_SetDeviceFeature)
    Standard_SetEndPointFeature              0x0800344d   Thumb Code   192  usb_core.o(i.Standard_SetEndPointFeature)
    Standard_SetInterface                    0x0800351d   Thumb Code    96  usb_core.o(i.Standard_SetInterface)
    Suspend                                  0x08003589   Thumb Code   226  usb_pwr.o(i.Suspend)
    SysTick_CLKSourceConfig                  0x08003681   Thumb Code    40  misc.o(i.SysTick_CLKSourceConfig)
    SysTick_Handler                          0x080036a9   Thumb Code     2  stm32f10x_it.o(i.SysTick_Handler)
    SystemInit                               0x080036ad   Thumb Code    78  system_stm32f10x.o(i.SystemInit)
    TIM2_IRQHandler                          0x0800370d   Thumb Code   114  timer.o(i.TIM2_IRQHandler)
    TIM3_IRQHandler                          0x08003799   Thumb Code    22  timer.o(i.TIM3_IRQHandler)
    TIM_ClearITPendingBit                    0x080037b5   Thumb Code     6  stm32f10x_tim.o(i.TIM_ClearITPendingBit)
    TIM_Cmd                                  0x080037bb   Thumb Code    24  stm32f10x_tim.o(i.TIM_Cmd)
    TIM_GetITStatus                          0x080037d3   Thumb Code    34  stm32f10x_tim.o(i.TIM_GetITStatus)
    TIM_ITConfig                             0x080037f5   Thumb Code    18  stm32f10x_tim.o(i.TIM_ITConfig)
    TIM_TimeBaseInit                         0x08003809   Thumb Code   122  stm32f10x_tim.o(i.TIM_TimeBaseInit)
    TM_GPIO_GetPortSource                    0x080038ad   Thumb Code    14  tm_stm32_gpio.o(i.TM_GPIO_GetPortSource)
    TM_GPIO_INT_EnableClock                  0x080038bd   Thumb Code    28  tm_stm32_gpio.o(i.TM_GPIO_INT_EnableClock)
    TM_GPIO_INT_Init                         0x080038dd   Thumb Code    84  tm_stm32_gpio.o(i.TM_GPIO_INT_Init)
    TM_GPIO_Init                             0x08003935   Thumb Code    40  tm_stm32_gpio.o(i.TM_GPIO_Init)
    TM_que_AllRegistInit                     0x0800395d   Thumb Code    32  tm_que.o(i.TM_que_AllRegistInit)
    TM_que_Read                              0x0800399f   Thumb Code    86  tm_que.o(i.TM_que_Read)
    TM_que_Regist                            0x080039f5   Thumb Code    22  tm_que.o(i.TM_que_Regist)
    TM_que_Write                             0x08003a0b   Thumb Code   152  tm_que.o(i.TM_que_Write)
    TM_que_size                              0x08003aa3   Thumb Code    48  tm_que.o(i.TM_que_size)
    Timer2_Init                              0x08003ad3   Thumb Code    90  timer.o(i.Timer2_Init)
    USART1_IRQHandler                        0x08003b2d   Thumb Code    32  usart.o(i.USART1_IRQHandler)
    USART_ClearFlag                          0x08003b55   Thumb Code    18  stm32f10x_usart.o(i.USART_ClearFlag)
    USART_Cmd                                0x08003b67   Thumb Code    24  stm32f10x_usart.o(i.USART_Cmd)
    USART_GetFlagStatus                      0x08003b7f   Thumb Code    26  stm32f10x_usart.o(i.USART_GetFlagStatus)
    USART_ITConfig                           0x08003b99   Thumb Code    74  stm32f10x_usart.o(i.USART_ITConfig)
    USART_Init                               0x08003be5   Thumb Code   210  stm32f10x_usart.o(i.USART_Init)
    USART_SendData                           0x08003cbd   Thumb Code     8  stm32f10x_usart.o(i.USART_SendData)
    USBH_ParseDevDesc                        0x08003cc5   Thumb Code   170  ch375_app.o(i.USBH_ParseDevDesc)
    USBWakeUp_IRQHandler                     0x08003dd5   Thumb Code    12  stm32_it.o(i.USBWakeUp_IRQHandler)
    USB_Cable_Config                         0x08003de1   Thumb Code    18  hw_config.o(i.USB_Cable_Config)
    USB_HID_Init                             0x08003df9   Thumb Code    24  myhid_driver.o(i.USB_HID_Init)
    USB_Init                                 0x08003e11   Thumb Code    36  usb_init.o(i.USB_Init)
    USB_Interrupts_Config                    0x08003e4d   Thumb Code    58  hw_config.o(i.USB_Interrupts_Config)
    USB_Istr                                 0x08003e89   Thumb Code   422  usb_istr.o(i.USB_Istr)
    USB_LP_CAN1_RX0_IRQHandler               0x08004055   Thumb Code     8  stm32_it.o(i.USB_LP_CAN1_RX0_IRQHandler)
    USB_SIL_Init                             0x0800405d   Thumb Code    28  usb_sil.o(i.USB_SIL_Init)
    UsageFault_Handler                       0x08004081   Thumb Code     4  stm32f10x_it.o(i.UsageFault_Handler)
    Usart_Init                               0x08004085   Thumb Code   262  usart.o(i.Usart_Init)
    Usart_SendByte                           0x080041b5   Thumb Code    48  usart.o(i.Usart_SendByte)
    Usart_SendString                         0x080041ed   Thumb Code    42  usart.o(i.Usart_SendString)
    UserToPMABufferCopy                      0x0800421d   Thumb Code    52  usb_mem.o(i.UserToPMABufferCopy)
    __0sprintf                               0x08004255   Thumb Code    34  printfa.o(i.__0sprintf)
    __1sprintf                               0x08004255   Thumb Code     0  printfa.o(i.__0sprintf)
    __2sprintf                               0x08004255   Thumb Code     0  printfa.o(i.__0sprintf)
    __c89sprintf                             0x08004255   Thumb Code     0  printfa.o(i.__0sprintf)
    sprintf                                  0x08004255   Thumb Code     0  printfa.o(i.__0sprintf)
    __0vsnprintf                             0x0800427d   Thumb Code    40  printfa.o(i.__0vsnprintf)
    __1vsnprintf                             0x0800427d   Thumb Code     0  printfa.o(i.__0vsnprintf)
    __2vsnprintf                             0x0800427d   Thumb Code     0  printfa.o(i.__0vsnprintf)
    __c89vsnprintf                           0x0800427d   Thumb Code     0  printfa.o(i.__0vsnprintf)
    vsnprintf                                0x0800427d   Thumb Code     0  printfa.o(i.__0vsnprintf)
    __scatterload_copy                       0x080042a9   Thumb Code    14  handlers.o(i.__scatterload_copy)
    __scatterload_null                       0x080042b7   Thumb Code     2  handlers.o(i.__scatterload_null)
    __scatterload_zeroinit                   0x080042b9   Thumb Code    14  handlers.o(i.__scatterload_zeroinit)
    cm_backtrace_call_stack                  0x08004b9d   Thumb Code   224  cm_backtrace.o(i.cm_backtrace_call_stack)
    cm_backtrace_fault                       0x08004c99   Thumb Code   420  cm_backtrace.o(i.cm_backtrace_fault)
    cm_backtrace_firmware_info               0x08004f25   Thumb Code    24  cm_backtrace.o(i.cm_backtrace_firmware_info)
    cm_backtrace_init                        0x08004f51   Thumb Code   102  cm_backtrace.o(i.cm_backtrace_init)
    delay_init                               0x08005071   Thumb Code    50  delay.o(i.delay_init)
    delay_ms                                 0x080050b5   Thumb Code    24  delay.o(i.delay_ms)
    delay_ms1                                0x080050cd   Thumb Code    72  delay.o(i.delay_ms1)
    delay_us                                 0x08005119   Thumb Code    72  delay.o(i.delay_us)
    des                                      0x08005165   Thumb Code   256  des.o(i.des)
    free                                     0x080056a5   Thumb Code    76  malloc.o(i.free)
    mInitCH375Host                           0x080056f5   Thumb Code    96  para.o(i.mInitCH375Host)
    main                                     0x08005769   Thumb Code   240  main.o(i.main)
    malloc                                   0x08005899   Thumb Code    92  malloc.o(i.malloc)
    que_Read                                 0x0800599d   Thumb Code    58  queue.o(i.que_Read)
    que_Regist                               0x080059d7   Thumb Code    26  queue.o(i.que_Regist)
    que_Write                                0x080059f1   Thumb Code   100  queue.o(i.que_Write)
    que_size                                 0x08005a55   Thumb Code    46  queue.o(i.que_size)
    queue_Init                               0x08005a85   Thumb Code    62  queue.o(i.queue_Init)
    sprint                                   0x08005b69   Thumb Code    74  debug.o(i.sprint)
    tm_Timer_MultiScan                       0x08005c01   Thumb Code    12  multi_timer.o(i.tm_Timer_MultiScan)
    tm_timer_CheckFlag                       0x08005c0d   Thumb Code    10  multi_timer.o(i.tm_timer_CheckFlag)
    tm_timer_ClearFlag                       0x08005c17   Thumb Code     6  multi_timer.o(i.tm_timer_ClearFlag)
    tm_timer_init                            0x08005c1d   Thumb Code    16  multi_timer.o(i.tm_timer_init)
    tm_timer_start                           0x08005c31   Thumb Code    38  multi_timer.o(i.tm_timer_start)
    tm_timer_stop                            0x08005c5d   Thumb Code    32  multi_timer.o(i.tm_timer_stop)
    xReadCH375Data                           0x08005ce5   Thumb Code    96  para.o(i.xReadCH375Data)
    xWriteCH375Cmd                           0x08005d4d   Thumb Code    76  para.o(i.xWriteCH375Cmd)
    xWriteCH375Data                          0x08005da1   Thumb Code    88  para.o(i.xWriteCH375Data)
    COMn_IRQn                                0x08005ee0   Data           6  usart.o(.constdata)
    COMn_USART_CLK                           0x08005ee8   Data          12  usart.o(.constdata)
    COMn_TX_PORT_CLK                         0x08005ef4   Data          12  usart.o(.constdata)
    COMn_RX_PORT_CLK                         0x08005f00   Data          12  usart.o(.constdata)
    COMn_TX_PIN                              0x08005f0c   Data           6  usart.o(.constdata)
    COMn_RX_PIN                              0x08005f12   Data           6  usart.o(.constdata)
    enumA                                    0x08005f18   Data           2  usart.o(.constdata)
    initial_tr                               0x08005f1a   Data          64  des.o(.constdata)
    final_tr                                 0x08005f5a   Data          64  des.o(.constdata)
    swap                                     0x08005f9a   Data          64  des.o(.constdata)
    key_tr1                                  0x08005fda   Data          56  des.o(.constdata)
    key_tr2                                  0x08006012   Data          64  des.o(.constdata)
    etr                                      0x08006052   Data          64  des.o(.constdata)
    ptr                                      0x08006092   Data          32  des.o(.constdata)
    s                                        0x080060b2   Data         512  des.o(.constdata)
    rots                                     0x080062b2   Data          16  des.o(.constdata)
    bit_msk                                  0x080062c2   Data           8  des.o(.constdata)
    CustomHID_DeviceDescriptor               0x080062ca   Data          18  usb_desc.o(.constdata)
    CustomHID_ConfigDescriptor               0x080062dc   Data          41  usb_desc.o(.constdata)
    CustomHID_ReportDescriptor               0x08006305   Data          33  usb_desc.o(.constdata)
    CustomHID_StringLangID                   0x08006326   Data           4  usb_desc.o(.constdata)
    CustomHID_StringVendor                   0x0800632a   Data          38  usb_desc.o(.constdata)
    CustomHID_StringProduct                  0x08006350   Data          32  usb_desc.o(.constdata)
    Region$$Table$$Base                      0x08006a44   Number         0  anon$$obj.o(Region$$Table)
    Image$$ER_IROM1$$Limit                   0x08006a64   Number         0  anon$$obj.o ABSOLUTE
    Region$$Table$$Limit                     0x08006a64   Number         0  anon$$obj.o(Region$$Table)
    TempSeg                                  0x20000000   Data           4  main.o(.data)
    PrevXferComplete                         0x20000004   Data           1  main.o(.data)
    idStr                                    0x20000008   Data          24  main.o(.data)
    sdStr                                    0x20000020   Data          32  main.o(.data)
    ms_flag                                  0x20000040   Data           1  main.o(.data)
    delay_msA                                0x20000042   Data           2  main.o(.data)
    SystemCoreClock                          0x20000044   Data           4  system_stm32f10x.o(.data)
    AHBPrescTable                            0x20000048   Data          16  system_stm32f10x.o(.data)
    srandCnt                                 0x2000008c   Data           2  timer.o(.data)
    COMn_USART                               0x20000090   Data          12  usart.o(.data)
    COMn_TX_PORT                             0x2000009c   Data          12  usart.o(.data)
    COMn_RX_PORT                             0x200000a8   Data          12  usart.o(.data)
    main_key                                 0x200000b9   Data           8  des.o(.data)
    Rev_Flag                                 0x200000e4   Data           1  masterspi.o(.data)
    SPI_Get_OutTime                          0x200000e6   Data           2  spi_communicate.o(.data)
    LastFlag                                 0x200000ec   Data           1  hid_data.o(.data)
    StatusInfo                               0x200000f2   Data           2  usb_core.o(.data)
    Data_Mul_MaxPacketSize                   0x200000f4   Data           1  usb_core.o(.data)
    EPindex                                  0x200000f8   Data           1  usb_init.o(.data)
    pInformation                             0x200000fc   Data           4  usb_init.o(.data)
    pProperty                                0x20000100   Data           4  usb_init.o(.data)
    SaveState                                0x20000104   Data           2  usb_init.o(.data)
    wInterrupt_Mask                          0x20000106   Data           2  usb_init.o(.data)
    pUser_Standard_Requests                  0x20000108   Data           4  usb_init.o(.data)
    SaveRState                               0x2000010c   Data           2  usb_int.o(.data)
    SaveTState                               0x2000010e   Data           2  usb_int.o(.data)
    CustomHID_StringSerial                   0x20000110   Data          26  usb_desc.o(.data)
    wIstr                                    0x2000012c   Data           2  usb_istr.o(.data)
    bIntPackSOF                              0x2000012e   Data           1  usb_istr.o(.data)
    esof_counter                             0x20000130   Data           4  usb_istr.o(.data)
    wCNTR                                    0x20000134   Data           4  usb_istr.o(.data)
    pEpInt_IN                                0x20000138   Data          28  usb_istr.o(.data)
    pEpInt_OUT                               0x20000154   Data          28  usb_istr.o(.data)
    ProtocolValue                            0x20000170   Data           4  usb_prop.o(.data)
    EXTI_Enable                              0x20000174   Data           1  usb_prop.o(.data)
    Request                                  0x20000175   Data           1  usb_prop.o(.data)
    Device_Table                             0x20000176   Data           2  usb_prop.o(.data)
    Device_Property                          0x20000178   Data          48  usb_prop.o(.data)
    User_Standard_Requests                   0x200001a8   Data          36  usb_prop.o(.data)
    Device_Descriptor                        0x200001cc   Data           8  usb_prop.o(.data)
    Config_Descriptor                        0x200001d4   Data           8  usb_prop.o(.data)
    CustomHID_Report_Descriptor              0x200001dc   Data           8  usb_prop.o(.data)
    CustomHID_Hid_Descriptor                 0x200001e4   Data           8  usb_prop.o(.data)
    String_Descriptor                        0x200001ec   Data          32  usb_prop.o(.data)
    bDeviceState                             0x2000020c   Data           4  usb_pwr.o(.data)
    fSuspendEnabled                          0x20000210   Data           1  usb_pwr.o(.data)
    ResumeS                                  0x20000211   Data           2  usb_pwr.o(.data)
    remotewakeupon                           0x20000214   Data           4  usb_pwr.o(.data)
    ResumeSeState                            0x20000218   Data           1  usb_pwr.o(.data)
    desPassWord                              0x2000021a   Data           8  ch375_app.o(.data)
    desBuff                                  0x20000222   Data           8  ch375_app.o(.data)
    CmdBuffLen                               0x2000022a   Data           1  ch375_app.o(.data)
    UserBuffLen                              0x2000022c   Data           2  ch375_app.o(.data)
    __microlib_freelist                      0x20000230   Data           4  mvars.o(.data)
    __microlib_freelist_initialised          0x20000234   Data           4  mvars.o(.data)
    debug_ms                                 0x20000238   Data          16  main.o(.bss)
    HID_RxQue                                0x20000dc0   Data          16  tm_que.o(.bss)
    HID_TxQue                                0x20000dd0   Data          16  tm_que.o(.bss)
    Rx1_que                                  0x20000e44   Data          12  queue.o(.bss)
    Tx1_que                                  0x20001620   Data          12  queue.o(.bss)
    MasterSPI_Rque                           0x20001dfc   Data          12  queue.o(.bss)
    MasterSPI_Tque                           0x200025d8   Data          12  queue.o(.bss)
    HID_Tque                                 0x200029cc   Data          12  queue.o(.bss)
    sub_keys                                 0x200029d8   Data         128  des.o(.bss)
    Device_Info                              0x20002a80   Data          28  usb_init.o(.bss)
    Receive_Buffer                           0x20002a9c   Data          64  myhid_driver.o(.bss)
    Report_Buf                               0x20002adc   Data          64  usb_prop.o(.bss)
    EP                                       0x20002b1c   Data          32  usb_pwr.o(.bss)
    USBD                                     0x20002b3c   Data          38  host_sys.o(.bss)
    debug_CHms                               0x20002b64   Data          16  ch375_app.o(.bss)
    HostDevDesc                              0x20002b74   Data          18  ch375_app.o(.bss)
    UserBuffer                               0x20002b86   Data         256  ch375_app.o(.bss)
    CmdBuff                                  0x20002c86   Data          64  ch375_app.o(.bss)
    __heap_base                              0x20002cc8   Data           0  startup_stm32f10x_md.o(HEAP)
    STACK$$Base                              0x20002ec8   Number         0  startup_stm32f10x_md.o(STACK)
    __heap_limit                             0x20002ec8   Data           0  startup_stm32f10x_md.o(HEAP)
    STACK$$Limit                             0x200032c8   Number         0  startup_stm32f10x_md.o(STACK)
    __initial_sp                             0x200032c8   Data           0  startup_stm32f10x_md.o(STACK)



==============================================================================

Memory Map of the image

  Image Entry point : 0x080000ed

  Load Region LR_IROM1 (Base: 0x08000000, Size: 0x00006c9c, Max: 0x00020000, ABSOLUTE, COMPRESSED[0x00006b54])

    Execution Region ER_IROM1 (Exec base: 0x08000000, Load base: 0x08000000, Size: 0x00006a64, Max: 0x00020000, ABSOLUTE)

    Exec Addr    Load Addr    Size         Type   Attr      Idx    E Section Name        Object

    0x08000000   0x08000000   0x000000ec   Data   RO          377    RESET               startup_stm32f10x_md.o
    0x080000ec   0x080000ec   0x00000000   Code   RO         4255  * .ARM.Collect$$$$00000000  mc_w.l(entry.o)
    0x080000ec   0x080000ec   0x00000004   Code   RO         4559    .ARM.Collect$$$$00000001  mc_w.l(entry2.o)
    0x080000f0   0x080000f0   0x00000004   Code   RO         4562    .ARM.Collect$$$$00000004  mc_w.l(entry5.o)
    0x080000f4   0x080000f4   0x00000000   Code   RO         4564    .ARM.Collect$$$$00000008  mc_w.l(entry7b.o)
    0x080000f4   0x080000f4   0x00000000   Code   RO         4566    .ARM.Collect$$$$0000000A  mc_w.l(entry8b.o)
    0x080000f4   0x080000f4   0x00000008   Code   RO         4567    .ARM.Collect$$$$0000000B  mc_w.l(entry9a.o)
    0x080000fc   0x080000fc   0x00000000   Code   RO         4569    .ARM.Collect$$$$0000000D  mc_w.l(entry10a.o)
    0x080000fc   0x080000fc   0x00000000   Code   RO         4571    .ARM.Collect$$$$0000000F  mc_w.l(entry11a.o)
    0x080000fc   0x080000fc   0x00000004   Code   RO         4560    .ARM.Collect$$$$00002712  mc_w.l(entry2.o)
    0x08000100   0x08000100   0x00000024   Code   RO          378    .text               startup_stm32f10x_md.o
    0x08000124   0x08000124   0x0000000c   Code   RO         1952    .text               cmb_fault.o
    0x08000130   0x08000130   0x00000024   Code   RO         4258    .text               mc_w.l(memcpya.o)
    0x08000154   0x08000154   0x00000024   Code   RO         4260    .text               mc_w.l(memseta.o)
    0x08000178   0x08000178   0x00000018   Code   RO         4262    .text               mc_w.l(strncpy.o)
    0x08000190   0x08000190   0x0000000e   Code   RO         4266    .text               mc_w.l(strlen.o)
    0x0800019e   0x0800019e   0x0000002c   Code   RO         4574    .text               mc_w.l(uidiv.o)
    0x080001ca   0x080001ca   0x00000062   Code   RO         4576    .text               mc_w.l(uldiv.o)
    0x0800022c   0x0800022c   0x00000000   Code   RO         4580    .text               mc_w.l(iusefp.o)
    0x0800022c   0x0800022c   0x0000014e   Code   RO         4581    .text               mf_w.l(dadd.o)
    0x0800037a   0x0800037a   0x000000e4   Code   RO         4583    .text               mf_w.l(dmul.o)
    0x0800045e   0x0800045e   0x000000de   Code   RO         4585    .text               mf_w.l(ddiv.o)
    0x0800053c   0x0800053c   0x00000030   Code   RO         4587    .text               mf_w.l(dfixul.o)
    0x0800056c   0x0800056c   0x00000030   Code   RO         4589    .text               mf_w.l(cdrcmple.o)
    0x0800059c   0x0800059c   0x00000024   Code   RO         4591    .text               mc_w.l(init.o)
    0x080005c0   0x080005c0   0x0000001e   Code   RO         4593    .text               mc_w.l(llshl.o)
    0x080005de   0x080005de   0x00000020   Code   RO         4595    .text               mc_w.l(llushr.o)
    0x080005fe   0x080005fe   0x00000024   Code   RO         4597    .text               mc_w.l(llsshr.o)
    0x08000622   0x08000622   0x000000ba   Code   RO         4599    .text               mf_w.l(depilogue.o)
    0x080006dc   0x080006dc   0x00000056   Code   RO         4609    .text               mc_w.l(__dczerorl2.o)
    0x08000732   0x08000732   0x00000004   Code   RO          274    i.BusFault_Handler  stm32f10x_it.o
    0x08000736   0x08000736   0x0000000c   Code   RO         3218    i.ByteSwap          usb_regs.o
    0x08000742   0x08000742   0x00000002   PAD
    0x08000744   0x08000744   0x00000168   Code   RO         3996    i.CH375AnalyDevInfo  host_sys.o
    0x080008ac   0x080008ac   0x00000050   Code   RO         3997    i.CH375BusReset     host_sys.o
    0x080008fc   0x080008fc   0x00000038   Code   RO         3998    i.CH375CheckConnect  host_sys.o
    0x08000934   0x08000934   0x00000064   Code   RO         3999    i.CH375ClearEdpFeature  host_sys.o
    0x08000998   0x08000998   0x00000110   Code   RO         4000    i.CH375CtlTrans     host_sys.o
    0x08000aa8   0x08000aa8   0x0000002e   Code   RO         4001    i.CH375DeviceConnect  host_sys.o
    0x08000ad6   0x08000ad6   0x00000002   PAD
    0x08000ad8   0x08000ad8   0x0000005c   Code   RO         4002    i.CH375FindEndp     host_sys.o
    0x08000b34   0x08000b34   0x00000058   Code   RO         4003    i.CH375GetConfDesc  host_sys.o
    0x08000b8c   0x08000b8c   0x0000004c   Code   RO         4004    i.CH375GetDeviceDesc  host_sys.o
    0x08000bd8   0x08000bd8   0x00000040   Code   RO         4005    i.CH375GetFreq      host_sys.o
    0x08000c18   0x08000c18   0x00000012   Code   RO         4006    i.CH375GetIntStatus  host_sys.o
    0x08000c2a   0x08000c2a   0x00000002   PAD
    0x08000c2c   0x08000c2c   0x000000d4   Code   RO         4007    i.CH375InTrans      host_sys.o
    0x08000d00   0x08000d00   0x00000018   Code   RO         4008    i.CH375InitSysVar   host_sys.o
    0x08000d18   0x08000d18   0x000000d0   Code   RO         4009    i.CH375OutTrans     host_sys.o
    0x08000de8   0x08000de8   0x0000002a   Code   RO         4010    i.CH375ReadBlock    host_sys.o
    0x08000e12   0x08000e12   0x00000002   PAD
    0x08000e14   0x08000e14   0x00000034   Code   RO         4011    i.CH375SetDeviceAddr  host_sys.o
    0x08000e48   0x08000e48   0x0000007c   Code   RO         4012    i.CH375SetDeviceConf  host_sys.o
    0x08000ec4   0x08000ec4   0x00000024   Code   RO         4013    i.CH375SetFreq      host_sys.o
    0x08000ee8   0x08000ee8   0x00000028   Code   RO         4014    i.CH375SetMode      host_sys.o
    0x08000f10   0x08000f10   0x0000002e   Code   RO         4015    i.CH375SetRetry     host_sys.o
    0x08000f3e   0x08000f3e   0x0000002e   Code   RO         4016    i.CH375StartTrans   host_sys.o
    0x08000f6c   0x08000f6c   0x00000024   Code   RO         4017    i.CH375WaitInterrupt  host_sys.o
    0x08000f90   0x08000f90   0x00000028   Code   RO         4018    i.CH375WriteBlock   host_sys.o
    0x08000fb8   0x08000fb8   0x00000618   Code   RO         4207    i.CH375_APP         ch375_app.o
    0x080015d0   0x080015d0   0x000000a4   Code   RO         4152    i.CH375_PORT_INIT   para.o
    0x08001674   0x08001674   0x00000288   Code   RO         3171    i.CTR_LP            usb_int.o
    0x080018fc   0x080018fc   0x00000012   Code   RO         2480    i.Check_empty       queue.o
    0x0800190e   0x0800190e   0x00000002   PAD
    0x08001910   0x08001910   0x00000034   Code   RO         3219    i.ClearDTOG_RX      usb_regs.o
    0x08001944   0x08001944   0x00000034   Code   RO         3220    i.ClearDTOG_TX      usb_regs.o
    0x08001978   0x08001978   0x00000028   Code   RO         3225    i.Clear_Status_Out  usb_regs.o
    0x080019a0   0x080019a0   0x000000a0   Code   RO         3831    i.CustomHID_Data_Setup  usb_prop.o
    0x08001a40   0x08001a40   0x00000014   Code   RO         3832    i.CustomHID_GetConfigDescriptor  usb_prop.o
    0x08001a54   0x08001a54   0x00000014   Code   RO         3833    i.CustomHID_GetDeviceDescriptor  usb_prop.o
    0x08001a68   0x08001a68   0x00000014   Code   RO         3834    i.CustomHID_GetHIDDescriptor  usb_prop.o
    0x08001a7c   0x08001a7c   0x0000001c   Code   RO         3835    i.CustomHID_GetProtocolValue  usb_prop.o
    0x08001a98   0x08001a98   0x00000014   Code   RO         3836    i.CustomHID_GetReportDescriptor  usb_prop.o
    0x08001aac   0x08001aac   0x00000028   Code   RO         3837    i.CustomHID_GetStringDescriptor  usb_prop.o
    0x08001ad4   0x08001ad4   0x00000016   Code   RO         3838    i.CustomHID_Get_Interface_Setting  usb_prop.o
    0x08001aea   0x08001aea   0x00000002   PAD
    0x08001aec   0x08001aec   0x00000024   Code   RO         3839    i.CustomHID_NoData_Setup  usb_prop.o
    0x08001b10   0x08001b10   0x000000b8   Code   RO         3840    i.CustomHID_Reset   usb_prop.o
    0x08001bc8   0x08001bc8   0x00000024   Code   RO         3841    i.CustomHID_SetConfiguration  usb_prop.o
    0x08001bec   0x08001bec   0x0000000c   Code   RO         3842    i.CustomHID_SetDeviceAddress  usb_prop.o
    0x08001bf8   0x08001bf8   0x00000018   Code   RO         3843    i.CustomHID_SetProtocol  usb_prop.o
    0x08001c10   0x08001c10   0x0000001c   Code   RO         3844    i.CustomHID_SetReport_Feature  usb_prop.o
    0x08001c2c   0x08001c2c   0x00000002   Code   RO         3845    i.CustomHID_Status_In  usb_prop.o
    0x08001c2e   0x08001c2e   0x00000002   Code   RO         3846    i.CustomHID_Status_Out  usb_prop.o
    0x08001c30   0x08001c30   0x00000028   Code   RO         3847    i.CustomHID_init    usb_prop.o
    0x08001c58   0x08001c58   0x00000002   Code   RO         3747    i.DMA1_Channel1_IRQHandler  stm32_it.o
    0x08001c5a   0x08001c5a   0x00000002   PAD
    0x08001c5c   0x08001c5c   0x00000044   Code   RO         2799    i.DMA1_Channel2_IRQHandler  masterspi.o
    0x08001ca0   0x08001ca0   0x0000002c   Code   RO         2800    i.DMA1_Channel3_IRQHandler  masterspi.o
    0x08001ccc   0x08001ccc   0x0000001c   Code   RO         1881    i.DMA_ClearITPendingBit  stm32f10x_dma.o
    0x08001ce8   0x08001ce8   0x00000018   Code   RO         1882    i.DMA_Cmd           stm32f10x_dma.o
    0x08001d00   0x08001d00   0x0000002c   Code   RO         1886    i.DMA_GetITStatus   stm32f10x_dma.o
    0x08001d2c   0x08001d2c   0x000000c0   Code   RO         3028    i.DataStageIn       usb_core.o
    0x08001dec   0x08001dec   0x000000bc   Code   RO         3029    i.DataStageOut      usb_core.o
    0x08001ea8   0x08001ea8   0x00000298   Code   RO         3030    i.Data_Setup0       usb_core.o
    0x08002140   0x08002140   0x00000002   Code   RO          275    i.DebugMon_Handler  stm32f10x_it.o
    0x08002142   0x08002142   0x00000002   PAD
    0x08002144   0x08002144   0x0000000c   Code   RO         3797    i.EP1_IN_Callback   usb_endp.o
    0x08002150   0x08002150   0x00000054   Code   RO         3713    i.EP1_OUT_Callback  myhid_driver.o
    0x080021a4   0x080021a4   0x00000002   Code   RO         3748    i.EXTI9_5_IRQHandler  stm32_it.o
    0x080021a6   0x080021a6   0x00000002   PAD
    0x080021a8   0x080021a8   0x0000000c   Code   RO         1605    i.EXTI_ClearITPendingBit  stm32f10x_exti.o
    0x080021b4   0x080021b4   0x0000002c   Code   RO         3607    i.GPIO_Configuration  hw_config.o
    0x080021e0   0x080021e0   0x00000116   Code   RO          424    i.GPIO_Init         stm32f10x_gpio.o
    0x080022f6   0x080022f6   0x00000002   PAD
    0x080022f8   0x080022f8   0x00000090   Code   RO          426    i.GPIO_PinRemapConfig  stm32f10x_gpio.o
    0x08002388   0x08002388   0x00000004   Code   RO          432    i.GPIO_SetBits      stm32f10x_gpio.o
    0x0800238c   0x0800238c   0x00000020   Code   RO         3237    i.GetEPRxAddr       usb_regs.o
    0x080023ac   0x080023ac   0x00000024   Code   RO         3238    i.GetEPRxCount      usb_regs.o
    0x080023d0   0x080023d0   0x00000020   Code   RO         3240    i.GetEPTxAddr       usb_regs.o
    0x080023f0   0x080023f0   0x00000018   Code   RO         3242    i.GetEPTxStatus     usb_regs.o
    0x08002408   0x08002408   0x00000034   Code   RO         3608    i.Get_SerialNum     hw_config.o
    0x0800243c   0x0800243c   0x000000e0   Code   RO         3004    i.HID_Pack_Deal     hid_data.o
    0x0800251c   0x0800251c   0x0000005c   Code   RO         3714    i.HID_Send_Report   myhid_driver.o
    0x08002578   0x08002578   0x000000b4   Code   RO         4209    i.HostHID_SendReport  ch375_app.o
    0x0800262c   0x0800262c   0x00000070   Code   RO         3031    i.In0_Process       usb_core.o
    0x0800269c   0x0800269c   0x0000003e   Code   RO         3609    i.IntToUnicode      hw_config.o
    0x080026da   0x080026da   0x00000002   PAD
    0x080026dc   0x080026dc   0x00000030   Code   RO         3610    i.Leave_LowPowerMode  hw_config.o
    0x0800270c   0x0800270c   0x000000e0   Code   RO         3005    i.MHID_Pack_Deal    hid_data.o
    0x080027ec   0x080027ec   0x00000004   Code   RO          276    i.MemManage_Handler  stm32f10x_it.o
    0x080027f0   0x080027f0   0x00000002   Code   RO          277    i.NMI_Handler       stm32f10x_it.o
    0x080027f2   0x080027f2   0x00000002   Code   RO         3032    i.NOP_Process       usb_core.o
    0x080027f4   0x080027f4   0x00000070   Code   RO          382    i.NVIC_Init         misc.o
    0x08002864   0x08002864   0x00000014   Code   RO          383    i.NVIC_PriorityGroupConfig  misc.o
    0x08002878   0x08002878   0x00000138   Code   RO         3033    i.NoData_Setup0     usb_core.o
    0x080029b0   0x080029b0   0x00000050   Code   RO         3034    i.Out0_Process      usb_core.o
    0x08002a00   0x08002a00   0x00000028   Code   RO         3200    i.PMAToUserBufferCopy  usb_mem.o
    0x08002a28   0x08002a28   0x00000002   Code   RO          278    i.PendSV_Handler    stm32f10x_it.o
    0x08002a2a   0x08002a2a   0x00000002   PAD
    0x08002a2c   0x08002a2c   0x00000048   Code   RO         3035    i.Post0_Process     usb_core.o
    0x08002a74   0x08002a74   0x00000040   Code   RO         3953    i.PowerOn           usb_pwr.o
    0x08002ab4   0x08002ab4   0x00000014   Code   RO         4153    i.Query375Interrupt  para.o
    0x08002ac8   0x08002ac8   0x00000018   Code   RO          532    i.RCC_ADCCLKConfig  stm32f10x_rcc.o
    0x08002ae0   0x08002ae0   0x00000020   Code   RO          534    i.RCC_APB1PeriphClockCmd  stm32f10x_rcc.o
    0x08002b00   0x08002b00   0x00000020   Code   RO          536    i.RCC_APB2PeriphClockCmd  stm32f10x_rcc.o
    0x08002b20   0x08002b20   0x000000d4   Code   RO          544    i.RCC_GetClocksFreq  stm32f10x_rcc.o
    0x08002bf4   0x08002bf4   0x0000000c   Code   RO          562    i.RCC_USBCLKConfig  stm32f10x_rcc.o
    0x08002c00   0x08002c00   0x000000f0   Code   RO         3954    i.Resume            usb_pwr.o
    0x08002cf0   0x08002cf0   0x00000024   Code   RO         3955    i.Resume_Init       usb_pwr.o
    0x08002d14   0x08002d14   0x00000002   Code   RO          279    i.SVC_Handler       stm32f10x_it.o
    0x08002d16   0x08002d16   0x00000002   PAD
    0x08002d18   0x08002d18   0x00000010   Code   RO         3248    i.SetBTABLE         usb_regs.o
    0x08002d28   0x08002d28   0x00000050   Code   RO         3036    i.SetDeviceAddress  usb_core.o
    0x08002d78   0x08002d78   0x00000024   Code   RO         3262    i.SetEPRxAddr       usb_regs.o
    0x08002d9c   0x08002d9c   0x0000004c   Code   RO         3263    i.SetEPRxCount      usb_regs.o
    0x08002de8   0x08002de8   0x00000040   Code   RO         3264    i.SetEPRxStatus     usb_regs.o
    0x08002e28   0x08002e28   0x00000034   Code   RO         3265    i.SetEPRxValid      usb_regs.o
    0x08002e5c   0x08002e5c   0x00000020   Code   RO         3266    i.SetEPTxAddr       usb_regs.o
    0x08002e7c   0x08002e7c   0x0000001c   Code   RO         3267    i.SetEPTxCount      usb_regs.o
    0x08002e98   0x08002e98   0x00000040   Code   RO         3268    i.SetEPTxStatus     usb_regs.o
    0x08002ed8   0x08002ed8   0x00000034   Code   RO         3269    i.SetEPTxValid      usb_regs.o
    0x08002f0c   0x08002f0c   0x00000024   Code   RO         3270    i.SetEPType         usb_regs.o
    0x08002f30   0x08002f30   0x00000008   Code   RO          331    i.SetSysClock       system_stm32f10x.o
    0x08002f38   0x08002f38   0x000000e0   Code   RO          332    i.SetSysClockTo72   system_stm32f10x.o
    0x08003018   0x08003018   0x00000010   Code   RO         3614    i.Set_System        hw_config.o
    0x08003028   0x08003028   0x00000012   Code   RO         3615    i.Set_USBClock      hw_config.o
    0x0800303a   0x0800303a   0x00000002   PAD
    0x0800303c   0x0800303c   0x000000b8   Code   RO         3037    i.Setup0_Process    usb_core.o
    0x080030f4   0x080030f4   0x0000016c   Code   RO         3038    i.Standard_ClearFeature  usb_core.o
    0x08003260   0x08003260   0x0000002c   Code   RO         3039    i.Standard_GetConfiguration  usb_core.o
    0x0800328c   0x0800328c   0x00000024   Code   RO         3040    i.Standard_GetDescriptorData  usb_core.o
    0x080032b0   0x080032b0   0x0000002c   Code   RO         3041    i.Standard_GetInterface  usb_core.o
    0x080032dc   0x080032dc   0x00000100   Code   RO         3042    i.Standard_GetStatus  usb_core.o
    0x080033dc   0x080033dc   0x00000048   Code   RO         3043    i.Standard_SetConfiguration  usb_core.o
    0x08003424   0x08003424   0x00000028   Code   RO         3044    i.Standard_SetDeviceFeature  usb_core.o
    0x0800344c   0x0800344c   0x000000d0   Code   RO         3045    i.Standard_SetEndPointFeature  usb_core.o
    0x0800351c   0x0800351c   0x0000006c   Code   RO         3046    i.Standard_SetInterface  usb_core.o
    0x08003588   0x08003588   0x000000f8   Code   RO         3956    i.Suspend           usb_pwr.o
    0x08003680   0x08003680   0x00000028   Code   RO          386    i.SysTick_CLKSourceConfig  misc.o
    0x080036a8   0x080036a8   0x00000002   Code   RO          280    i.SysTick_Handler   stm32f10x_it.o
    0x080036aa   0x080036aa   0x00000002   PAD
    0x080036ac   0x080036ac   0x00000060   Code   RO          334    i.SystemInit        system_stm32f10x.o
    0x0800370c   0x0800370c   0x0000008c   Code   RO         2646    i.TIM2_IRQHandler   timer.o
    0x08003798   0x08003798   0x0000001c   Code   RO         2647    i.TIM3_IRQHandler   timer.o
    0x080037b4   0x080037b4   0x00000006   Code   RO          887    i.TIM_ClearITPendingBit  stm32f10x_tim.o
    0x080037ba   0x080037ba   0x00000018   Code   RO          892    i.TIM_Cmd           stm32f10x_tim.o
    0x080037d2   0x080037d2   0x00000022   Code   RO          913    i.TIM_GetITStatus   stm32f10x_tim.o
    0x080037f4   0x080037f4   0x00000012   Code   RO          917    i.TIM_ITConfig      stm32f10x_tim.o
    0x08003806   0x08003806   0x00000002   PAD
    0x08003808   0x08003808   0x000000a4   Code   RO          963    i.TIM_TimeBaseInit  stm32f10x_tim.o
    0x080038ac   0x080038ac   0x0000000e   Code   RO         2035    i.TM_GPIO_GetPortSource  tm_stm32_gpio.o
    0x080038ba   0x080038ba   0x00000002   PAD
    0x080038bc   0x080038bc   0x00000020   Code   RO         2038    i.TM_GPIO_INT_EnableClock  tm_stm32_gpio.o
    0x080038dc   0x080038dc   0x00000058   Code   RO         2039    i.TM_GPIO_INT_Init  tm_stm32_gpio.o
    0x08003934   0x08003934   0x00000028   Code   RO         2040    i.TM_GPIO_Init      tm_stm32_gpio.o
    0x0800395c   0x0800395c   0x00000030   Code   RO         2191    i.TM_que_AllRegistInit  tm_que.o
    0x0800398c   0x0800398c   0x00000012   Code   RO         2192    i.TM_que_CheckEmpty  tm_que.o
    0x0800399e   0x0800399e   0x00000056   Code   RO         2194    i.TM_que_Read       tm_que.o
    0x080039f4   0x080039f4   0x00000016   Code   RO         2195    i.TM_que_Regist     tm_que.o
    0x08003a0a   0x08003a0a   0x00000098   Code   RO         2196    i.TM_que_Write      tm_que.o
    0x08003aa2   0x08003aa2   0x00000030   Code   RO         2197    i.TM_que_size       tm_que.o
    0x08003ad2   0x08003ad2   0x0000005a   Code   RO         2648    i.Timer2_Init       timer.o
    0x08003b2c   0x08003b2c   0x00000028   Code   RO         2706    i.USART1_IRQHandler  usart.o
    0x08003b54   0x08003b54   0x00000012   Code   RO         1424    i.USART_ClearFlag   stm32f10x_usart.o
    0x08003b66   0x08003b66   0x00000018   Code   RO         1428    i.USART_Cmd         stm32f10x_usart.o
    0x08003b7e   0x08003b7e   0x0000001a   Code   RO         1431    i.USART_GetFlagStatus  stm32f10x_usart.o
    0x08003b98   0x08003b98   0x0000004a   Code   RO         1434    i.USART_ITConfig    stm32f10x_usart.o
    0x08003be2   0x08003be2   0x00000002   PAD
    0x08003be4   0x08003be4   0x000000d8   Code   RO         1435    i.USART_Init        stm32f10x_usart.o
    0x08003cbc   0x08003cbc   0x00000008   Code   RO         1445    i.USART_SendData    stm32f10x_usart.o
    0x08003cc4   0x08003cc4   0x00000110   Code   RO         4210    i.USBH_ParseDevDesc  ch375_app.o
    0x08003dd4   0x08003dd4   0x0000000c   Code   RO         3749    i.USBWakeUp_IRQHandler  stm32_it.o
    0x08003de0   0x08003de0   0x00000018   Code   RO         3616    i.USB_Cable_Config  hw_config.o
    0x08003df8   0x08003df8   0x00000018   Code   RO         3715    i.USB_HID_Init      myhid_driver.o
    0x08003e10   0x08003e10   0x0000003c   Code   RO         3147    i.USB_Init          usb_init.o
    0x08003e4c   0x08003e4c   0x0000003a   Code   RO         3617    i.USB_Interrupts_Config  hw_config.o
    0x08003e86   0x08003e86   0x00000002   PAD
    0x08003e88   0x08003e88   0x000001cc   Code   RO         3810    i.USB_Istr          usb_istr.o
    0x08004054   0x08004054   0x00000008   Code   RO         3750    i.USB_LP_CAN1_RX0_IRQHandler  stm32_it.o
    0x0800405c   0x0800405c   0x00000024   Code   RO         3578    i.USB_SIL_Init      usb_sil.o
    0x08004080   0x08004080   0x00000004   Code   RO          281    i.UsageFault_Handler  stm32f10x_it.o
    0x08004084   0x08004084   0x00000130   Code   RO         2707    i.Usart_Init        usart.o
    0x080041b4   0x080041b4   0x00000038   Code   RO         2708    i.Usart_SendByte    usart.o
    0x080041ec   0x080041ec   0x00000030   Code   RO         2709    i.Usart_SendString  usart.o
    0x0800421c   0x0800421c   0x00000038   Code   RO         3201    i.UserToPMABufferCopy  usb_mem.o
    0x08004254   0x08004254   0x00000028   Code   RO         4505    i.__0sprintf        mc_w.l(printfa.o)
    0x0800427c   0x0800427c   0x0000002c   Code   RO         4508    i.__0vsnprintf      mc_w.l(printfa.o)
    0x080042a8   0x080042a8   0x0000000e   Code   RO         4603    i.__scatterload_copy  mc_w.l(handlers.o)
    0x080042b6   0x080042b6   0x00000002   Code   RO         4604    i.__scatterload_null  mc_w.l(handlers.o)
    0x080042b8   0x080042b8   0x0000000e   Code   RO         4605    i.__scatterload_zeroinit  mc_w.l(handlers.o)
    0x080042c6   0x080042c6   0x00000002   PAD
    0x080042c8   0x080042c8   0x00000184   Code   RO         4510    i._fp_digits        mc_w.l(printfa.o)
    0x0800444c   0x0800444c   0x000006dc   Code   RO         4511    i._printf_core      mc_w.l(printfa.o)
    0x08004b28   0x08004b28   0x00000024   Code   RO         4512    i._printf_post_padding  mc_w.l(printfa.o)
    0x08004b4c   0x08004b4c   0x0000002e   Code   RO         4513    i._printf_pre_padding  mc_w.l(printfa.o)
    0x08004b7a   0x08004b7a   0x00000016   Code   RO         4514    i._snputc           mc_w.l(printfa.o)
    0x08004b90   0x08004b90   0x0000000a   Code   RO         4515    i._sputc            mc_w.l(printfa.o)
    0x08004b9a   0x08004b9a   0x00000002   PAD
    0x08004b9c   0x08004b9c   0x000000fc   Code   RO         1958    i.cm_backtrace_call_stack  cm_backtrace.o
    0x08004c98   0x08004c98   0x0000028c   Code   RO         1959    i.cm_backtrace_fault  cm_backtrace.o
    0x08004f24   0x08004f24   0x0000002c   Code   RO         1960    i.cm_backtrace_firmware_info  cm_backtrace.o
    0x08004f50   0x08004f50   0x000000a0   Code   RO         1961    i.cm_backtrace_init  cm_backtrace.o
    0x08004ff0   0x08004ff0   0x00000080   Code   RO         2762    i.compute_subkeys   des.o
    0x08005070   0x08005070   0x00000044   Code   RO         2352    i.delay_init        delay.o
    0x080050b4   0x080050b4   0x00000018   Code   RO         2353    i.delay_ms          delay.o
    0x080050cc   0x080050cc   0x0000004c   Code   RO         2354    i.delay_ms1         delay.o
    0x08005118   0x08005118   0x0000004c   Code   RO         2355    i.delay_us          delay.o
    0x08005164   0x08005164   0x00000110   Code   RO         2763    i.des               des.o
    0x08005274   0x08005274   0x00000030   Code   RO         1962    i.disassembly_ins_is_bl_blx  cm_backtrace.o
    0x080052a4   0x080052a4   0x000000d0   Code   RO         1963    i.dump_stack        cm_backtrace.o
    0x08005374   0x08005374   0x0000005c   Code   RO         2764    i.f                 des.o
    0x080053d0   0x080053d0   0x000002d4   Code   RO         1964    i.fault_diagnosis   cm_backtrace.o
    0x080056a4   0x080056a4   0x00000050   Code   RO         4531    i.free              mc_w.l(malloc.o)
    0x080056f4   0x080056f4   0x00000074   Code   RO         4154    i.mInitCH375Host    para.o
    0x08005768   0x08005768   0x00000130   Code   RO            2    i.main              main.o
    0x08005898   0x08005898   0x0000006c   Code   RO         4532    i.malloc            mc_w.l(malloc.o)
    0x08005904   0x08005904   0x00000098   Code   RO         1965    i.print_call_stack  cm_backtrace.o
    0x0800599c   0x0800599c   0x0000003a   Code   RO         2481    i.que_Read          queue.o
    0x080059d6   0x080059d6   0x0000001a   Code   RO         2482    i.que_Regist        queue.o
    0x080059f0   0x080059f0   0x00000064   Code   RO         2483    i.que_Write         queue.o
    0x08005a54   0x08005a54   0x0000002e   Code   RO         2485    i.que_size          queue.o
    0x08005a82   0x08005a82   0x00000002   PAD
    0x08005a84   0x08005a84   0x00000068   Code   RO         2486    i.queue_Init        queue.o
    0x08005aec   0x08005aec   0x0000007c   Code   RO         2765    i.rotate_l          des.o
    0x08005b68   0x08005b68   0x0000004a   Code   RO         2316    i.sprint            debug.o
    0x08005bb2   0x08005bb2   0x00000002   PAD
    0x08005bb4   0x08005bb4   0x0000003c   Code   RO         2254    i.timer_loop        multi_timer.o
    0x08005bf0   0x08005bf0   0x00000010   Code   RO         2255    i.timer_ticks       multi_timer.o
    0x08005c00   0x08005c00   0x0000000c   Code   RO         2256    i.tm_Timer_MultiScan  multi_timer.o
    0x08005c0c   0x08005c0c   0x0000000a   Code   RO         2257    i.tm_timer_CheckFlag  multi_timer.o
    0x08005c16   0x08005c16   0x00000006   Code   RO         2258    i.tm_timer_ClearFlag  multi_timer.o
    0x08005c1c   0x08005c1c   0x00000014   Code   RO         2259    i.tm_timer_init     multi_timer.o
    0x08005c30   0x08005c30   0x0000002c   Code   RO         2260    i.tm_timer_start    multi_timer.o
    0x08005c5c   0x08005c5c   0x00000024   Code   RO         2261    i.tm_timer_stop     multi_timer.o
    0x08005c80   0x08005c80   0x00000064   Code   RO         2766    i.transpose         des.o
    0x08005ce4   0x08005ce4   0x00000068   Code   RO         4155    i.xReadCH375Data    para.o
    0x08005d4c   0x08005d4c   0x00000054   Code   RO         4157    i.xWriteCH375Cmd    para.o
    0x08005da0   0x08005da0   0x00000060   Code   RO         4158    i.xWriteCH375Data   para.o
    0x08005e00   0x08005e00   0x000000e0   Data   RO         1967    .constdata          cm_backtrace.o
    0x08005ee0   0x08005ee0   0x0000003a   Data   RO         2711    .constdata          usart.o
    0x08005f1a   0x08005f1a   0x000003b0   Data   RO         2768    .constdata          des.o
    0x080062ca   0x080062ca   0x000000a6   Data   RO         3784    .constdata          usb_desc.o
    0x08006370   0x08006370   0x000000b1   Data   RO            4    .conststring        main.o
    0x08006421   0x08006421   0x00000003   PAD
    0x08006424   0x08006424   0x0000061e   Data   RO         1968    .conststring        cm_backtrace.o
    0x08006a42   0x08006a42   0x00000002   PAD
    0x08006a44   0x08006a44   0x00000020   Data   RO         4601    Region$$Table       anon$$obj.o


    Execution Region RW_IRAM1 (Exec base: 0x20000000, Load base: 0x08006a64, Size: 0x000032c8, Max: 0x00005000, ABSOLUTE, COMPRESSED[0x000000f0])

    Exec Addr    Load Addr    Size         Type   Attr      Idx    E Section Name        Object

    0x20000000   COMPRESSED   0x00000044   Data   RW            5    .data               main.o
    0x20000044   COMPRESSED   0x00000014   Data   RW          335    .data               system_stm32f10x.o
    0x20000058   COMPRESSED   0x00000014   Data   RW          564    .data               stm32f10x_rcc.o
    0x2000006c   COMPRESSED   0x00000014   Data   RW         1969    .data               cm_backtrace.o
    0x20000080   COMPRESSED   0x00000008   Data   RW         2262    .data               multi_timer.o
    0x20000088   COMPRESSED   0x00000004   Data   RW         2356    .data               delay.o
    0x2000008c   COMPRESSED   0x00000004   Data   RW         2650    .data               timer.o
    0x20000090   COMPRESSED   0x00000029   Data   RW         2712    .data               usart.o
    0x200000b9   COMPRESSED   0x00000008   Data   RW         2769    .data               des.o
    0x200000c1   COMPRESSED   0x00000003   PAD
    0x200000c4   COMPRESSED   0x00000021   Data   RW         2806    .data               masterspi.o
    0x200000e5   COMPRESSED   0x00000001   PAD
    0x200000e6   COMPRESSED   0x00000006   Data   RW         2966    .data               spi_communicate.o
    0x200000ec   COMPRESSED   0x00000005   Data   RW         3006    .data               hid_data.o
    0x200000f1   COMPRESSED   0x00000001   PAD
    0x200000f2   COMPRESSED   0x00000003   Data   RW         3047    .data               usb_core.o
    0x200000f5   COMPRESSED   0x00000003   PAD
    0x200000f8   COMPRESSED   0x00000014   Data   RW         3149    .data               usb_init.o
    0x2000010c   COMPRESSED   0x00000004   Data   RW         3172    .data               usb_int.o
    0x20000110   COMPRESSED   0x0000001a   Data   RW         3785    .data               usb_desc.o
    0x2000012a   COMPRESSED   0x00000002   PAD
    0x2000012c   COMPRESSED   0x00000044   Data   RW         3811    .data               usb_istr.o
    0x20000170   COMPRESSED   0x0000009c   Data   RW         3849    .data               usb_prop.o
    0x2000020c   COMPRESSED   0x0000000e   Data   RW         3958    .data               usb_pwr.o
    0x2000021a   COMPRESSED   0x00000014   Data   RW         4212    .data               ch375_app.o
    0x2000022e   COMPRESSED   0x00000002   PAD
    0x20000230   COMPRESSED   0x00000004   Data   RW         4578    .data               mc_w.l(mvars.o)
    0x20000234   COMPRESSED   0x00000004   Data   RW         4579    .data               mc_w.l(mvars.o)
    0x20000238        -       0x00000010   Zero   RW            3    .bss                main.o
    0x20000248        -       0x00000134   Zero   RW         1966    .bss                cm_backtrace.o
    0x2000037c        -       0x0000001a   Zero   RW         2042    .bss                tm_stm32_gpio.o
    0x20000396   COMPRESSED   0x00000002   PAD
    0x20000398        -       0x00000a48   Zero   RW         2199    .bss                tm_que.o
    0x20000de0        -       0x00001bf8   Zero   RW         2487    .bss                queue.o
    0x200029d8        -       0x00000080   Zero   RW         2767    .bss                des.o
    0x20002a58        -       0x00000028   Zero   RW         2805    .bss                masterspi.o
    0x20002a80        -       0x0000001c   Zero   RW         3148    .bss                usb_init.o
    0x20002a9c        -       0x00000040   Zero   RW         3716    .bss                myhid_driver.o
    0x20002adc        -       0x00000040   Zero   RW         3848    .bss                usb_prop.o
    0x20002b1c        -       0x00000020   Zero   RW         3957    .bss                usb_pwr.o
    0x20002b3c        -       0x00000026   Zero   RW         4019    .bss                host_sys.o
    0x20002b62   COMPRESSED   0x00000002   PAD
    0x20002b64        -       0x00000162   Zero   RW         4211    .bss                ch375_app.o
    0x20002cc6   COMPRESSED   0x00000002   PAD
    0x20002cc8        -       0x00000200   Zero   RW          376    HEAP                startup_stm32f10x_md.o
    0x20002ec8        -       0x00000400   Zero   RW          375    STACK               startup_stm32f10x_md.o


==============================================================================

Image component sizes


      Code (inc. data)   RO Data    RW Data    ZI Data      Debug   Object Name

      2012        494          0         20        354       7496   ch375_app.o
      2240        468       1790         20        308      11098   cm_backtrace.o
        12          0          0          0          0        396   cmb_fault.o
        74          0          0          0          0       1833   debug.o
       244         26          0          4          0       2255   delay.o
       716         54        944          8        128       4778   des.o
         0          0          0          0          0        484   exti.o
       448         20          0          5          0       2668   hid_data.o
      2158        102          0          0         38      17409   host_sys.o
       322         32          0          0          0       5261   hw_config.o
       304         64        177         68         16     270085   main.o
       112         24          0         33         40       2041   masterspi.o
       172         22          0          0          0       2405   misc.o
       204         26          0          8          0       5576   multi_timer.o
       200         12          0          0         64       2925   myhid_driver.o
       584         70          0          0          0       3323   para.o
       352         42          0          0       7160       4817   queue.o
         0          0          0          6          0       1896   spi_communicate.o
        36          8        236          0       1536        908   startup_stm32f10x_md.o
        24          0          0          0          0       2024   stm32_it.o
        96         18          0          0          0       3652   stm32f10x_dma.o
        12          6          0          0          0        573   stm32f10x_exti.o
       426          6          0          0          0       3685   stm32f10x_gpio.o
        22          0          0          0          0       3510   stm32f10x_it.o
       312         44          0         20          0       5984   stm32f10x_rcc.o
       246         42          0          0          0       4006   stm32f10x_tim.o
       366          6          0          0          0       5927   stm32f10x_usart.o
       328         28          0         20          0       2341   system_stm32f10x.o
       258         32          0          4          0       1913   timer.o
       374         16          0          0       2632       5160   tm_que.o
       174          8          0          0         26       3348   tm_stm32_gpio.o
       448         64         58         41          0       6081   usart.o
      3058        288          0          3          0      15739   usb_core.o
         0          0        166         26          0       1384   usb_desc.o
        12          4          0          0          0        482   usb_endp.o
        60         24          0         20         28       4438   usb_init.o
       648         32          0          4          0       2028   usb_int.o
       460         38          0         68          0       1899   usb_istr.o
        96         10          0          0          0       2076   usb_mem.o
       694        130          0        156         64      14346   usb_prop.o
       588         66          0         14         32       4462   usb_pwr.o
       736        106          0          0          0      11491   usb_regs.o
        36          8          0          0          0        539   usb_sil.o

    ----------------------------------------------------------------------
     19706       2440       3408        560      12432     454742   Object Totals
         0          0         32          0          0          0   (incl. Generated)
        42          0          5         12          6          0   (incl. Padding)

    ----------------------------------------------------------------------

      Code (inc. data)   RO Data    RW Data    ZI Data      Debug   Library Member Name

        86          0          0          0          0          0   __dczerorl2.o
         0          0          0          0          0          0   entry.o
         0          0          0          0          0          0   entry10a.o
         0          0          0          0          0          0   entry11a.o
         8          4          0          0          0          0   entry2.o
         4          0          0          0          0          0   entry5.o
         0          0          0          0          0          0   entry7b.o
         0          0          0          0          0          0   entry8b.o
         8          4          0          0          0          0   entry9a.o
        30          0          0          0          0          0   handlers.o
        36          8          0          0          0         68   init.o
         0          0          0          0          0          0   iusefp.o
        30          0          0          0          0         68   llshl.o
        36          0          0          0          0         68   llsshr.o
        32          0          0          0          0         68   llushr.o
       188         20          0          0          0        160   malloc.o
        36          0          0          0          0         68   memcpya.o
        36          0          0          0          0        108   memseta.o
         0          0          0          8          0          0   mvars.o
      2342         90          0          0          0        668   printfa.o
        14          0          0          0          0         68   strlen.o
        24          0          0          0          0         76   strncpy.o
        44          0          0          0          0         80   uidiv.o
        98          0          0          0          0         92   uldiv.o
        48          0          0          0          0         68   cdrcmple.o
       334          0          0          0          0        148   dadd.o
       222          0          0          0          0        100   ddiv.o
       186          0          0          0          0        176   depilogue.o
        48          0          0          0          0         68   dfixul.o
       228          0          0          0          0         96   dmul.o

    ----------------------------------------------------------------------
      4122        126          0          8          0       2248   Library Totals
         4          0          0          0          0          0   (incl. Padding)

    ----------------------------------------------------------------------

      Code (inc. data)   RO Data    RW Data    ZI Data      Debug   Library Name

      3052        126          0          8          0       1592   mc_w.l
      1066          0          0          0          0        656   mf_w.l

    ----------------------------------------------------------------------
      4122        126          0          8          0       2248   Library Totals

    ----------------------------------------------------------------------

==============================================================================


      Code (inc. data)   RO Data    RW Data    ZI Data      Debug   

     23828       2566       3408        568      12432     445626   Grand Totals
     23828       2566       3408        240      12432     445626   ELF Image Totals (compressed)
     23828       2566       3408        240          0          0   ROM Totals

==============================================================================

    Total RO  Size (Code + RO Data)                27236 (  26.60kB)
    Total RW  Size (RW Data + ZI Data)             13000 (  12.70kB)
    Total ROM Size (Code + RO Data + RW Data)      27476 (  26.83kB)

==============================================================================

